Archive member included because of file (symbol)

c:/program files (x86)/atmel/studio/7.0/toolchain/arm/arm-gnu-toolchain/bin/../lib/gcc/arm-none-eabi/4.9.3/armv6-m\libgcc.a(_udivsi3.o)
                              src/ASF/sam0/drivers/system/clock/clock_samd20/gclk.o (__aeabi_uidiv)
c:/program files (x86)/atmel/studio/7.0/toolchain/arm/arm-gnu-toolchain/bin/../lib/gcc/arm-none-eabi/4.9.3/armv6-m\libgcc.a(_dvmd_tls.o)
                              c:/program files (x86)/atmel/studio/7.0/toolchain/arm/arm-gnu-toolchain/bin/../lib/gcc/arm-none-eabi/4.9.3/armv6-m\libgcc.a(_udivsi3.o) (__aeabi_idiv0)
c:/program files (x86)/atmel/studio/7.0/toolchain/arm/arm-gnu-toolchain/bin/../lib/gcc/arm-none-eabi/4.9.3/armv6-m\libgcc.a(_muldi3.o)
                              src/ASF/sam0/drivers/sercom/sercom.o (__aeabi_lmul)
c:/program files (x86)/atmel/studio/7.0/toolchain/arm/arm-gnu-toolchain/bin/../lib/gcc/arm-none-eabi/4.9.3/../../../../arm-none-eabi/lib/armv6-m\libc_nano.a(lib_a-exit.o)
                              c:/program files (x86)/atmel/studio/7.0/toolchain/arm/arm-gnu-toolchain/bin/../lib/gcc/arm-none-eabi/4.9.3/../../../../arm-none-eabi/lib/armv6-m/crt0.o (exit)
c:/program files (x86)/atmel/studio/7.0/toolchain/arm/arm-gnu-toolchain/bin/../lib/gcc/arm-none-eabi/4.9.3/../../../../arm-none-eabi/lib/armv6-m\libc_nano.a(lib_a-impure.o)
                              c:/program files (x86)/atmel/studio/7.0/toolchain/arm/arm-gnu-toolchain/bin/../lib/gcc/arm-none-eabi/4.9.3/../../../../arm-none-eabi/lib/armv6-m\libc_nano.a(lib_a-exit.o) (_global_impure_ptr)
c:/program files (x86)/atmel/studio/7.0/toolchain/arm/arm-gnu-toolchain/bin/../lib/gcc/arm-none-eabi/4.9.3/../../../../arm-none-eabi/lib/armv6-m\libc_nano.a(lib_a-init.o)
                              c:/program files (x86)/atmel/studio/7.0/toolchain/arm/arm-gnu-toolchain/bin/../lib/gcc/arm-none-eabi/4.9.3/../../../../arm-none-eabi/lib/armv6-m/crt0.o (__libc_init_array)
c:/program files (x86)/atmel/studio/7.0/toolchain/arm/arm-gnu-toolchain/bin/../lib/gcc/arm-none-eabi/4.9.3/../../../../arm-none-eabi/lib/armv6-m\libc_nano.a(lib_a-memcpy.o)
                              src/ASF/sam0/drivers/sercom/sercom_interrupt.o (memcpy)
c:/program files (x86)/atmel/studio/7.0/toolchain/arm/arm-gnu-toolchain/bin/../lib/gcc/arm-none-eabi/4.9.3/../../../../arm-none-eabi/lib/armv6-m\libc_nano.a(lib_a-memset.o)
                              c:/program files (x86)/atmel/studio/7.0/toolchain/arm/arm-gnu-toolchain/bin/../lib/gcc/arm-none-eabi/4.9.3/../../../../arm-none-eabi/lib/armv6-m/crt0.o (memset)
c:/program files (x86)/atmel/studio/7.0/toolchain/arm/arm-gnu-toolchain/bin/../lib/gcc/arm-none-eabi/4.9.3/../../../../arm-none-eabi/lib/armv6-m\libc_nano.a(lib_a-printf.o)
                              src/ASF/sam0/utils/syscalls/gcc/syscalls.o (printf)
c:/program files (x86)/atmel/studio/7.0/toolchain/arm/arm-gnu-toolchain/bin/../lib/gcc/arm-none-eabi/4.9.3/../../../../arm-none-eabi/lib/armv6-m\libc_nano.a(lib_a-findfp.o)
                              c:/program files (x86)/atmel/studio/7.0/toolchain/arm/arm-gnu-toolchain/bin/../lib/gcc/arm-none-eabi/4.9.3/../../../../arm-none-eabi/lib/armv6-m\libc_nano.a(lib_a-printf.o) (__sinit)
c:/program files (x86)/atmel/studio/7.0/toolchain/arm/arm-gnu-toolchain/bin/../lib/gcc/arm-none-eabi/4.9.3/../../../../arm-none-eabi/lib/armv6-m\libc_nano.a(lib_a-fwalk.o)
                              c:/program files (x86)/atmel/studio/7.0/toolchain/arm/arm-gnu-toolchain/bin/../lib/gcc/arm-none-eabi/4.9.3/../../../../arm-none-eabi/lib/armv6-m\libc_nano.a(lib_a-findfp.o) (_fwalk)
c:/program files (x86)/atmel/studio/7.0/toolchain/arm/arm-gnu-toolchain/bin/../lib/gcc/arm-none-eabi/4.9.3/../../../../arm-none-eabi/lib/armv6-m\libc_nano.a(lib_a-nano-mallocr.o)
                              c:/program files (x86)/atmel/studio/7.0/toolchain/arm/arm-gnu-toolchain/bin/../lib/gcc/arm-none-eabi/4.9.3/../../../../arm-none-eabi/lib/armv6-m\libc_nano.a(lib_a-findfp.o) (_malloc_r)
c:/program files (x86)/atmel/studio/7.0/toolchain/arm/arm-gnu-toolchain/bin/../lib/gcc/arm-none-eabi/4.9.3/../../../../arm-none-eabi/lib/armv6-m\libc_nano.a(lib_a-nano-vfprintf.o)
                              c:/program files (x86)/atmel/studio/7.0/toolchain/arm/arm-gnu-toolchain/bin/../lib/gcc/arm-none-eabi/4.9.3/../../../../arm-none-eabi/lib/armv6-m\libc_nano.a(lib_a-printf.o) (_vfprintf_r)
c:/program files (x86)/atmel/studio/7.0/toolchain/arm/arm-gnu-toolchain/bin/../lib/gcc/arm-none-eabi/4.9.3/../../../../arm-none-eabi/lib/armv6-m\libc_nano.a(lib_a-nano-vfprintf_i.o)
                              c:/program files (x86)/atmel/studio/7.0/toolchain/arm/arm-gnu-toolchain/bin/../lib/gcc/arm-none-eabi/4.9.3/../../../../arm-none-eabi/lib/armv6-m\libc_nano.a(lib_a-nano-vfprintf.o) (_printf_i)
c:/program files (x86)/atmel/studio/7.0/toolchain/arm/arm-gnu-toolchain/bin/../lib/gcc/arm-none-eabi/4.9.3/../../../../arm-none-eabi/lib/armv6-m\libc_nano.a(lib_a-sbrkr.o)
[...]
Memory Configuration

Name             Origin             Length             Attributes
rom              0x00000000         0x00040000         xr
ram              0x20000000         0x00008000         xrw
*default*        0x00000000         0xffffffff

Linker script and memory map

LOAD c:/program files (x86)/atmel/studio/7.0/toolchain/arm/arm-gnu-toolchain/bin/../lib/gcc/arm-none-eabi/4.9.3/armv6-m/crti.o
LOAD c:/program files (x86)/atmel/studio/7.0/toolchain/arm/arm-gnu-toolchain/bin/../lib/gcc/arm-none-eabi/4.9.3/armv6-m/crtbegin.o
LOAD c:/program files (x86)/atmel/studio/7.0/toolchain/arm/arm-gnu-toolchain/bin/../lib/gcc/arm-none-eabi/4.9.3/../../../../arm-none-eabi/lib/armv6-m/crt0.o
LOAD src/ASF/common/utils/interrupt/interrupt_sam_nvic.o
LOAD src/ASF/sam0/boards/samd20_xplained_pro/board_init.o
LOAD src/ASF/sam0/drivers/port/port.o
LOAD src/ASF/sam0/drivers/sercom/sercom.o
LOAD src/ASF/sam0/drivers/sercom/sercom_interrupt.o
LOAD src/ASF/sam0/drivers/sercom/spi/spi.o
LOAD src/ASF/sam0/drivers/sercom/spi/spi_interrupt.o
LOAD src/ASF/sam0/drivers/system/clock/clock_samd20/clock.o
LOAD src/ASF/sam0/drivers/system/clock/clock_samd20/gclk.o
LOAD src/ASF/sam0/drivers/system/interrupt/system_interrupt.o
LOAD src/ASF/sam0/drivers/system/pinmux/pinmux.o
LOAD src/ASF/sam0/drivers/system/system.o
LOAD src/ASF/sam0/drivers/tc/tc_interrupt.o
LOAD src/ASF/sam0/drivers/tc/tc_sam_d_r/tc.o
LOAD src/ASF/sam0/utils/cmsis/samd20/source/gcc/startup_samd20.o
LOAD src/ASF/sam0/utils/cmsis/samd20/source/system_samd20.o
LOAD src/ASF/sam0/utils/syscalls/gcc/syscalls.o
LOAD src/qs_tc_timer.o
START GROUP
LOAD ../src/ASF/thirdparty/CMSIS/Lib/GCC\libarm_cortexM0l_math.a
LOAD c:/program files (x86)/atmel/studio/7.0/toolchain/arm/arm-gnu-toolchain/bin/../lib/gcc/arm-none-eabi/4.9.3/../../../../arm-none-eabi/lib/armv6-m\libm.a
END GROUP
START GROUP
LOAD c:/program files (x86)/atmel/studio/7.0/toolchain/arm/arm-gnu-toolchain/bin/../lib/gcc/arm-none-eabi/4.9.3/armv6-m\libgcc.a
LOAD c:/program files (x86)/atmel/studio/7.0/toolchain/arm/arm-gnu-toolchain/bin/../lib/gcc/arm-none-eabi/4.9.3/../../../../arm-none-eabi/lib/armv6-m\libc_nano.a
END GROUP
START GROUP
LOAD c:/program files (x86)/atmel/studio/7.0/toolchain/arm/arm-gnu-toolchain/bin/../lib/gcc/arm-none-eabi/4.9.3/armv6-m\libgcc.a
LOAD c:/program files (x86)/atmel/studio/7.0/toolchain/arm/arm-gnu-toolchain/bin/../lib/gcc/arm-none-eabi/4.9.3/../../../../arm-none-eabi/lib/armv6-m\libc_nano.a
END GROUP
LOAD c:/program files (x86)/atmel/studio/7.0/toolchain/arm/arm-gnu-toolchain/bin/../lib/gcc/arm-none-eabi/4.9.3/armv6-m/crtend.o
LOAD c:/program files (x86)/atmel/studio/7.0/toolchain/arm/arm-gnu-toolchain/bin/../lib/gcc/arm-none-eabi/4.9.3/armv6-m/crtn.o
                0x00002000                STACK_SIZE = DEFINED (STACK_SIZE)?STACK_SIZE:DEFINED (__stack_size__)?__stack_size__:0x2000

.text           0x00000000     0x2f3c
                0x00000000                . = ALIGN (0x4)
                0x00000000                _sfixed = .
 *(.vectors .vectors.*)
 .vectors       0x00000000       0xa4 src/ASF/sam0/utils/cmsis/samd20/source/gcc/startup_samd20.o
                0x00000000                exception_table
 *(.text .text.* .gnu.linkonce.t.*)
 .text          0x000000a4       0x60 c:/program files (x86)/atmel/studio/7.0/toolchain/arm/arm-gnu-toolchain/bin/../lib/gcc/arm-none-eabi/4.9.3/armv6-m/crtbegin.o
 .text.cpu_irq_enter_critical
                0x00000104       0x50 src/ASF/common/utils/interrupt/interrupt_sam_nvic.o
                0x00000104                cpu_irq_enter_critical
 .text.cpu_irq_leave_critical
                0x00000154       0x3c src/ASF/common/utils/interrupt/interrupt_sam_nvic.o
                0x00000154                cpu_irq_leave_critical
 .text.system_pinmux_get_group_from_gpio_pin
                0x00000190       0x60 src/ASF/sam0/boards/samd20_xplained_pro/board_init.o
 .text.port_get_group_from_gpio_pin
                0x000001f0       0x24 src/ASF/sam0/boards/samd20_xplained_pro/board_init.o
 .text.port_get_config_defaults
                0x00000214       0x20 src/ASF/sam0/boards/samd20_xplained_pro/board_init.o
 .text.port_pin_set_output_level
                0x00000234       0x50 src/ASF/sam0/boards/samd20_xplained_pro/board_init.o
 .text.system_board_init
                0x00000284       0x50 src/ASF/sam0/boards/samd20_xplained_pro/board_init.o
                0x00000284                board_init
                0x00000284                system_board_init
 .text.system_pinmux_get_config_defaults
                0x000002d4       0x28 src/ASF/sam0/drivers/port/port.o
 .text.port_pin_set_config
                0x000002fc       0x5c src/ASF/sam0/drivers/port/port.o
                0x000002fc                port_pin_set_config
 .text.system_gclk_chan_get_config_defaults
                0x00000358       0x14 src/ASF/sam0/drivers/sercom/sercom.o
 .text._sercom_get_sync_baud_val
                0x0000036c       0x7c src/ASF/sam0/drivers/sercom/sercom.o
                0x0000036c                _sercom_get_sync_baud_val
 .text.sercom_set_gclk_generator
                0x000003e8       0x8c src/ASF/sam0/drivers/sercom/sercom.o
                0x000003e8                sercom_set_gclk_generator
 .text._sercom_get_default_pad
                0x00000474      0x1bc src/ASF/sam0/drivers/sercom/sercom.o
                0x00000474                _sercom_get_default_pad
 .text._sercom_get_sercom_inst_index
                0x00000630       0x4c src/ASF/sam0/drivers/sercom/sercom.o
                0x00000630                _sercom_get_sercom_inst_index
 .text._sercom_default_handler
                0x0000067c       0x14 src/ASF/sam0/drivers/sercom/sercom_interrupt.o
 .text._sercom_set_handler
                0x00000690       0x6c src/ASF/sam0/drivers/sercom/sercom_interrupt.o
                0x00000690                _sercom_set_handler
 .text._sercom_get_interrupt_vector
                0x000006fc       0x54 src/ASF/sam0/drivers/sercom/sercom_interrupt.o
                0x000006fc                _sercom_get_interrupt_vector
 .text.SERCOM0_Handler
                0x00000750       0x14 src/ASF/sam0/drivers/sercom/sercom_interrupt.o
                0x00000750                SERCOM0_Handler
 .text.SERCOM1_Handler
                0x00000764       0x14 src/ASF/sam0/drivers/sercom/sercom_interrupt.o
                0x00000764                SERCOM1_Handler
 .text.SERCOM2_Handler
                0x00000778       0x14 src/ASF/sam0/drivers/sercom/sercom_interrupt.o
                0x00000778                SERCOM2_Handler
 .text.SERCOM3_Handler
                0x0000078c       0x14 src/ASF/sam0/drivers/sercom/sercom_interrupt.o
                0x0000078c                SERCOM3_Handler
 .text.SERCOM4_Handler
                0x000007a0       0x14 src/ASF/sam0/drivers/sercom/sercom_interrupt.o
                0x000007a0                SERCOM4_Handler
 .text.SERCOM5_Handler
                0x000007b4       0x14 src/ASF/sam0/drivers/sercom/sercom_interrupt.o
                0x000007b4                SERCOM5_Handler
 .text.system_pinmux_get_config_defaults
                0x000007c8       0x28 src/ASF/sam0/drivers/sercom/spi/spi.o
 .text.system_gclk_chan_get_config_defaults
                0x000007f0       0x14 src/ASF/sam0/drivers/sercom/spi/spi.o
 .text.system_apb_clock_set_mask
                0x00000804       0x5c src/ASF/sam0/drivers/sercom/spi/spi.o
 .text.system_is_debugger_present
                0x00000860       0x20 src/ASF/sam0/drivers/sercom/spi/spi.o
 .text._spi_set_config
                0x00000880      0x224 src/ASF/sam0/drivers/sercom/spi/spi.o
 .text.spi_init
                0x00000aa4      0x1a4 src/ASF/sam0/drivers/sercom/spi/spi.o
                0x00000aa4                spi_init
 .text._spi_transceive_buffer
                0x00000c48       0x64 src/ASF/sam0/drivers/sercom/spi/spi_interrupt.o
 .text.spi_register_callback
                0x00000cac       0x48 src/ASF/sam0/drivers/sercom/spi/spi_interrupt.o
                0x00000cac                spi_register_callback
 .text.spi_transceive_buffer_job
                0x00000cf4       0x5c src/ASF/sam0/drivers/sercom/spi/spi_interrupt.o
                0x00000cf4                spi_transceive_buffer_job
 .text._spi_write
                0x00000d50       0x78 src/ASF/sam0/drivers/sercom/spi/spi_interrupt.o
 .text._spi_write_dummy
                0x00000dc8       0x30 src/ASF/sam0/drivers/sercom/spi/spi_interrupt.o
 .text._spi_read_dummy
                0x00000df8       0x34 src/ASF/sam0/drivers/sercom/spi/spi_interrupt.o
 .text._spi_read
                0x00000e2c       0x70 src/ASF/sam0/drivers/sercom/spi/spi_interrupt.o
 .text._spi_interrupt_handler
                0x00000e9c      0x2b0 src/ASF/sam0/drivers/sercom/spi/spi_interrupt.o
                0x00000e9c                _spi_interrupt_handler
 .text.system_gclk_gen_get_config_defaults
                0x0000114c       0x2c src/ASF/sam0/drivers/system/clock/clock_samd20/clock.o
 .text.system_clock_source_xosc32k_get_config_defaults
                0x00001178       0x48 src/ASF/sam0/drivers/system/clock/clock_samd20/clock.o
 .text.system_clock_source_osc8m_get_config_defaults
                0x000011c0       0x20 src/ASF/sam0/drivers/system/clock/clock_samd20/clock.o
 .text.system_cpu_clock_set_divider
                0x000011e0       0x20 src/ASF/sam0/drivers/system/clock/clock_samd20/clock.o
 .text.system_apb_clock_set_divider
                0x00001200       0x54 src/ASF/sam0/drivers/system/clock/clock_samd20/clock.o
 .text.system_flash_set_waitstates
                0x00001254       0x34 src/ASF/sam0/drivers/system/clock/clock_samd20/clock.o
 .text._system_dfll_wait_for_sync
                0x00001288       0x18 src/ASF/sam0/drivers/system/clock/clock_samd20/clock.o
 .text._system_clock_source_dfll_set_config_errata_9905
                0x000012a0       0x44 src/ASF/sam0/drivers/system/clock/clock_samd20/clock.o
 .text.system_clock_source_get_hz
                0x000012e4       0xa8 src/ASF/sam0/drivers/system/clock/clock_samd20/clock.o
                0x000012e4                system_clock_source_get_hz
 .text.system_clock_source_osc8m_set_config
                0x0000138c       0x78 src/ASF/sam0/drivers/system/clock/clock_samd20/clock.o
                0x0000138c                system_clock_source_osc8m_set_config
 .text.system_clock_source_xosc32k_set_config
                0x00001404      0x11c src/ASF/sam0/drivers/system/clock/clock_samd20/clock.o
                0x00001404                system_clock_source_xosc32k_set_config
 .text.system_clock_source_enable
                0x00001520       0x94 src/ASF/sam0/drivers/system/clock/clock_samd20/clock.o
                0x00001520                system_clock_source_enable
 .text.system_clock_source_is_ready
                0x000015b4       0x6c src/ASF/sam0/drivers/system/clock/clock_samd20/clock.o
                0x000015b4                system_clock_source_is_ready
 .text._switch_peripheral_gclk
                0x00001620       0x38 src/ASF/sam0/drivers/system/clock/clock_samd20/clock.o
 .text.system_clock_init
                0x00001658      0x198 src/ASF/sam0/drivers/system/clock/clock_samd20/clock.o
                0x00001658                system_clock_init
 .text.system_apb_clock_set_mask
                0x000017f0       0x5c src/ASF/sam0/drivers/system/clock/clock_samd20/gclk.o
 .text.system_interrupt_enter_critical_section
                0x0000184c       0x10 src/ASF/sam0/drivers/system/clock/clock_samd20/gclk.o
 .text.system_interrupt_leave_critical_section
                0x0000185c       0x10 src/ASF/sam0/drivers/system/clock/clock_samd20/gclk.o
 .text.system_gclk_is_syncing
                0x0000186c       0x24 src/ASF/sam0/drivers/system/clock/clock_samd20/gclk.o
 .text.system_gclk_init
                0x00001890       0x30 src/ASF/sam0/drivers/system/clock/clock_samd20/gclk.o
                0x00001890                system_gclk_init
 .text.system_gclk_gen_set_config
                0x000018c0      0x120 src/ASF/sam0/drivers/system/clock/clock_samd20/gclk.o
                0x000018c0                system_gclk_gen_set_config
 .text.system_gclk_gen_enable
                0x000019e0       0x58 src/ASF/sam0/drivers/system/clock/clock_samd20/gclk.o
                0x000019e0                system_gclk_gen_enable
 .text.system_gclk_gen_get_hz
                0x00001a38       0xe8 src/ASF/sam0/drivers/system/clock/clock_samd20/gclk.o
                0x00001a38                system_gclk_gen_get_hz
 .text.system_gclk_chan_set_config
                0x00001b20       0x44 src/ASF/sam0/drivers/system/clock/clock_samd20/gclk.o
                0x00001b20                system_gclk_chan_set_config
 .text.system_gclk_chan_enable
                0x00001b64       0x44 src/ASF/sam0/drivers/system/clock/clock_samd20/gclk.o
                0x00001b64                system_gclk_chan_enable
 .text.system_gclk_chan_disable
                0x00001ba8       0x9c src/ASF/sam0/drivers/system/clock/clock_samd20/gclk.o
                0x00001ba8                system_gclk_chan_disable
 .text.system_gclk_chan_get_hz
                0x00001c44       0x5c src/ASF/sam0/drivers/system/clock/clock_samd20/gclk.o
                0x00001c44                system_gclk_chan_get_hz
 .text.system_pinmux_get_group_from_gpio_pin
                0x00001ca0       0x60 src/ASF/sam0/drivers/system/pinmux/pinmux.o
 .text._system_pinmux_config
                0x00001d00      0x10c src/ASF/sam0/drivers/system/pinmux/pinmux.o
 .text.system_pinmux_pin_set_config
                0x00001e0c       0x4c src/ASF/sam0/drivers/system/pinmux/pinmux.o
                0x00001e0c                system_pinmux_pin_set_config
 .text._system_dummy_init
                0x00001e58        0xc src/ASF/sam0/drivers/system/system.o
                0x00001e58                _system_extint_init
                0x00001e58                _system_events_init
                0x00001e58                _system_dummy_init
                0x00001e58                _system_divas_init
 .text.system_init
                0x00001e64       0x30 src/ASF/sam0/drivers/system/system.o
                0x00001e64                system_init
 .text.tc_register_callback
                0x00001e94       0x74 src/ASF/sam0/drivers/tc/tc_interrupt.o
                0x00001e94                tc_register_callback
 .text.TC0_Handler
                0x00001f08       0x14 src/ASF/sam0/drivers/tc/tc_interrupt.o
                0x00001f08                TC0_Handler
 .text.TC1_Handler
                0x00001f1c       0x14 src/ASF/sam0/drivers/tc/tc_interrupt.o
                0x00001f1c                TC1_Handler
 .text.TC2_Handler
                0x00001f30       0x14 src/ASF/sam0/drivers/tc/tc_interrupt.o
                0x00001f30                TC2_Handler
 .text.TC3_Handler
                0x00001f44       0x14 src/ASF/sam0/drivers/tc/tc_interrupt.o
                0x00001f44                TC3_Handler
 .text.TC4_Handler
                0x00001f58       0x14 src/ASF/sam0/drivers/tc/tc_interrupt.o
                0x00001f58                TC4_Handler
 .text.TC5_Handler
                0x00001f6c       0x14 src/ASF/sam0/drivers/tc/tc_interrupt.o
                0x00001f6c                TC5_Handler
 .text.TC6_Handler
                0x00001f80       0x14 src/ASF/sam0/drivers/tc/tc_interrupt.o
                0x00001f80                TC6_Handler
 .text.TC7_Handler
                0x00001f94       0x14 src/ASF/sam0/drivers/tc/tc_interrupt.o
                0x00001f94                TC7_Handler
 .text._tc_interrupt_handler
                0x00001fa8       0xb8 src/ASF/sam0/drivers/tc/tc_interrupt.o
                0x00001fa8                _tc_interrupt_handler
 .text.system_gclk_chan_get_config_defaults
                0x00002060       0x14 src/ASF/sam0/drivers/tc/tc_sam_d_r/tc.o
 .text.system_apb_clock_set_mask
                0x00002074       0x5c src/ASF/sam0/drivers/tc/tc_sam_d_r/tc.o
 .text.system_pinmux_get_config_defaults
                0x000020d0       0x28 src/ASF/sam0/drivers/tc/tc_sam_d_r/tc.o
 .text.tc_is_syncing
                0x000020f8       0x28 src/ASF/sam0/drivers/tc/tc_sam_d_r/tc.o
 .text._tc_get_inst_index
                0x00002120       0x50 src/ASF/sam0/drivers/tc/tc_sam_d_r/tc.o
                0x00002120                _tc_get_inst_index
 .text.tc_init  0x00002170      0x460 src/ASF/sam0/drivers/tc/tc_sam_d_r/tc.o
                0x00002170                tc_init
 .text.Reset_Handler
                0x000025d0       0x94 src/ASF/sam0/utils/cmsis/samd20/source/gcc/startup_samd20.o
                0x000025d0                Reset_Handler
 .text.Dummy_Handler
                0x00002664        0x8 src/ASF/sam0/utils/cmsis/samd20/source/gcc/startup_samd20.o
                0x00002664                HardFault_Handler
                0x00002664                AC_Handler
                0x00002664                SysTick_Handler
                0x00002664                PendSV_Handler
                0x00002664                NMI_Handler
                0x00002664                ADC_Handler
                0x00002664                RTC_Handler
                0x00002664                EIC_Handler
                0x00002664                WDT_Handler
                0x00002664                Dummy_Handler
                0x00002664                PM_Handler
                0x00002664                SVC_Handler
                0x00002664                EVSYS_Handler
                0x00002664                NVMCTRL_Handler
                0x00002664                DAC_Handler
                0x00002664                PTC_Handler
                0x00002664                SYSCTRL_Handler
 .text.system_pinmux_get_group_from_gpio_pin
                0x0000266c       0x60 src/qs_tc_timer.o
 .text.port_get_group_from_gpio_pin
                0x000026cc       0x24 src/qs_tc_timer.o
 .text.port_pin_toggle_output_level
                0x000026f0       0x3c src/qs_tc_timer.o
 .text.system_interrupt_enable_global
                0x0000272c       0x18 src/qs_tc_timer.o
 .text.system_interrupt_enable
                0x00002744       0x2c src/qs_tc_timer.o
 .text.spi_is_syncing
                0x00002770       0x2c src/qs_tc_timer.o
 .text.spi_get_config_defaults
                0x0000279c       0x78 src/qs_tc_timer.o
 .text.spi_enable
                0x00002814       0x4c src/qs_tc_timer.o
 .text.spi_enable_callback
                0x00002860       0x38 src/qs_tc_timer.o
 .text.tc_is_syncing
                0x00002898       0x28 src/qs_tc_timer.o
 .text.tc_get_config_defaults
                0x000028c0       0x88 src/qs_tc_timer.o
 .text.tc_enable
                0x00002948       0x38 src/qs_tc_timer.o
 .text._tc_interrupt_get_interrupt_vector
                0x00002980       0x20 src/qs_tc_timer.o
 .text.tc_enable_callback
                0x000029a0       0xac src/qs_tc_timer.o
 .text.spi_slave_callback
                0x00002a4c       0x18 src/qs_tc_timer.o
 .text.configure_spi_slave_callbacks
                0x00002a64       0x30 src/qs_tc_timer.o
                0x00002a64                configure_spi_slave_callbacks
 .text.configure_spi_slave
                0x00002a94       0x80 src/qs_tc_timer.o
                0x00002a94                configure_spi_slave
 .text.tc_callback_to_toggle_led
                0x00002b14       0x18 src/qs_tc_timer.o
                0x00002b14                tc_callback_to_toggle_led
 .text.configure_tc
                0x00002b2c       0x6c src/qs_tc_timer.o
                0x00002b2c                configure_tc
 .text.configure_tc_callbacks
                0x00002b98       0x30 src/qs_tc_timer.o
                0x00002b98                configure_tc_callbacks
 .text.main     0x00002bc8      0x108 src/qs_tc_timer.o
                0x00002bc8                main
 .text          0x00002cd0      0x120 c:/program files (x86)/atmel/studio/7.0/toolchain/arm/arm-gnu-toolchain/bin/../lib/gcc/arm-none-eabi/4.9.3/armv6-m\libgcc.a(_udivsi3.o)
                0x00002cd0                __aeabi_uidiv
                0x00002cd0                __udivsi3
                0x00002ddc                __aeabi_uidivmod
 .text          0x00002df0        0x4 c:/program files (x86)/atmel/studio/7.0/toolchain/arm/arm-gnu-toolchain/bin/../lib/gcc/arm-none-eabi/4.9.3/armv6-m\libgcc.a(_dvmd_tls.o)
                0x00002df0                __aeabi_idiv0
                0x00002df0                __aeabi_ldiv0
 .text.__libc_init_array
                0x00002df4       0x4c c:/program files (x86)/atmel/studio/7.0/toolchain/arm/arm-gnu-toolchain/bin/../lib/gcc/arm-none-eabi/4.9.3/../../../../arm-none-eabi/lib/armv6-m\libc_nano.a(lib_a-init.o)
                0x00002df4                __libc_init_array
 .text.memcpy   0x00002e40       0x12 c:/program files (x86)/atmel/studio/7.0/toolchain/arm/arm-gnu-toolchain/bin/../lib/gcc/arm-none-eabi/4.9.3/../../../../arm-none-eabi/lib/armv6-m\libc_nano.a(lib_a-memcpy.o)
                0x00002e40                memcpy
 .text.memset   0x00002e52       0x10 c:/program files (x86)/atmel/studio/7.0/toolchain/arm/arm-gnu-toolchain/bin/../lib/gcc/arm-none-eabi/4.9.3/../../../../arm-none-eabi/lib/armv6-m\libc_nano.a(lib_a-memset.o)
                0x00002e52                memset
 *(.glue_7t)
 .glue_7t       0x00000000        0x0 linker stubs
 *(.glue_7)
 .glue_7        0x00000000        0x0 linker stubs
 *(.rodata .rodata* .gnu.linkonce.r.*)
 *fill*         0x00002e62        0x2 
 .rodata        0x00002e64       0x18 src/ASF/sam0/drivers/sercom/sercom.o
 .rodata        0x00002e7c        0x6 src/ASF/sam0/drivers/sercom/sercom_interrupt.o
 *fill*         0x00002e82        0x2 
 .rodata.system_clock_source_get_hz
                0x00002e84       0x20 src/ASF/sam0/drivers/system/clock/clock_samd20/clock.o
 .rodata.system_clock_source_enable
                0x00002ea4       0x20 src/ASF/sam0/drivers/system/clock/clock_samd20/clock.o
 .rodata.system_clock_source_is_ready
                0x00002ec4       0x20 src/ASF/sam0/drivers/system/clock/clock_samd20/clock.o
 .rodata        0x00002ee4       0x38 src/ASF/sam0/drivers/tc/tc_sam_d_r/tc.o
 *(.ARM.extab* .gnu.linkonce.armextab.*)
                0x00002f1c                . = ALIGN (0x4)
 *(.init)
 .init          0x00002f1c        0x4 c:/program files (x86)/atmel/studio/7.0/toolchain/arm/arm-gnu-toolchain/bin/../lib/gcc/arm-none-eabi/4.9.3/armv6-m/crti.o
                0x00002f1c                _init
 .init          0x00002f20        0x8 c:/program files (x86)/atmel/studio/7.0/toolchain/arm/arm-gnu-toolchain/bin/../lib/gcc/arm-none-eabi/4.9.3/armv6-m/crtn.o
                0x00002f28                . = ALIGN (0x4)
                0x00002f28                __preinit_array_start = .
 *(.preinit_array)
                0x00002f28                __preinit_array_end = .
                0x00002f28                . = ALIGN (0x4)
                0x00002f28                __init_array_start = .
 *(SORT(.init_array.*))
 *(.init_array)
 .init_array    0x00002f28        0x4 c:/program files (x86)/atmel/studio/7.0/toolchain/arm/arm-gnu-toolchain/bin/../lib/gcc/arm-none-eabi/4.9.3/armv6-m/crtbegin.o
                0x00002f2c                __init_array_end = .
                0x00002f2c                . = ALIGN (0x4)
 *crtbegin.o(.ctors)
 *(EXCLUDE_FILE(*crtend.o) .ctors)
 *(SORT(.ctors.*))
 *crtend.o(.ctors)
                0x00002f2c                . = ALIGN (0x4)
 *(.fini)
 .fini          0x00002f2c        0x4 c:/program files (x86)/atmel/studio/7.0/toolchain/arm/arm-gnu-toolchain/bin/../lib/gcc/arm-none-eabi/4.9.3/armv6-m/crti.o
                0x00002f2c                _fini
 .fini          0x00002f30        0x8 c:/program files (x86)/atmel/studio/7.0/toolchain/arm/arm-gnu-toolchain/bin/../lib/gcc/arm-none-eabi/4.9.3/armv6-m/crtn.o
                0x00002f38                . = ALIGN (0x4)
                0x00002f38                __fini_array_start = .
 *(.fini_array)
 .fini_array    0x00002f38        0x4 c:/program files (x86)/atmel/studio/7.0/toolchain/arm/arm-gnu-toolchain/bin/../lib/gcc/arm-none-eabi/4.9.3/armv6-m/crtbegin.o
 *(SORT(.fini_array.*))
                0x00002f3c                __fini_array_end = .
 *crtbegin.o(.dtors)
 *(EXCLUDE_FILE(*crtend.o) .dtors)
 *(SORT(.dtors.*))
 *crtend.o(.dtors)
                0x00002f3c                . = ALIGN (0x4)
                0x00002f3c                _efixed = .
                0x00002f3c                PROVIDE (__exidx_start, .)

.vfp11_veneer   0x00002f3c        0x0
 .vfp11_veneer  0x00000000        0x0 linker stubs

.v4_bx          0x00002f3c        0x0
 .v4_bx         0x00000000        0x0 linker stubs

.iplt           0x00002f3c        0x0
 .iplt          0x00000000        0x0 c:/program files (x86)/atmel/studio/7.0/toolchain/arm/arm-gnu-toolchain/bin/../lib/gcc/arm-none-eabi/4.9.3/armv6-m/crtbegin.o

.eh_frame       0x00002f3c        0x0
 .eh_frame      0x00002f3c        0x0 c:/program files (x86)/atmel/studio/7.0/toolchain/arm/arm-gnu-toolchain/bin/../lib/gcc/arm-none-eabi/4.9.3/armv6-m/crtbegin.o

.rel.dyn        0x00002f3c        0x0
 .rel.iplt      0x00000000        0x0 c:/program files (x86)/atmel/studio/7.0/toolchain/arm/arm-gnu-toolchain/bin/../lib/gcc/arm-none-eabi/4.9.3/armv6-m/crtbegin.o

.jcr            0x00002f3c        0x0
 .jcr           0x00002f3c        0x0 c:/program files (x86)/atmel/studio/7.0/toolchain/arm/arm-gnu-toolchain/bin/../lib/gcc/arm-none-eabi/4.9.3/armv6-m/crtbegin.o

.igot.plt       0x00002f3c        0x0
 .igot.plt      0x00000000        0x0 c:/program files (x86)/atmel/studio/7.0/toolchain/arm/arm-gnu-toolchain/bin/../lib/gcc/arm-none-eabi/4.9.3/armv6-m/crtbegin.o

.ARM.exidx
 *(.ARM.exidx* .gnu.linkonce.armexidx.*)
                0x00002f3c                PROVIDE (__exidx_end, .)
                0x00002f3c                . = ALIGN (0x4)
                0x00002f3c                _etext = .

.relocate       0x20000000       0x34 load address 0x00002f3c
                0x20000000                . = ALIGN (0x4)
                0x20000000                _srelocate = .
 *(.ramfunc .ramfunc.*)
 *(.data .data.*)
 .data.g_interrupt_enabled
                0x20000000        0x1 src/ASF/common/utils/interrupt/interrupt_sam_nvic.o
                0x20000000                g_interrupt_enabled
 *fill*         0x20000001        0x3 
 .data.buffer_expect
                0x20000004       0x14 src/qs_tc_timer.o
 .data.buffer_tx
                0x20000018       0x14 src/qs_tc_timer.o
 .data.tc_interrupt_vectors.10278
                0x2000002c        0x8 src/qs_tc_timer.o
                0x20000034                . = ALIGN (0x4)
                0x20000034                _erelocate = .

.bss            0x20000034       0xf8 load address 0x00002f70
                0x20000034                . = ALIGN (0x4)
                0x20000034                _sbss = .
                0x20000034                _szero = .
 *(.bss .bss.*)
 .bss           0x20000034       0x1c c:/program files (x86)/atmel/studio/7.0/toolchain/arm/arm-gnu-toolchain/bin/../lib/gcc/arm-none-eabi/4.9.3/armv6-m/crtbegin.o
 .bss.cpu_irq_critical_section_counter
                0x20000050        0x4 src/ASF/common/utils/interrupt/interrupt_sam_nvic.o
 .bss.cpu_irq_prev_interrupt_state
                0x20000054        0x1 src/ASF/common/utils/interrupt/interrupt_sam_nvic.o
 *fill*         0x20000055        0x3 
 .bss._sercom_config
                0x20000058        0x2 src/ASF/sam0/drivers/sercom/sercom.o
 .bss._handler_table_initialized
                0x2000005a        0x1 src/ASF/sam0/drivers/sercom/sercom_interrupt.o
 *fill*         0x2000005b        0x1 
 .bss._sercom_interrupt_handlers
                0x2000005c       0x18 src/ASF/sam0/drivers/sercom/sercom_interrupt.o
 .bss._system_clock_inst
                0x20000074       0x14 src/ASF/sam0/drivers/system/clock/clock_samd20/clock.o
 .bss.buffer_rx
                0x20000088       0x14 src/qs_tc_timer.o
 .bss.transfer_complete_spi_slave
                0x2000009c        0x1 src/qs_tc_timer.o
                0x2000009c                transfer_complete_spi_slave
 *(COMMON)
 *fill*         0x2000009d        0x3 
 COMMON         0x200000a0       0x18 src/ASF/sam0/drivers/sercom/sercom_interrupt.o
                0x200000a0                _sercom_instances
 COMMON         0x200000b8        0x2 src/ASF/sam0/drivers/sercom/spi/spi_interrupt.o
                0x200000b8                dummy_write
 *fill*         0x200000ba        0x2 
 COMMON         0x200000bc       0x20 src/ASF/sam0/drivers/tc/tc_interrupt.o
                0x200000bc                _tc_instances
 COMMON         0x200000dc       0x50 src/qs_tc_timer.o
                0x200000dc                spi_slave_instance
                0x20000110                tc_instance
                0x2000012c                . = ALIGN (0x4)
                0x2000012c                _ebss = .
                0x2000012c                _ezero = .

.stack          0x2000012c     0x2004 load address 0x00003068
                0x20000130                . = ALIGN (0x8)
 *fill*         0x2000012c        0x4 
                0x20000130                _sstack = .
                0x20002130                . = (. + STACK_SIZE)
 *fill*         0x20000130     0x2000 
                0x20002130                . = ALIGN (0x8)
                0x20002130                _estack = .
                0x20002130                . = ALIGN (0x4)
                0x20002130                _end = .
OUTPUT(TC_QUICK_START_TIMER2.elf elf32-littlearm)

.ARM.attributes
                0x00000000       0x28
 .ARM.attributes
                0x00000000       0x1e c:/program files (x86)/atmel/studio/7.0/toolchain/arm/arm-gnu-toolchain/bin/../lib/gcc/arm-none-eabi/4.9.3/armv6-m/crti.o
 .ARM.attributes
                0x0000001e       0x2c c:/program files (x86)/atmel/studio/7.0/toolchain/arm/arm-gnu-toolchain/bin/../lib/gcc/arm-none-eabi/4.9.3/armv6-m/crtbegin.o
 .ARM.attributes
                0x0000004a       0x32 src/ASF/common/utils/interrupt/interrupt_sam_nvic.o
 .ARM.attributes
                0x0000007c       0x32 src/ASF/sam0/boards/samd20_xplained_pro/board_init.o
 .ARM.attributes
                0x000000ae       0x32 src/ASF/sam0/drivers/port/port.o
 .ARM.attributes
                0x000000e0       0x32 src/ASF/sam0/drivers/sercom/sercom.o
 .ARM.attributes
                0x00000112       0x32 src/ASF/sam0/drivers/sercom/sercom_interrupt.o
 .ARM.attributes
                0x00000144       0x32 src/ASF/sam0/drivers/sercom/spi/spi.o
 .ARM.attributes
                0x00000176       0x32 src/ASF/sam0/drivers/sercom/spi/spi_interrupt.o
 .ARM.attributes
                0x000001a8       0x32 src/ASF/sam0/drivers/system/clock/clock_samd20/clock.o
 .ARM.attributes
                0x000001da       0x32 src/ASF/sam0/drivers/system/clock/clock_samd20/gclk.o
 .ARM.attributes
                0x0000020c       0x32 src/ASF/sam0/drivers/system/pinmux/pinmux.o
 .ARM.attributes
                0x0000023e       0x32 src/ASF/sam0/drivers/system/system.o
 .ARM.attributes
                0x00000270       0x32 src/ASF/sam0/drivers/tc/tc_interrupt.o
 .ARM.attributes
                0x000002a2       0x32 src/ASF/sam0/drivers/tc/tc_sam_d_r/tc.o
 .ARM.attributes
                0x000002d4       0x32 src/ASF/sam0/utils/cmsis/samd20/source/gcc/startup_samd20.o
 .ARM.attributes
                0x00000306       0x32 src/qs_tc_timer.o
 .ARM.attributes
                0x00000338       0x1e c:/program files (x86)/atmel/studio/7.0/toolchain/arm/arm-gnu-toolchain/bin/../lib/gcc/arm-none-eabi/4.9.3/armv6-m\libgcc.a(_udivsi3.o)
 .ARM.attributes
                0x00000356       0x1e c:/program files (x86)/atmel/studio/7.0/toolchain/arm/arm-gnu-toolchain/bin/../lib/gcc/arm-none-eabi/4.9.3/armv6-m\libgcc.a(_dvmd_tls.o)
 .ARM.attributes
                0x00000374       0x2c c:/program files (x86)/atmel/studio/7.0/toolchain/arm/arm-gnu-toolchain/bin/../lib/gcc/arm-none-eabi/4.9.3/../../../../arm-none-eabi/lib/armv6-m\libc_nano.a(lib_a-init.o)
 .ARM.attributes
                0x000003a0       0x2c c:/program files (x86)/atmel/studio/7.0/toolchain/arm/arm-gnu-toolchain/bin/../lib/gcc/arm-none-eabi/4.9.3/../../../../arm-none-eabi/lib/armv6-m\libc_nano.a(lib_a-memcpy.o)
 .ARM.attributes
                0x000003cc       0x2c c:/program files (x86)/atmel/studio/7.0/toolchain/arm/arm-gnu-toolchain/bin/../lib/gcc/arm-none-eabi/4.9.3/../../../../arm-none-eabi/lib/armv6-m\libc_nano.a(lib_a-memset.o)
 .ARM.attributes
                0x000003f8       0x1e c:/program files (x86)/atmel/studio/7.0/toolchain/arm/arm-gnu-toolchain/bin/../lib/gcc/arm-none-eabi/4.9.3/armv6-m/crtn.o

.comment        0x00000000       0x5b
 .comment       0x00000000       0x5b src/ASF/common/utils/interrupt/interrupt_sam_nvic.o
                                 0x5c (size before relaxing)
 .comment       0x00000000       0x5c src/ASF/sam0/boards/samd20_xplained_pro/board_init.o
 .comment       0x00000000       0x5c src/ASF/sam0/drivers/port/port.o
 .comment       0x00000000       0x5c src/ASF/sam0/drivers/sercom/sercom.o
 .comment       0x00000000       0x5c src/ASF/sam0/drivers/sercom/sercom_interrupt.o
 .comment       0x00000000       0x5c src/ASF/sam0/drivers/sercom/spi/spi.o
 .comment       0x00000000       0x5c src/ASF/sam0/drivers/sercom/spi/spi_interrupt.o
 .comment       0x00000000       0x5c src/ASF/sam0/drivers/system/clock/clock_samd20/clock.o
 .comment       0x00000000       0x5c src/ASF/sam0/drivers/system/clock/clock_samd20/gclk.o
 .comment       0x00000000       0x5c src/ASF/sam0/drivers/system/pinmux/pinmux.o
 .comment       0x00000000       0x5c src/ASF/sam0/drivers/system/system.o
 .comment       0x00000000       0x5c src/ASF/sam0/drivers/tc/tc_interrupt.o
 .comment       0x00000000       0x5c src/ASF/sam0/drivers/tc/tc_sam_d_r/tc.o
 .comment       0x00000000       0x5c src/ASF/sam0/utils/cmsis/samd20/source/gcc/startup_samd20.o
 .comment       0x00000000       0x5c src/qs_tc_timer.o

.debug_info     0x00000000    0x17814
 .debug_info    0x00000000      0x1ed src/ASF/common/utils/interrupt/interrupt_sam_nvic.o
 .debug_info    0x000001ed      0x93c src/ASF/sam0/boards/samd20_xplained_pro/board_init.o
 .debug_info    0x00000b29      0x912 src/ASF/sam0/drivers/port/port.o
 .debug_info    0x0000143b     0x1cf0 src/ASF/sam0/drivers/sercom/sercom.o
 .debug_info    0x0000312b     0x1aee src/ASF/sam0/drivers/sercom/sercom_interrupt.o
 .debug_info    0x00004c19     0x444b src/ASF/sam0/drivers/sercom/spi/spi.o
 .debug_info    0x00009064     0x1fc3 src/ASF/sam0/drivers/sercom/spi/spi_interrupt.o
 .debug_info    0x0000b027     0x31d6 src/ASF/sam0/drivers/system/clock/clock_samd20/clock.o
 .debug_info    0x0000e1fd     0x117d src/ASF/sam0/drivers/system/clock/clock_samd20/gclk.o
 .debug_info    0x0000f37a      0x9f7 src/ASF/sam0/drivers/system/pinmux/pinmux.o
 .debug_info    0x0000fd71      0x13f src/ASF/sam0/drivers/system/system.o
 .debug_info    0x0000feb0     0x132f src/ASF/sam0/drivers/tc/tc_interrupt.o
 .debug_info    0x000111df     0x2133 src/ASF/sam0/drivers/tc/tc_sam_d_r/tc.o
 .debug_info    0x00013312      0x988 src/ASF/sam0/utils/cmsis/samd20/source/gcc/startup_samd20.o
 .debug_info    0x00013c9a     0x3b7a src/qs_tc_timer.o

.debug_abbrev   0x00000000     0x222d
 .debug_abbrev  0x00000000       0xf6 src/ASF/common/utils/interrupt/interrupt_sam_nvic.o
 .debug_abbrev  0x000000f6      0x20d src/ASF/sam0/boards/samd20_xplained_pro/board_init.o
 .debug_abbrev  0x00000303      0x1b4 src/ASF/sam0/drivers/port/port.o
 .debug_abbrev  0x000004b7      0x269 src/ASF/sam0/drivers/sercom/sercom.o
 .debug_abbrev  0x00000720      0x208 src/ASF/sam0/drivers/sercom/sercom_interrupt.o
 .debug_abbrev  0x00000928      0x35b src/ASF/sam0/drivers/sercom/spi/spi.o
 .debug_abbrev  0x00000c83      0x287 src/ASF/sam0/drivers/sercom/spi/spi_interrupt.o
 .debug_abbrev  0x00000f0a      0x37f src/ASF/sam0/drivers/system/clock/clock_samd20/clock.o
 .debug_abbrev  0x00001289      0x28a src/ASF/sam0/drivers/system/clock/clock_samd20/gclk.o
 .debug_abbrev  0x00001513      0x21c src/ASF/sam0/drivers/system/pinmux/pinmux.o
 .debug_abbrev  0x0000172f       0xab src/ASF/sam0/drivers/system/system.o
 .debug_abbrev  0x000017da      0x241 src/ASF/sam0/drivers/tc/tc_interrupt.o
 .debug_abbrev  0x00001a1b      0x315 src/ASF/sam0/drivers/tc/tc_sam_d_r/tc.o
 .debug_abbrev  0x00001d30      0x1ba src/ASF/sam0/utils/cmsis/samd20/source/gcc/startup_samd20.o
 .debug_abbrev  0x00001eea      0x343 src/qs_tc_timer.o

.debug_loc      0x00000000     0x221a
 .debug_loc     0x00000000       0x64 src/ASF/common/utils/interrupt/interrupt_sam_nvic.o
 .debug_loc     0x00000064      0x118 src/ASF/sam0/boards/samd20_xplained_pro/board_init.o
 .debug_loc     0x0000017c       0xa8 src/ASF/sam0/drivers/port/port.o
 .debug_loc     0x00000224      0x18c src/ASF/sam0/drivers/sercom/sercom.o
 .debug_loc     0x000003b0      0x1b0 src/ASF/sam0/drivers/sercom/sercom_interrupt.o
 .debug_loc     0x00000560      0x5e0 src/ASF/sam0/drivers/sercom/spi/spi.o
 .debug_loc     0x00000b40      0x310 src/ASF/sam0/drivers/sercom/spi/spi_interrupt.o
 .debug_loc     0x00000e50      0x4a2 src/ASF/sam0/drivers/system/clock/clock_samd20/clock.o
 .debug_loc     0x000012f2      0x388 src/ASF/sam0/drivers/system/clock/clock_samd20/gclk.o
 .debug_loc     0x0000167a      0x118 src/ASF/sam0/drivers/system/pinmux/pinmux.o
 .debug_loc     0x00001792       0x58 src/ASF/sam0/drivers/system/system.o
 .debug_loc     0x000017ea      0x240 src/ASF/sam0/drivers/tc/tc_interrupt.o
 .debug_loc     0x00001a2a      0x314 src/ASF/sam0/drivers/tc/tc_sam_d_r/tc.o
 .debug_loc     0x00001d3e       0x64 src/ASF/sam0/utils/cmsis/samd20/source/gcc/startup_samd20.o
 .debug_loc     0x00001da2      0x478 src/qs_tc_timer.o

.debug_aranges  0x00000000      0x678
 .debug_aranges
                0x00000000       0x28 src/ASF/common/utils/interrupt/interrupt_sam_nvic.o
 .debug_aranges
                0x00000028       0x40 src/ASF/sam0/boards/samd20_xplained_pro/board_init.o
 .debug_aranges
                0x00000068       0x30 src/ASF/sam0/drivers/port/port.o
 .debug_aranges
                0x00000098       0x50 src/ASF/sam0/drivers/sercom/sercom.o
 .debug_aranges
                0x000000e8       0x60 src/ASF/sam0/drivers/sercom/sercom_interrupt.o
 .debug_aranges
                0x00000148       0xf0 src/ASF/sam0/drivers/sercom/spi/spi.o
 .debug_aranges
                0x00000238       0x88 src/ASF/sam0/drivers/sercom/spi/spi_interrupt.o
 .debug_aranges
                0x000002c0       0xc8 src/ASF/sam0/drivers/system/clock/clock_samd20/clock.o
 .debug_aranges
                0x00000388       0xa0 src/ASF/sam0/drivers/system/clock/clock_samd20/gclk.o
 .debug_aranges
                0x00000428       0x40 src/ASF/sam0/drivers/system/pinmux/pinmux.o
 .debug_aranges
                0x00000468       0x28 src/ASF/sam0/drivers/system/system.o
 .debug_aranges
                0x00000490       0x78 src/ASF/sam0/drivers/tc/tc_interrupt.o
 .debug_aranges
                0x00000508       0x88 src/ASF/sam0/drivers/tc/tc_sam_d_r/tc.o
 .debug_aranges
                0x00000590       0x28 src/ASF/sam0/utils/cmsis/samd20/source/gcc/startup_samd20.o
 .debug_aranges
                0x000005b8       0xc0 src/qs_tc_timer.o

.debug_ranges   0x00000000      0x588
 .debug_ranges  0x00000000       0x18 src/ASF/common/utils/interrupt/interrupt_sam_nvic.o
 .debug_ranges  0x00000018       0x30 src/ASF/sam0/boards/samd20_xplained_pro/board_init.o
 .debug_ranges  0x00000048       0x20 src/ASF/sam0/drivers/port/port.o
 .debug_ranges  0x00000068       0x40 src/ASF/sam0/drivers/sercom/sercom.o
 .debug_ranges  0x000000a8       0x50 src/ASF/sam0/drivers/sercom/sercom_interrupt.o
 .debug_ranges  0x000000f8       0xe0 src/ASF/sam0/drivers/sercom/spi/spi.o
 .debug_ranges  0x000001d8       0x78 src/ASF/sam0/drivers/sercom/spi/spi_interrupt.o
 .debug_ranges  0x00000250       0xb8 src/ASF/sam0/drivers/system/clock/clock_samd20/clock.o
 .debug_ranges  0x00000308       0x90 src/ASF/sam0/drivers/system/clock/clock_samd20/gclk.o
 .debug_ranges  0x00000398       0x30 src/ASF/sam0/drivers/system/pinmux/pinmux.o
 .debug_ranges  0x000003c8       0x18 src/ASF/sam0/drivers/system/system.o
 .debug_ranges  0x000003e0       0x68 src/ASF/sam0/drivers/tc/tc_interrupt.o
 .debug_ranges  0x00000448       0x78 src/ASF/sam0/drivers/tc/tc_sam_d_r/tc.o
 .debug_ranges  0x000004c0       0x18 src/ASF/sam0/utils/cmsis/samd20/source/gcc/startup_samd20.o
 .debug_ranges  0x000004d8       0xb0 src/qs_tc_timer.o

.debug_macro    0x00000000    0x12725
 .debug_macro   0x00000000      0x428 src/ASF/common/utils/interrupt/interrupt_sam_nvic.o
 .debug_macro   0x00000428      0x850 src/ASF/common/utils/interrupt/interrupt_sam_nvic.o
 .debug_macro   0x00000c78      0x166 src/ASF/common/utils/interrupt/interrupt_sam_nvic.o
 .debug_macro   0x00000dde      0x621 src/ASF/common/utils/interrupt/interrupt_sam_nvic.o
 .debug_macro   0x000013ff       0x22 src/ASF/common/utils/interrupt/interrupt_sam_nvic.o
 .debug_macro   0x00001421       0x44 src/ASF/common/utils/interrupt/interrupt_sam_nvic.o
 .debug_macro   0x00001465       0x58 src/ASF/common/utils/interrupt/interrupt_sam_nvic.o
 .debug_macro   0x000014bd       0x22 src/ASF/common/utils/interrupt/interrupt_sam_nvic.o
 .debug_macro   0x000014df      0x1df src/ASF/common/utils/interrupt/interrupt_sam_nvic.o
 .debug_macro   0x000016be       0x10 src/ASF/common/utils/interrupt/interrupt_sam_nvic.o
 .debug_macro   0x000016ce       0x76 src/ASF/common/utils/interrupt/interrupt_sam_nvic.o
 .debug_macro   0x00001744       0x16 src/ASF/common/utils/interrupt/interrupt_sam_nvic.o
 .debug_macro   0x0000175a      0x6e5 src/ASF/common/utils/interrupt/interrupt_sam_nvic.o
 .debug_macro   0x00001e3f      0xde2 src/ASF/common/utils/interrupt/interrupt_sam_nvic.o
 .debug_macro   0x00002c21       0x22 src/ASF/common/utils/interrupt/interrupt_sam_nvic.o
 .debug_macro   0x00002c43       0x40 src/ASF/common/utils/interrupt/interrupt_sam_nvic.o
 .debug_macro   0x00002c83       0x3a src/ASF/common/utils/interrupt/interrupt_sam_nvic.o
 .debug_macro   0x00002cbd       0x1f src/ASF/common/utils/interrupt/interrupt_sam_nvic.o
 .debug_macro   0x00002cdc      0x250 src/ASF/common/utils/interrupt/interrupt_sam_nvic.o
 .debug_macro   0x00002f2c      0x682 src/ASF/common/utils/interrupt/interrupt_sam_nvic.o
 .debug_macro   0x000035ae      0x8c1 src/ASF/common/utils/interrupt/interrupt_sam_nvic.o
 .debug_macro   0x00003e6f      0x229 src/ASF/common/utils/interrupt/interrupt_sam_nvic.o
 .debug_macro   0x00004098      0x5bf src/ASF/common/utils/interrupt/interrupt_sam_nvic.o
 .debug_macro   0x00004657      0x9fb src/ASF/common/utils/interrupt/interrupt_sam_nvic.o
 .debug_macro   0x00005052      0x5b8 src/ASF/common/utils/interrupt/interrupt_sam_nvic.o
 .debug_macro   0x0000560a      0x4b6 src/ASF/common/utils/interrupt/interrupt_sam_nvic.o
 .debug_macro   0x00005ac0      0x74c src/ASF/common/utils/interrupt/interrupt_sam_nvic.o
 .debug_macro   0x0000620c       0x5e src/ASF/common/utils/interrupt/interrupt_sam_nvic.o
 .debug_macro   0x0000626a      0x5e2 src/ASF/common/utils/interrupt/interrupt_sam_nvic.o
 .debug_macro   0x0000684c      0x3b8 src/ASF/common/utils/interrupt/interrupt_sam_nvic.o
 .debug_macro   0x00006c04      0xc55 src/ASF/common/utils/interrupt/interrupt_sam_nvic.o
 .debug_macro   0x00007859      0xd29 src/ASF/common/utils/interrupt/interrupt_sam_nvic.o
 .debug_macro   0x00008582      0x7b8 src/ASF/common/utils/interrupt/interrupt_sam_nvic.o
 .debug_macro   0x00008d3a      0x6c2 src/ASF/common/utils/interrupt/interrupt_sam_nvic.o
 .debug_macro   0x000093fc      0x351 src/ASF/common/utils/interrupt/interrupt_sam_nvic.o
 .debug_macro   0x0000974d       0x7c src/ASF/common/utils/interrupt/interrupt_sam_nvic.o
 .debug_macro   0x000097c9       0x9a src/ASF/common/utils/interrupt/interrupt_sam_nvic.o
 .debug_macro   0x00009863       0x46 src/ASF/common/utils/interrupt/interrupt_sam_nvic.o
 .debug_macro   0x000098a9       0xb2 src/ASF/common/utils/interrupt/interrupt_sam_nvic.o
 .debug_macro   0x0000995b       0x6a src/ASF/common/utils/interrupt/interrupt_sam_nvic.o
 .debug_macro   0x000099c5      0x287 src/ASF/common/utils/interrupt/interrupt_sam_nvic.o
 .debug_macro   0x00009c4c       0x82 src/ASF/common/utils/interrupt/interrupt_sam_nvic.o
 .debug_macro   0x00009cce       0xb8 src/ASF/common/utils/interrupt/interrupt_sam_nvic.o
 .debug_macro   0x00009d86       0x1c src/ASF/common/utils/interrupt/interrupt_sam_nvic.o
 .debug_macro   0x00009da2       0x1c src/ASF/common/utils/interrupt/interrupt_sam_nvic.o
 .debug_macro   0x00009dbe       0x1c src/ASF/common/utils/interrupt/interrupt_sam_nvic.o
 .debug_macro   0x00009dda       0x82 src/ASF/common/utils/interrupt/interrupt_sam_nvic.o
 .debug_macro   0x00009e5c      0x164 src/ASF/common/utils/interrupt/interrupt_sam_nvic.o
 .debug_macro   0x00009fc0       0xdc src/ASF/common/utils/interrupt/interrupt_sam_nvic.o
 .debug_macro   0x0000a09c      0x104 src/ASF/common/utils/interrupt/interrupt_sam_nvic.o
 .debug_macro   0x0000a1a0      0x104 src/ASF/common/utils/interrupt/interrupt_sam_nvic.o
 .debug_macro   0x0000a2a4      0x104 src/ASF/common/utils/interrupt/interrupt_sam_nvic.o
 .debug_macro   0x0000a3a8      0x104 src/ASF/common/utils/interrupt/interrupt_sam_nvic.o
 .debug_macro   0x0000a4ac      0x104 src/ASF/common/utils/interrupt/interrupt_sam_nvic.o
 .debug_macro   0x0000a5b0      0x104 src/ASF/common/utils/interrupt/interrupt_sam_nvic.o
 .debug_macro   0x0000a6b4       0xfa src/ASF/common/utils/interrupt/interrupt_sam_nvic.o
 .debug_macro   0x0000a7ae       0xbe src/ASF/common/utils/interrupt/interrupt_sam_nvic.o
 .debug_macro   0x0000a86c       0xbe src/ASF/common/utils/interrupt/interrupt_sam_nvic.o
 .debug_macro   0x0000a92a       0xbe src/ASF/common/utils/interrupt/interrupt_sam_nvic.o
 .debug_macro   0x0000a9e8       0xbe src/ASF/common/utils/interrupt/interrupt_sam_nvic.o
 .debug_macro   0x0000aaa6       0xbe src/ASF/common/utils/interrupt/interrupt_sam_nvic.o
 .debug_macro   0x0000ab64       0xbe src/ASF/common/utils/interrupt/interrupt_sam_nvic.o
 .debug_macro   0x0000ac22       0xbe src/ASF/common/utils/interrupt/interrupt_sam_nvic.o
 .debug_macro   0x0000ace0       0xbe src/ASF/common/utils/interrupt/interrupt_sam_nvic.o
 .debug_macro   0x0000ad9e       0x40 src/ASF/common/utils/interrupt/interrupt_sam_nvic.o
 .debug_macro   0x0000adde      0x2e3 src/ASF/common/utils/interrupt/interrupt_sam_nvic.o
 .debug_macro   0x0000b0c1     0x19c4 src/ASF/common/utils/interrupt/interrupt_sam_nvic.o
 .debug_macro   0x0000ca85       0x4a src/ASF/common/utils/interrupt/interrupt_sam_nvic.o
 .debug_macro   0x0000cacf       0x58 src/ASF/common/utils/interrupt/interrupt_sam_nvic.o
 .debug_macro   0x0000cb27       0x35 src/ASF/common/utils/interrupt/interrupt_sam_nvic.o
 .debug_macro   0x0000cb5c       0x9c src/ASF/common/utils/interrupt/interrupt_sam_nvic.o
 .debug_macro   0x0000cbf8       0x16 src/ASF/common/utils/interrupt/interrupt_sam_nvic.o
 .debug_macro   0x0000cc0e       0x35 src/ASF/common/utils/interrupt/interrupt_sam_nvic.o
 .debug_macro   0x0000cc43      0x29d src/ASF/common/utils/interrupt/interrupt_sam_nvic.o
 .debug_macro   0x0000cee0       0x10 src/ASF/common/utils/interrupt/interrupt_sam_nvic.o
 .debug_macro   0x0000cef0       0x52 src/ASF/common/utils/interrupt/interrupt_sam_nvic.o
 .debug_macro   0x0000cf42       0x16 src/ASF/common/utils/interrupt/interrupt_sam_nvic.o
 .debug_macro   0x0000cf58       0x43 src/ASF/common/utils/interrupt/interrupt_sam_nvic.o
 .debug_macro   0x0000cf9b      0x180 src/ASF/common/utils/interrupt/interrupt_sam_nvic.o
 .debug_macro   0x0000d11b       0x10 src/ASF/common/utils/interrupt/interrupt_sam_nvic.o
 .debug_macro   0x0000d12b       0x22 src/ASF/common/utils/interrupt/interrupt_sam_nvic.o
 .debug_macro   0x0000d14d       0xbe src/ASF/common/utils/interrupt/interrupt_sam_nvic.o
 .debug_macro   0x0000d20b       0x16 src/ASF/common/utils/interrupt/interrupt_sam_nvic.o
 .debug_macro   0x0000d221      0x197 src/ASF/common/utils/interrupt/interrupt_sam_nvic.o
 .debug_macro   0x0000d3b8       0x16 src/ASF/common/utils/interrupt/interrupt_sam_nvic.o
 .debug_macro   0x0000d3ce       0x16 src/ASF/common/utils/interrupt/interrupt_sam_nvic.o
 .debug_macro   0x0000d3e4       0x29 src/ASF/common/utils/interrupt/interrupt_sam_nvic.o
 .debug_macro   0x0000d40d       0x51 src/ASF/common/utils/interrupt/interrupt_sam_nvic.o
 .debug_macro   0x0000d45e      0x3df src/ASF/common/utils/interrupt/interrupt_sam_nvic.o
 .debug_macro   0x0000d83d       0x3f src/ASF/common/utils/interrupt/interrupt_sam_nvic.o
 .debug_macro   0x0000d87c      0x464 src/ASF/sam0/boards/samd20_xplained_pro/board_init.o
 .debug_macro   0x0000dce0      0x279 src/ASF/sam0/boards/samd20_xplained_pro/board_init.o
 .debug_macro   0x0000df59      0x80c src/ASF/sam0/boards/samd20_xplained_pro/board_init.o
 .debug_macro   0x0000e765       0x11 src/ASF/sam0/boards/samd20_xplained_pro/board_init.o
 .debug_macro   0x0000e776       0x12 src/ASF/sam0/boards/samd20_xplained_pro/board_init.o
 .debug_macro   0x0000e788      0x442 src/ASF/sam0/drivers/port/port.o
 .debug_macro   0x0000ebca      0x4b7 src/ASF/sam0/drivers/sercom/sercom.o
 .debug_macro   0x0000f081       0x2e src/ASF/sam0/drivers/sercom/sercom.o
 .debug_macro   0x0000f0af       0xb2 src/ASF/sam0/drivers/sercom/sercom.o
 .debug_macro   0x0000f161       0x10 src/ASF/sam0/drivers/sercom/sercom.o
 .debug_macro   0x0000f171      0x4b4 src/ASF/sam0/drivers/sercom/sercom_interrupt.o
 .debug_macro   0x0000f625      0x4f1 src/ASF/sam0/drivers/sercom/spi/spi.o
 .debug_macro   0x0000fb16       0x16 src/ASF/sam0/drivers/sercom/spi/spi.o
 .debug_macro   0x0000fb2c       0x1c src/ASF/sam0/drivers/sercom/spi/spi.o
 .debug_macro   0x0000fb48       0x19 src/ASF/sam0/drivers/sercom/spi/spi.o
 .debug_macro   0x0000fb61      0x4fb src/ASF/sam0/drivers/sercom/spi/spi_interrupt.o
 .debug_macro   0x0001005c      0x53e src/ASF/sam0/drivers/system/clock/clock_samd20/clock.o
 .debug_macro   0x0001059a      0x21b src/ASF/sam0/drivers/system/clock/clock_samd20/clock.o
 .debug_macro   0x000107b5      0x45f src/ASF/sam0/drivers/system/clock/clock_samd20/gclk.o
 .debug_macro   0x00010c14      0x43a src/ASF/sam0/drivers/system/pinmux/pinmux.o
 .debug_macro   0x0001104e      0x46d src/ASF/sam0/drivers/system/system.o
 .debug_macro   0x000114bb      0x497 src/ASF/sam0/drivers/tc/tc_interrupt.o
 .debug_macro   0x00011952       0x19 src/ASF/sam0/drivers/tc/tc_interrupt.o
 .debug_macro   0x0001196b       0x51 src/ASF/sam0/drivers/tc/tc_interrupt.o
 .debug_macro   0x000119bc      0x4b2 src/ASF/sam0/drivers/tc/tc_sam_d_r/tc.o
 .debug_macro   0x00011e6e      0x27c src/ASF/sam0/utils/cmsis/samd20/source/gcc/startup_samd20.o
 .debug_macro   0x000120ea       0x3a src/ASF/sam0/utils/cmsis/samd20/source/gcc/startup_samd20.o
 .debug_macro   0x00012124      0x55d src/qs_tc_timer.o
 .debug_macro   0x00012681       0x6c src/qs_tc_timer.o
 .debug_macro   0x000126ed       0x28 src/qs_tc_timer.o
 .debug_macro   0x00012715       0x10 src/qs_tc_timer.o

.debug_line     0x00000000     0x9ac6
 .debug_line    0x00000000      0x7e0 src/ASF/common/utils/interrupt/interrupt_sam_nvic.o
 .debug_line    0x000007e0      0x8d0 src/ASF/sam0/boards/samd20_xplained_pro/board_init.o
 .debug_line    0x000010b0      0x812 src/ASF/sam0/drivers/port/port.o
 .debug_line    0x000018c2      0xb30 src/ASF/sam0/drivers/sercom/sercom.o
 .debug_line    0x000023f2      0xa7f src/ASF/sam0/drivers/sercom/sercom_interrupt.o
 .debug_line    0x00002e71      0xf14 src/ASF/sam0/drivers/sercom/spi/spi.o
 .debug_line    0x00003d85      0xc26 src/ASF/sam0/drivers/sercom/spi/spi_interrupt.o
 .debug_line    0x000049ab      0xbc1 src/ASF/sam0/drivers/system/clock/clock_samd20/clock.o
 .debug_line    0x0000556c      0xaad src/ASF/sam0/drivers/system/clock/clock_samd20/gclk.o
 .debug_line    0x00006019      0x85c src/ASF/sam0/drivers/system/pinmux/pinmux.o
 .debug_line    0x00006875      0x8f4 src/ASF/sam0/drivers/system/system.o
 .debug_line    0x00007169      0xa07 src/ASF/sam0/drivers/tc/tc_interrupt.o
 .debug_line    0x00007b70      0xbbb src/ASF/sam0/drivers/tc/tc_sam_d_r/tc.o
 .debug_line    0x0000872b      0x5d3 src/ASF/sam0/utils/cmsis/samd20/source/gcc/startup_samd20.o
 .debug_line    0x00008cfe      0xdc8 src/qs_tc_timer.o

.debug_str      0x00000000    0x5ff97
 .debug_str     0x00000000    0x56516 src/ASF/common/utils/interrupt/interrupt_sam_nvic.o
                              0x56988 (size before relaxing)
 .debug_str     0x00056516     0x309f src/ASF/sam0/boards/samd20_xplained_pro/board_init.o
                              0x599d4 (size before relaxing)
 .debug_str     0x000595b5      0x165 src/ASF/sam0/drivers/port/port.o
                              0x56d52 (size before relaxing)
 .debug_str     0x0005971a     0x1470 src/ASF/sam0/drivers/sercom/sercom.o
                              0x57e51 (size before relaxing)
 .debug_str     0x0005ab8a      0x527 src/ASF/sam0/drivers/sercom/sercom_interrupt.o
                              0x57c9a (size before relaxing)
 .debug_str     0x0005b0b1      0xeef src/ASF/sam0/drivers/sercom/spi/spi.o
                              0x58ff7 (size before relaxing)
 .debug_str     0x0005bfa0      0x1a0 src/ASF/sam0/drivers/sercom/spi/spi_interrupt.o
                              0x58025 (size before relaxing)
 .debug_str     0x0005c140     0x26bd src/ASF/sam0/drivers/system/clock/clock_samd20/clock.o
                              0x59b4a (size before relaxing)
 .debug_str     0x0005e7fd      0x2c6 src/ASF/sam0/drivers/system/clock/clock_samd20/gclk.o
                              0x57572 (size before relaxing)
 .debug_str     0x0005eac3      0x130 src/ASF/sam0/drivers/system/pinmux/pinmux.o
                              0x56d7f (size before relaxing)
 .debug_str     0x0005ebf3       0x47 src/ASF/sam0/drivers/system/system.o
                              0x569f2 (size before relaxing)
 .debug_str     0x0005ec3a      0x70d src/ASF/sam0/drivers/tc/tc_interrupt.o
                              0x57a82 (size before relaxing)
 .debug_str     0x0005f347      0x53c src/ASF/sam0/drivers/tc/tc_sam_d_r/tc.o
                              0x58299 (size before relaxing)
 .debug_str     0x0005f883      0x36a src/ASF/sam0/utils/cmsis/samd20/source/gcc/startup_samd20.o
                              0x42a21 (size before relaxing)
 .debug_str     0x0005fbed      0x3aa src/qs_tc_timer.o
                              0x5c2df (size before relaxing)

.debug_frame    0x00000000     0x1554
 .debug_frame   0x00000000       0x4c src/ASF/common/utils/interrupt/interrupt_sam_nvic.o
 .debug_frame   0x0000004c       0xb0 src/ASF/sam0/boards/samd20_xplained_pro/board_init.o
 .debug_frame   0x000000fc       0x70 src/ASF/sam0/drivers/port/port.o
 .debug_frame   0x0000016c       0xf8 src/ASF/sam0/drivers/sercom/sercom.o
 .debug_frame   0x00000264      0x118 src/ASF/sam0/drivers/sercom/sercom_interrupt.o
 .debug_frame   0x0000037c      0x36c src/ASF/sam0/drivers/sercom/spi/spi.o
 .debug_frame   0x000006e8      0x1d0 src/ASF/sam0/drivers/sercom/spi/spi_interrupt.o
 .debug_frame   0x000008b8      0x2c0 src/ASF/sam0/drivers/system/clock/clock_samd20/clock.o
 .debug_frame   0x00000b78      0x220 src/ASF/sam0/drivers/system/clock/clock_samd20/gclk.o
 .debug_frame   0x00000d98       0xb0 src/ASF/sam0/drivers/system/pinmux/pinmux.o
 .debug_frame   0x00000e48       0x48 src/ASF/sam0/drivers/system/system.o
 .debug_frame   0x00000e90      0x170 src/ASF/sam0/drivers/tc/tc_interrupt.o
 .debug_frame   0x00001000      0x1d0 src/ASF/sam0/drivers/tc/tc_sam_d_r/tc.o
 .debug_frame   0x000011d0       0x4c src/ASF/sam0/utils/cmsis/samd20/source/gcc/startup_samd20.o
 .debug_frame   0x0000121c      0x2a4 src/qs_tc_timer.o
 .debug_frame   0x000014c0       0x20 c:/program files (x86)/atmel/studio/7.0/toolchain/arm/arm-gnu-toolchain/bin/../lib/gcc/arm-none-eabi/4.9.3/armv6-m\libgcc.a(_udivsi3.o)
 .debug_frame   0x000014e0       0x2c c:/program files (x86)/atmel/studio/7.0/toolchain/arm/arm-gnu-toolchain/bin/../lib/gcc/arm-none-eabi/4.9.3/../../../../arm-none-eabi/lib/armv6-m\libc_nano.a(lib_a-init.o)
 .debug_frame   0x0000150c       0x28 c:/program files (x86)/atmel/studio/7.0/toolchain/arm/arm-gnu-toolchain/bin/../lib/gcc/arm-none-eabi/4.9.3/../../../../arm-none-eabi/lib/armv6-m\libc_nano.a(lib_a-memcpy.o)
 .debug_frame   0x00001534       0x20 c:/program files (x86)/atmel/studio/7.0/toolchain/arm/arm-gnu-toolchain/bin/../lib/gcc/arm-none-eabi/4.9.3/../../../../arm-none-eabi/lib/armv6-m\libc_nano.a(lib_a-memset.o)

Cross Reference Table

Symbol                                            File
AC_Handler                                        src/ASF/sam0/utils/cmsis/samd20/source/gcc/startup_samd20.o
ADC_Handler                                       src/ASF/sam0/utils/cmsis/samd20/source/gcc/startup_samd20.o
DAC_Handler                                       src/ASF/sam0/utils/cmsis/samd20/source/gcc/startup_samd20.o
Dummy_Handler                                     src/ASF/sam0/utils/cmsis/samd20/source/gcc/startup_samd20.o
EIC_Handler                                       src/ASF/sam0/utils/cmsis/samd20/source/gcc/startup_samd20.o
EVSYS_Handler                                     src/ASF/sam0/utils/cmsis/samd20/source/gcc/startup_samd20.o
HardFault_Handler                                 src/ASF/sam0/utils/cmsis/samd20/source/gcc/startup_samd20.o
NMI_Handler                                       src/ASF/sam0/utils/cmsis/samd20/source/gcc/startup_samd20.o
NVMCTRL_Handler                                   src/ASF/sam0/utils/cmsis/samd20/source/gcc/startup_samd20.o
PM_Handler                                        src/ASF/sam0/utils/cmsis/samd20/source/gcc/startup_samd20.o
PTC_Handler                                       src/ASF/sam0/utils/cmsis/samd20/source/gcc/startup_samd20.o
PendSV_Handler                                    src/ASF/sam0/utils/cmsis/samd20/source/gcc/startup_samd20.o
RTC_Handler                                       src/ASF/sam0/utils/cmsis/samd20/source/gcc/startup_samd20.o
Reset_Handler                                     src/ASF/sam0/utils/cmsis/samd20/source/gcc/startup_samd20.o
SERCOM0_Handler                                   src/ASF/sam0/drivers/sercom/sercom_interrupt.o
SERCOM1_Handler                                   src/ASF/sam0/drivers/sercom/sercom_interrupt.o
SERCOM2_Handler                                   src/ASF/sam0/drivers/sercom/sercom_interrupt.o
SERCOM3_Handler                                   src/ASF/sam0/drivers/sercom/sercom_interrupt.o
SERCOM4_Handler                                   src/ASF/sam0/drivers/sercom/sercom_interrupt.o
SERCOM5_Handler                                   src/ASF/sam0/drivers/sercom/sercom_interrupt.o
SVC_Handler                                       src/ASF/sam0/utils/cmsis/samd20/source/gcc/startup_samd20.o
SYSCTRL_Handler                                   src/ASF/sam0/utils/cmsis/samd20/source/gcc/startup_samd20.o
SysTick_Handler                                   src/ASF/sam0/utils/cmsis/samd20/source/gcc/startup_samd20.o
SystemCoreClock                                   src/ASF/sam0/utils/cmsis/samd20/source/system_samd20.o
SystemCoreClockUpdate                             src/ASF/sam0/utils/cmsis/samd20/source/system_samd20.o
SystemInit                                        src/ASF/sam0/utils/cmsis/samd20/source/system_samd20.o
TC0_Handler                                       src/ASF/sam0/drivers/tc/tc_interrupt.o
TC1_Handler                                       src/ASF/sam0/drivers/tc/tc_interrupt.o
TC2_Handler                                       src/ASF/sam0/drivers/tc/tc_interrupt.o
TC3_Handler                                       src/ASF/sam0/drivers/tc/tc_interrupt.o
TC4_Handler                                       src/ASF/sam0/drivers/tc/tc_interrupt.o
TC5_Handler                                       src/ASF/sam0/drivers/tc/tc_interrupt.o
TC6_Handler                                       src/ASF/sam0/drivers/tc/tc_interrupt.o
TC7_Handler                                       src/ASF/sam0/drivers/tc/tc_interrupt.o
WDT_Handler                                       src/ASF/sam0/utils/cmsis/samd20/source/gcc/startup_samd20.o
_Jv_RegisterClasses                               c:/program files (x86)/atmel/studio/7.0/toolchain/arm/arm-gnu-toolchain/bin/../lib/gcc/arm-none-eabi/4.9.3/armv6-m/crtbegin.o
__aeabi_idiv                                      c:/program files (x86)/atmel/studio/7.0/toolchain/arm/arm-gnu-toolchain/bin/../lib/gcc/arm-none-eabi/4.9.3/armv6-m\libgcc.a(_divsi3.o)
                                                  c:/program files (x86)/atmel/studio/7.0/toolchain/arm/arm-gnu-toolchain/bin/../lib/gcc/arm-none-eabi/4.9.3/../../../../arm-none-eabi/lib/armv6-m\libc_nano.a(lib_a-fvwrite.o)
__aeabi_idiv0                                     c:/program files (x86)/atmel/studio/7.0/toolchain/arm/arm-gnu-toolchain/bin/../lib/gcc/arm-none-eabi/4.9.3/armv6-m\libgcc.a(_dvmd_tls.o)
                                                  c:/program files (x86)/atmel/studio/7.0/toolchain/arm/arm-gnu-toolchain/bin/../lib/gcc/arm-none-eabi/4.9.3/armv6-m\libgcc.a(_divsi3.o)
                                                  c:/program files (x86)/atmel/studio/7.0/toolchain/arm/arm-gnu-toolchain/bin/../lib/gcc/arm-none-eabi/4.9.3/armv6-m\libgcc.a(_udivsi3.o)
__aeabi_idivmod                                   c:/program files (x86)/atmel/studio/7.0/toolchain/arm/arm-gnu-toolchain/bin/../lib/gcc/arm-none-eabi/4.9.3/armv6-m\libgcc.a(_divsi3.o)
__aeabi_ldiv0                                     c:/program files (x86)/atmel/studio/7.0/toolchain/arm/arm-gnu-toolchain/bin/../lib/gcc/arm-none-eabi/4.9.3/armv6-m\libgcc.a(_dvmd_tls.o)
__aeabi_lmul                                      c:/program files (x86)/atmel/studio/7.0/toolchain/arm/arm-gnu-toolchain/bin/../lib/gcc/arm-none-eabi/4.9.3/armv6-m\libgcc.a(_muldi3.o)
                                                  src/ASF/sam0/drivers/sercom/sercom.o
__aeabi_uidiv                                     c:/program files (x86)/atmel/studio/7.0/toolchain/arm/arm-gnu-toolchain/bin/../lib/gcc/arm-none-eabi/4.9.3/armv6-m\libgcc.a(_udivsi3.o)
                                                  c:/program files (x86)/atmel/studio/7.0/toolchain/arm/arm-gnu-toolchain/bin/../lib/gcc/arm-none-eabi/4.9.3/../../../../arm-none-eabi/lib/armv6-m\libc_nano.a(lib_a-nano-vfprintf_i.o)
                                                  src/ASF/sam0/drivers/system/clock/clock_samd20/gclk.o
__aeabi_uidivmod                                  c:/program files (x86)/atmel/studio/7.0/toolchain/arm/arm-gnu-toolchain/bin/../lib/gcc/arm-none-eabi/4.9.3/armv6-m\libgcc.a(_udivsi3.o)
                                                  c:/program files (x86)/atmel/studio/7.0/toolchain/arm/arm-gnu-toolchain/bin/../lib/gcc/arm-none-eabi/4.9.3/../../../../arm-none-eabi/lib/armv6-m\libc_nano.a(lib_a-nano-vfprintf_i.o)
__bss_end__                                       c:/program files (x86)/atmel/studio/7.0/toolchain/arm/arm-gnu-toolchain/bin/../lib/gcc/arm-none-eabi/4.9.3/../../../../arm-none-eabi/lib/armv6-m/crt0.o
__bss_start__                                     c:/program files (x86)/atmel/studio/7.0/toolchain/arm/arm-gnu-toolchain/bin/../lib/gcc/arm-none-eabi/4.9.3/../../../../arm-none-eabi/lib/armv6-m/crt0.o
__call_exitprocs                                  c:/program files (x86)/atmel/studio/7.0/toolchain/arm/arm-gnu-toolchain/bin/../lib/gcc/arm-none-eabi/4.9.3/../../../../arm-none-eabi/lib/armv6-m\libc_nano.a(lib_a-exit.o)
__deregister_frame_info                           c:/program files (x86)/atmel/studio/7.0/toolchain/arm/arm-gnu-toolchain/bin/../lib/gcc/arm-none-eabi/4.9.3/armv6-m/crtbegin.o
__divsi3                                          c:/program files (x86)/atmel/studio/7.0/toolchain/arm/arm-gnu-toolchain/bin/../lib/gcc/arm-none-eabi/4.9.3/armv6-m\libgcc.a(_divsi3.o)
__dso_handle                                      c:/program files (x86)/atmel/studio/7.0/toolchain/arm/arm-gnu-toolchain/bin/../lib/gcc/arm-none-eabi/4.9.3/armv6-m/crtbegin.o
__fp_lock_all                                     c:/program files (x86)/atmel/studio/7.0/toolchain/arm/arm-gnu-toolchain/bin/../lib/gcc/arm-none-eabi/4.9.3/../../../../arm-none-eabi/lib/armv6-m\libc_nano.a(lib_a-findfp.o)
__fp_unlock_all                                   c:/program files (x86)/atmel/studio/7.0/toolchain/arm/arm-gnu-toolchain/bin/../lib/gcc/arm-none-eabi/4.9.3/../../../../arm-none-eabi/lib/armv6-m\libc_nano.a(lib_a-findfp.o)
__init_array_end                                  c:/program files (x86)/atmel/studio/7.0/toolchain/arm/arm-gnu-toolchain/bin/../lib/gcc/arm-none-eabi/4.9.3/../../../../arm-none-eabi/lib/armv6-m\libc_nano.a(lib_a-init.o)
__init_array_start                                c:/program files (x86)/atmel/studio/7.0/toolchain/arm/arm-gnu-toolchain/bin/../lib/gcc/arm-none-eabi/4.9.3/../../../../arm-none-eabi/lib/armv6-m\libc_nano.a(lib_a-init.o)
__libc_fini_array                                 c:/program files (x86)/atmel/studio/7.0/toolchain/arm/arm-gnu-toolchain/bin/../lib/gcc/arm-none-eabi/4.9.3/../../../../arm-none-eabi/lib/armv6-m/crt0.o
__libc_init_array                                 c:/program files (x86)/atmel/studio/7.0/toolchain/arm/arm-gnu-toolchain/bin/../lib/gcc/arm-none-eabi/4.9.3/../../../../arm-none-eabi/lib/armv6-m\libc_nano.a(lib_a-init.o)
                                                  src/ASF/sam0/utils/cmsis/samd20/source/gcc/startup_samd20.o
                                                  c:/program files (x86)/atmel/studio/7.0/toolchain/arm/arm-gnu-toolchain/bin/../lib/gcc/arm-none-eabi/4.9.3/../../../../arm-none-eabi/lib/armv6-m/crt0.o
__malloc_free_list                                c:/program files (x86)/atmel/studio/7.0/toolchain/arm/arm-gnu-toolchain/bin/../lib/gcc/arm-none-eabi/4.9.3/../../../../arm-none-eabi/lib/armv6-m\libc_nano.a(lib_a-nano-mallocr.o)
                                                  c:/program files (x86)/atmel/studio/7.0/toolchain/arm/arm-gnu-toolchain/bin/../lib/gcc/arm-none-eabi/4.9.3/../../../../arm-none-eabi/lib/armv6-m\libc_nano.a(lib_a-nano-freer.o)
__malloc_sbrk_start                               c:/program files (x86)/atmel/studio/7.0/toolchain/arm/arm-gnu-toolchain/bin/../lib/gcc/arm-none-eabi/4.9.3/../../../../arm-none-eabi/lib/armv6-m\libc_nano.a(lib_a-nano-mallocr.o)
__muldi3                                          c:/program files (x86)/atmel/studio/7.0/toolchain/arm/arm-gnu-toolchain/bin/../lib/gcc/arm-none-eabi/4.9.3/armv6-m\libgcc.a(_muldi3.o)
__preinit_array_end                               c:/program files (x86)/atmel/studio/7.0/toolchain/arm/arm-gnu-toolchain/bin/../lib/gcc/arm-none-eabi/4.9.3/../../../../arm-none-eabi/lib/armv6-m\libc_nano.a(lib_a-init.o)
__preinit_array_start                             c:/program files (x86)/atmel/studio/7.0/toolchain/arm/arm-gnu-toolchain/bin/../lib/gcc/arm-none-eabi/4.9.3/../../../../arm-none-eabi/lib/armv6-m\libc_nano.a(lib_a-init.o)
__register_frame_info                             c:/program files (x86)/atmel/studio/7.0/toolchain/arm/arm-gnu-toolchain/bin/../lib/gcc/arm-none-eabi/4.9.3/armv6-m/crtbegin.o
__sclose                                          c:/program files (x86)/atmel/studio/7.0/toolchain/arm/arm-gnu-toolchain/bin/../lib/gcc/arm-none-eabi/4.9.3/../../../../arm-none-eabi/lib/armv6-m\libc_nano.a(lib_a-stdio.o)
                                                  c:/program files (x86)/atmel/studio/7.0/toolchain/arm/arm-gnu-toolchain/bin/../lib/gcc/arm-none-eabi/4.9.3/../../../../arm-none-eabi/lib/armv6-m\libc_nano.a(lib_a-findfp.o)
__seofread                                        c:/program files (x86)/atmel/studio/7.0/toolchain/arm/arm-gnu-toolchain/bin/../lib/gcc/arm-none-eabi/4.9.3/../../../../arm-none-eabi/lib/armv6-m\libc_nano.a(lib_a-stdio.o)
__sf_fake_stderr                                  c:/program files (x86)/atmel/studio/7.0/toolchain/arm/arm-gnu-toolchain/bin/../lib/gcc/arm-none-eabi/4.9.3/../../../../arm-none-eabi/lib/armv6-m\libc_nano.a(lib_a-findfp.o)
                                                  c:/program files (x86)/atmel/studio/7.0/toolchain/arm/arm-gnu-toolchain/bin/../lib/gcc/arm-none-eabi/4.9.3/../../../../arm-none-eabi/lib/armv6-m\libc_nano.a(lib_a-fflush.o)
                                                  c:/program files (x86)/atmel/studio/7.0/toolchain/arm/arm-gnu-toolchain/bin/../lib/gcc/arm-none-eabi/4.9.3/../../../../arm-none-eabi/lib/armv6-m\libc_nano.a(lib_a-wsetup.o)
                                                  c:/program files (x86)/atmel/studio/7.0/toolchain/arm/arm-gnu-toolchain/bin/../lib/gcc/arm-none-eabi/4.9.3/../../../../arm-none-eabi/lib/armv6-m\libc_nano.a(lib_a-wbuf.o)
                                                  c:/program files (x86)/atmel/studio/7.0/toolchain/arm/arm-gnu-toolchain/bin/../lib/gcc/arm-none-eabi/4.9.3/../../../../arm-none-eabi/lib/armv6-m\libc_nano.a(lib_a-nano-vfprintf.o)
                                                  c:/program files (x86)/atmel/studio/7.0/toolchain/arm/arm-gnu-toolchain/bin/../lib/gcc/arm-none-eabi/4.9.3/../../../../arm-none-eabi/lib/armv6-m\libc_nano.a(lib_a-impure.o)
__sf_fake_stdin                                   c:/program files (x86)/atmel/studio/7.0/toolchain/arm/arm-gnu-toolchain/bin/../lib/gcc/arm-none-eabi/4.9.3/../../../../arm-none-eabi/lib/armv6-m\libc_nano.a(lib_a-findfp.o)
                                                  c:/program files (x86)/atmel/studio/7.0/toolchain/arm/arm-gnu-toolchain/bin/../lib/gcc/arm-none-eabi/4.9.3/../../../../arm-none-eabi/lib/armv6-m\libc_nano.a(lib_a-fflush.o)
                                                  c:/program files (x86)/atmel/studio/7.0/toolchain/arm/arm-gnu-toolchain/bin/../lib/gcc/arm-none-eabi/4.9.3/../../../../arm-none-eabi/lib/armv6-m\libc_nano.a(lib_a-wsetup.o)
                                                  c:/program files (x86)/atmel/studio/7.0/toolchain/arm/arm-gnu-toolchain/bin/../lib/gcc/arm-none-eabi/4.9.3/../../../../arm-none-eabi/lib/armv6-m\libc_nano.a(lib_a-wbuf.o)
                                                  c:/program files (x86)/atmel/studio/7.0/toolchain/arm/arm-gnu-toolchain/bin/../lib/gcc/arm-none-eabi/4.9.3/../../../../arm-none-eabi/lib/armv6-m\libc_nano.a(lib_a-nano-vfprintf.o)
                                                  c:/program files (x86)/atmel/studio/7.0/toolchain/arm/arm-gnu-toolchain/bin/../lib/gcc/arm-none-eabi/4.9.3/../../../../arm-none-eabi/lib/armv6-m\libc_nano.a(lib_a-impure.o)
__sf_fake_stdout                                  c:/program files (x86)/atmel/studio/7.0/toolchain/arm/arm-gnu-toolchain/bin/../lib/gcc/arm-none-eabi/4.9.3/../../../../arm-none-eabi/lib/armv6-m\libc_nano.a(lib_a-findfp.o)
                                                  c:/program files (x86)/atmel/studio/7.0/toolchain/arm/arm-gnu-toolchain/bin/../lib/gcc/arm-none-eabi/4.9.3/../../../../arm-none-eabi/lib/armv6-m\libc_nano.a(lib_a-fflush.o)
                                                  c:/program files (x86)/atmel/studio/7.0/toolchain/arm/arm-gnu-toolchain/bin/../lib/gcc/arm-none-eabi/4.9.3/../../../../arm-none-eabi/lib/armv6-m\libc_nano.a(lib_a-wsetup.o)
                                                  c:/program files (x86)/atmel/studio/7.0/toolchain/arm/arm-gnu-toolchain/bin/../lib/gcc/arm-none-eabi/4.9.3/../../../../arm-none-eabi/lib/armv6-m\libc_nano.a(lib_a-wbuf.o)
                                                  c:/program files (x86)/atmel/studio/7.0/toolchain/arm/arm-gnu-toolchain/bin/../lib/gcc/arm-none-eabi/4.9.3/../../../../arm-none-eabi/lib/armv6-m\libc_nano.a(lib_a-nano-vfprintf.o)
                                                  c:/program files (x86)/atmel/studio/7.0/toolchain/arm/arm-gnu-toolchain/bin/../lib/gcc/arm-none-eabi/4.9.3/../../../../arm-none-eabi/lib/armv6-m\libc_nano.a(lib_a-impure.o)
__sflush_r                                        c:/program files (x86)/atmel/studio/7.0/toolchain/arm/arm-gnu-toolchain/bin/../lib/gcc/arm-none-eabi/4.9.3/../../../../arm-none-eabi/lib/armv6-m\libc_nano.a(lib_a-fflush.o)
__sfmoreglue                                      c:/program files (x86)/atmel/studio/7.0/toolchain/arm/arm-gnu-toolchain/bin/../lib/gcc/arm-none-eabi/4.9.3/../../../../arm-none-eabi/lib/armv6-m\libc_nano.a(lib_a-findfp.o)
__sfp                                             c:/program files (x86)/atmel/studio/7.0/toolchain/arm/arm-gnu-toolchain/bin/../lib/gcc/arm-none-eabi/4.9.3/../../../../arm-none-eabi/lib/armv6-m\libc_nano.a(lib_a-findfp.o)
__sfp_lock_acquire                                c:/program files (x86)/atmel/studio/7.0/toolchain/arm/arm-gnu-toolchain/bin/../lib/gcc/arm-none-eabi/4.9.3/../../../../arm-none-eabi/lib/armv6-m\libc_nano.a(lib_a-findfp.o)
__sfp_lock_release                                c:/program files (x86)/atmel/studio/7.0/toolchain/arm/arm-gnu-toolchain/bin/../lib/gcc/arm-none-eabi/4.9.3/../../../../arm-none-eabi/lib/armv6-m\libc_nano.a(lib_a-findfp.o)
__sfputs_r                                        c:/program files (x86)/atmel/studio/7.0/toolchain/arm/arm-gnu-toolchain/bin/../lib/gcc/arm-none-eabi/4.9.3/../../../../arm-none-eabi/lib/armv6-m\libc_nano.a(lib_a-nano-vfprintf.o)
__sfvwrite_r                                      c:/program files (x86)/atmel/studio/7.0/toolchain/arm/arm-gnu-toolchain/bin/../lib/gcc/arm-none-eabi/4.9.3/../../../../arm-none-eabi/lib/armv6-m\libc_nano.a(lib_a-fvwrite.o)
                                                  c:/program files (x86)/atmel/studio/7.0/toolchain/arm/arm-gnu-toolchain/bin/../lib/gcc/arm-none-eabi/4.9.3/../../../../arm-none-eabi/lib/armv6-m\libc_nano.a(lib_a-nano-vfprintf.o)
__sinit                                           c:/program files (x86)/atmel/studio/7.0/toolchain/arm/arm-gnu-toolchain/bin/../lib/gcc/arm-none-eabi/4.9.3/../../../../arm-none-eabi/lib/armv6-m\libc_nano.a(lib_a-findfp.o)
                                                  c:/program files (x86)/atmel/studio/7.0/toolchain/arm/arm-gnu-toolchain/bin/../lib/gcc/arm-none-eabi/4.9.3/../../../../arm-none-eabi/lib/armv6-m\libc_nano.a(lib_a-fflush.o)
                                                  c:/program files (x86)/atmel/studio/7.0/toolchain/arm/arm-gnu-toolchain/bin/../lib/gcc/arm-none-eabi/4.9.3/../../../../arm-none-eabi/lib/armv6-m\libc_nano.a(lib_a-wsetup.o)
                                                  c:/program files (x86)/atmel/studio/7.0/toolchain/arm/arm-gnu-toolchain/bin/../lib/gcc/arm-none-eabi/4.9.3/../../../../arm-none-eabi/lib/armv6-m\libc_nano.a(lib_a-wbuf.o)
                                                  c:/program files (x86)/atmel/studio/7.0/toolchain/arm/arm-gnu-toolchain/bin/../lib/gcc/arm-none-eabi/4.9.3/../../../../arm-none-eabi/lib/armv6-m\libc_nano.a(lib_a-nano-vfprintf.o)
                                                  c:/program files (x86)/atmel/studio/7.0/toolchain/arm/arm-gnu-toolchain/bin/../lib/gcc/arm-none-eabi/4.9.3/../../../../arm-none-eabi/lib/armv6-m\libc_nano.a(lib_a-printf.o)
__sinit_lock_acquire                              c:/program files (x86)/atmel/studio/7.0/toolchain/arm/arm-gnu-toolchain/bin/../lib/gcc/arm-none-eabi/4.9.3/../../../../arm-none-eabi/lib/armv6-m\libc_nano.a(lib_a-findfp.o)
__sinit_lock_release                              c:/program files (x86)/atmel/studio/7.0/toolchain/arm/arm-gnu-toolchain/bin/../lib/gcc/arm-none-eabi/4.9.3/../../../../arm-none-eabi/lib/armv6-m\libc_nano.a(lib_a-findfp.o)
__smakebuf_r                                      c:/program files (x86)/atmel/studio/7.0/toolchain/arm/arm-gnu-toolchain/bin/../lib/gcc/arm-none-eabi/4.9.3/../../../../arm-none-eabi/lib/armv6-m\libc_nano.a(lib_a-makebuf.o)
                                                  c:/program files (x86)/atmel/studio/7.0/toolchain/arm/arm-gnu-toolchain/bin/../lib/gcc/arm-none-eabi/4.9.3/../../../../arm-none-eabi/lib/armv6-m\libc_nano.a(lib_a-wsetup.o)
__sprint_r                                        c:/program files (x86)/atmel/studio/7.0/toolchain/arm/arm-gnu-toolchain/bin/../lib/gcc/arm-none-eabi/4.9.3/../../../../arm-none-eabi/lib/armv6-m\libc_nano.a(lib_a-nano-vfprintf.o)
__sread                                           c:/program files (x86)/atmel/studio/7.0/toolchain/arm/arm-gnu-toolchain/bin/../lib/gcc/arm-none-eabi/4.9.3/../../../../arm-none-eabi/lib/armv6-m\libc_nano.a(lib_a-stdio.o)
                                                  c:/program files (x86)/atmel/studio/7.0/toolchain/arm/arm-gnu-toolchain/bin/../lib/gcc/arm-none-eabi/4.9.3/../../../../arm-none-eabi/lib/armv6-m\libc_nano.a(lib_a-findfp.o)
__sseek                                           c:/program files (x86)/atmel/studio/7.0/toolchain/arm/arm-gnu-toolchain/bin/../lib/gcc/arm-none-eabi/4.9.3/../../../../arm-none-eabi/lib/armv6-m\libc_nano.a(lib_a-stdio.o)
                                                  c:/program files (x86)/atmel/studio/7.0/toolchain/arm/arm-gnu-toolchain/bin/../lib/gcc/arm-none-eabi/4.9.3/../../../../arm-none-eabi/lib/armv6-m\libc_nano.a(lib_a-findfp.o)
__stack                                           c:/program files (x86)/atmel/studio/7.0/toolchain/arm/arm-gnu-toolchain/bin/../lib/gcc/arm-none-eabi/4.9.3/../../../../arm-none-eabi/lib/armv6-m/crt0.o
__swbuf                                           c:/program files (x86)/atmel/studio/7.0/toolchain/arm/arm-gnu-toolchain/bin/../lib/gcc/arm-none-eabi/4.9.3/../../../../arm-none-eabi/lib/armv6-m\libc_nano.a(lib_a-wbuf.o)
__swbuf_r                                         c:/program files (x86)/atmel/studio/7.0/toolchain/arm/arm-gnu-toolchain/bin/../lib/gcc/arm-none-eabi/4.9.3/../../../../arm-none-eabi/lib/armv6-m\libc_nano.a(lib_a-wbuf.o)
                                                  c:/program files (x86)/atmel/studio/7.0/toolchain/arm/arm-gnu-toolchain/bin/../lib/gcc/arm-none-eabi/4.9.3/../../../../arm-none-eabi/lib/armv6-m\libc_nano.a(lib_a-nano-vfprintf.o)
__swrite                                          c:/program files (x86)/atmel/studio/7.0/toolchain/arm/arm-gnu-toolchain/bin/../lib/gcc/arm-none-eabi/4.9.3/../../../../arm-none-eabi/lib/armv6-m\libc_nano.a(lib_a-stdio.o)
                                                  c:/program files (x86)/atmel/studio/7.0/toolchain/arm/arm-gnu-toolchain/bin/../lib/gcc/arm-none-eabi/4.9.3/../../../../arm-none-eabi/lib/armv6-m\libc_nano.a(lib_a-findfp.o)
__swsetup_r                                       c:/program files (x86)/atmel/studio/7.0/toolchain/arm/arm-gnu-toolchain/bin/../lib/gcc/arm-none-eabi/4.9.3/../../../../arm-none-eabi/lib/armv6-m\libc_nano.a(lib_a-wsetup.o)
                                                  c:/program files (x86)/atmel/studio/7.0/toolchain/arm/arm-gnu-toolchain/bin/../lib/gcc/arm-none-eabi/4.9.3/../../../../arm-none-eabi/lib/armv6-m\libc_nano.a(lib_a-fvwrite.o)
                                                  c:/program files (x86)/atmel/studio/7.0/toolchain/arm/arm-gnu-toolchain/bin/../lib/gcc/arm-none-eabi/4.9.3/../../../../arm-none-eabi/lib/armv6-m\libc_nano.a(lib_a-wbuf.o)
                                                  c:/program files (x86)/atmel/studio/7.0/toolchain/arm/arm-gnu-toolchain/bin/../lib/gcc/arm-none-eabi/4.9.3/../../../../arm-none-eabi/lib/armv6-m\libc_nano.a(lib_a-nano-vfprintf.o)
__udivsi3                                         c:/program files (x86)/atmel/studio/7.0/toolchain/arm/arm-gnu-toolchain/bin/../lib/gcc/arm-none-eabi/4.9.3/armv6-m\libgcc.a(_udivsi3.o)
_cleanup                                          c:/program files (x86)/atmel/studio/7.0/toolchain/arm/arm-gnu-toolchain/bin/../lib/gcc/arm-none-eabi/4.9.3/../../../../arm-none-eabi/lib/armv6-m\libc_nano.a(lib_a-findfp.o)
_cleanup_r                                        c:/program files (x86)/atmel/studio/7.0/toolchain/arm/arm-gnu-toolchain/bin/../lib/gcc/arm-none-eabi/4.9.3/../../../../arm-none-eabi/lib/armv6-m\libc_nano.a(lib_a-findfp.o)
                                                  c:/program files (x86)/atmel/studio/7.0/toolchain/arm/arm-gnu-toolchain/bin/../lib/gcc/arm-none-eabi/4.9.3/../../../../arm-none-eabi/lib/armv6-m\libc_nano.a(lib_a-makebuf.o)
_close                                            src/ASF/sam0/utils/syscalls/gcc/syscalls.o
                                                  c:/program files (x86)/atmel/studio/7.0/toolchain/arm/arm-gnu-toolchain/bin/../lib/gcc/arm-none-eabi/4.9.3/../../../../arm-none-eabi/lib/armv6-m\libc_nano.a(lib_a-closer.o)
_close_r                                          c:/program files (x86)/atmel/studio/7.0/toolchain/arm/arm-gnu-toolchain/bin/../lib/gcc/arm-none-eabi/4.9.3/../../../../arm-none-eabi/lib/armv6-m\libc_nano.a(lib_a-closer.o)
                                                  c:/program files (x86)/atmel/studio/7.0/toolchain/arm/arm-gnu-toolchain/bin/../lib/gcc/arm-none-eabi/4.9.3/../../../../arm-none-eabi/lib/armv6-m\libc_nano.a(lib_a-stdio.o)
_end                                              src/ASF/sam0/utils/syscalls/gcc/syscalls.o
_erelocate                                        src/ASF/sam0/utils/cmsis/samd20/source/gcc/startup_samd20.o
_estack                                           src/ASF/sam0/utils/cmsis/samd20/source/gcc/startup_samd20.o
_etext                                            src/ASF/sam0/utils/cmsis/samd20/source/gcc/startup_samd20.o
_exit                                             src/ASF/sam0/utils/syscalls/gcc/syscalls.o
                                                  c:/program files (x86)/atmel/studio/7.0/toolchain/arm/arm-gnu-toolchain/bin/../lib/gcc/arm-none-eabi/4.9.3/../../../../arm-none-eabi/lib/armv6-m\libc_nano.a(lib_a-exit.o)
_ezero                                            src/ASF/sam0/utils/cmsis/samd20/source/gcc/startup_samd20.o
_fflush_r                                         c:/program files (x86)/atmel/studio/7.0/toolchain/arm/arm-gnu-toolchain/bin/../lib/gcc/arm-none-eabi/4.9.3/../../../../arm-none-eabi/lib/armv6-m\libc_nano.a(lib_a-fflush.o)
                                                  c:/program files (x86)/atmel/studio/7.0/toolchain/arm/arm-gnu-toolchain/bin/../lib/gcc/arm-none-eabi/4.9.3/../../../../arm-none-eabi/lib/armv6-m\libc_nano.a(lib_a-fvwrite.o)
                                                  c:/program files (x86)/atmel/studio/7.0/toolchain/arm/arm-gnu-toolchain/bin/../lib/gcc/arm-none-eabi/4.9.3/../../../../arm-none-eabi/lib/armv6-m\libc_nano.a(lib_a-wbuf.o)
                                                  c:/program files (x86)/atmel/studio/7.0/toolchain/arm/arm-gnu-toolchain/bin/../lib/gcc/arm-none-eabi/4.9.3/../../../../arm-none-eabi/lib/armv6-m\libc_nano.a(lib_a-findfp.o)
_fini                                             c:/program files (x86)/atmel/studio/7.0/toolchain/arm/arm-gnu-toolchain/bin/../lib/gcc/arm-none-eabi/4.9.3/armv6-m/crti.o
_free_r                                           c:/program files (x86)/atmel/studio/7.0/toolchain/arm/arm-gnu-toolchain/bin/../lib/gcc/arm-none-eabi/4.9.3/../../../../arm-none-eabi/lib/armv6-m\libc_nano.a(lib_a-nano-freer.o)
                                                  c:/program files (x86)/atmel/studio/7.0/toolchain/arm/arm-gnu-toolchain/bin/../lib/gcc/arm-none-eabi/4.9.3/../../../../arm-none-eabi/lib/armv6-m\libc_nano.a(lib_a-reent.o)
                                                  c:/program files (x86)/atmel/studio/7.0/toolchain/arm/arm-gnu-toolchain/bin/../lib/gcc/arm-none-eabi/4.9.3/../../../../arm-none-eabi/lib/armv6-m\libc_nano.a(lib_a-nano-reallocr.o)
                                                  c:/program files (x86)/atmel/studio/7.0/toolchain/arm/arm-gnu-toolchain/bin/../lib/gcc/arm-none-eabi/4.9.3/../../../../arm-none-eabi/lib/armv6-m\libc_nano.a(lib_a-fvwrite.o)
                                                  c:/program files (x86)/atmel/studio/7.0/toolchain/arm/arm-gnu-toolchain/bin/../lib/gcc/arm-none-eabi/4.9.3/../../../../arm-none-eabi/lib/armv6-m\libc_nano.a(lib_a-fflush.o)
                                                  c:/program files (x86)/atmel/studio/7.0/toolchain/arm/arm-gnu-toolchain/bin/../lib/gcc/arm-none-eabi/4.9.3/../../../../arm-none-eabi/lib/armv6-m\libc_nano.a(lib_a-wsetup.o)
_fstat                                            src/ASF/sam0/utils/syscalls/gcc/syscalls.o
                                                  c:/program files (x86)/atmel/studio/7.0/toolchain/arm/arm-gnu-toolchain/bin/../lib/gcc/arm-none-eabi/4.9.3/../../../../arm-none-eabi/lib/armv6-m\libc_nano.a(lib_a-fstatr.o)
_fstat_r                                          c:/program files (x86)/atmel/studio/7.0/toolchain/arm/arm-gnu-toolchain/bin/../lib/gcc/arm-none-eabi/4.9.3/../../../../arm-none-eabi/lib/armv6-m\libc_nano.a(lib_a-fstatr.o)
                                                  c:/program files (x86)/atmel/studio/7.0/toolchain/arm/arm-gnu-toolchain/bin/../lib/gcc/arm-none-eabi/4.9.3/../../../../arm-none-eabi/lib/armv6-m\libc_nano.a(lib_a-makebuf.o)
_fwalk                                            c:/program files (x86)/atmel/studio/7.0/toolchain/arm/arm-gnu-toolchain/bin/../lib/gcc/arm-none-eabi/4.9.3/../../../../arm-none-eabi/lib/armv6-m\libc_nano.a(lib_a-fwalk.o)
                                                  c:/program files (x86)/atmel/studio/7.0/toolchain/arm/arm-gnu-toolchain/bin/../lib/gcc/arm-none-eabi/4.9.3/../../../../arm-none-eabi/lib/armv6-m\libc_nano.a(lib_a-findfp.o)
_fwalk_reent                                      c:/program files (x86)/atmel/studio/7.0/toolchain/arm/arm-gnu-toolchain/bin/../lib/gcc/arm-none-eabi/4.9.3/../../../../arm-none-eabi/lib/armv6-m\libc_nano.a(lib_a-fwalk.o)
                                                  c:/program files (x86)/atmel/studio/7.0/toolchain/arm/arm-gnu-toolchain/bin/../lib/gcc/arm-none-eabi/4.9.3/../../../../arm-none-eabi/lib/armv6-m\libc_nano.a(lib_a-fflush.o)
                                                  c:/program files (x86)/atmel/studio/7.0/toolchain/arm/arm-gnu-toolchain/bin/../lib/gcc/arm-none-eabi/4.9.3/../../../../arm-none-eabi/lib/armv6-m\libc_nano.a(lib_a-findfp.o)
_getpid                                           src/ASF/sam0/utils/syscalls/gcc/syscalls.o
_global_impure_ptr                                c:/program files (x86)/atmel/studio/7.0/toolchain/arm/arm-gnu-toolchain/bin/../lib/gcc/arm-none-eabi/4.9.3/../../../../arm-none-eabi/lib/armv6-m\libc_nano.a(lib_a-impure.o)
                                                  c:/program files (x86)/atmel/studio/7.0/toolchain/arm/arm-gnu-toolchain/bin/../lib/gcc/arm-none-eabi/4.9.3/../../../../arm-none-eabi/lib/armv6-m\libc_nano.a(lib_a-fflush.o)
                                                  c:/program files (x86)/atmel/studio/7.0/toolchain/arm/arm-gnu-toolchain/bin/../lib/gcc/arm-none-eabi/4.9.3/../../../../arm-none-eabi/lib/armv6-m\libc_nano.a(lib_a-findfp.o)
                                                  c:/program files (x86)/atmel/studio/7.0/toolchain/arm/arm-gnu-toolchain/bin/../lib/gcc/arm-none-eabi/4.9.3/../../../../arm-none-eabi/lib/armv6-m\libc_nano.a(lib_a-exit.o)
_impure_ptr                                       c:/program files (x86)/atmel/studio/7.0/toolchain/arm/arm-gnu-toolchain/bin/../lib/gcc/arm-none-eabi/4.9.3/../../../../arm-none-eabi/lib/armv6-m\libc_nano.a(lib_a-impure.o)
                                                  c:/program files (x86)/atmel/studio/7.0/toolchain/arm/arm-gnu-toolchain/bin/../lib/gcc/arm-none-eabi/4.9.3/../../../../arm-none-eabi/lib/armv6-m\libc_nano.a(lib_a-reent.o)
                                                  c:/program files (x86)/atmel/studio/7.0/toolchain/arm/arm-gnu-toolchain/bin/../lib/gcc/arm-none-eabi/4.9.3/../../../../arm-none-eabi/lib/armv6-m\libc_nano.a(lib_a-fflush.o)
                                                  c:/program files (x86)/atmel/studio/7.0/toolchain/arm/arm-gnu-toolchain/bin/../lib/gcc/arm-none-eabi/4.9.3/../../../../arm-none-eabi/lib/armv6-m\libc_nano.a(lib_a-wsetup.o)
                                                  c:/program files (x86)/atmel/studio/7.0/toolchain/arm/arm-gnu-toolchain/bin/../lib/gcc/arm-none-eabi/4.9.3/../../../../arm-none-eabi/lib/armv6-m\libc_nano.a(lib_a-wbuf.o)
                                                  c:/program files (x86)/atmel/studio/7.0/toolchain/arm/arm-gnu-toolchain/bin/../lib/gcc/arm-none-eabi/4.9.3/../../../../arm-none-eabi/lib/armv6-m\libc_nano.a(lib_a-nano-vfprintf.o)
                                                  c:/program files (x86)/atmel/studio/7.0/toolchain/arm/arm-gnu-toolchain/bin/../lib/gcc/arm-none-eabi/4.9.3/../../../../arm-none-eabi/lib/armv6-m\libc_nano.a(lib_a-findfp.o)
                                                  c:/program files (x86)/atmel/studio/7.0/toolchain/arm/arm-gnu-toolchain/bin/../lib/gcc/arm-none-eabi/4.9.3/../../../../arm-none-eabi/lib/armv6-m\libc_nano.a(lib_a-printf.o)
_init                                             c:/program files (x86)/atmel/studio/7.0/toolchain/arm/arm-gnu-toolchain/bin/../lib/gcc/arm-none-eabi/4.9.3/armv6-m/crti.o
                                                  c:/program files (x86)/atmel/studio/7.0/toolchain/arm/arm-gnu-toolchain/bin/../lib/gcc/arm-none-eabi/4.9.3/../../../../arm-none-eabi/lib/armv6-m\libc_nano.a(lib_a-init.o)
_iprintf_r                                        c:/program files (x86)/atmel/studio/7.0/toolchain/arm/arm-gnu-toolchain/bin/../lib/gcc/arm-none-eabi/4.9.3/../../../../arm-none-eabi/lib/armv6-m\libc_nano.a(lib_a-printf.o)
_isatty                                           src/ASF/sam0/utils/syscalls/gcc/syscalls.o
                                                  c:/program files (x86)/atmel/studio/7.0/toolchain/arm/arm-gnu-toolchain/bin/../lib/gcc/arm-none-eabi/4.9.3/../../../../arm-none-eabi/lib/armv6-m\libc_nano.a(lib_a-isattyr.o)
_isatty_r                                         c:/program files (x86)/atmel/studio/7.0/toolchain/arm/arm-gnu-toolchain/bin/../lib/gcc/arm-none-eabi/4.9.3/../../../../arm-none-eabi/lib/armv6-m\libc_nano.a(lib_a-isattyr.o)
                                                  c:/program files (x86)/atmel/studio/7.0/toolchain/arm/arm-gnu-toolchain/bin/../lib/gcc/arm-none-eabi/4.9.3/../../../../arm-none-eabi/lib/armv6-m\libc_nano.a(lib_a-makebuf.o)
_kill                                             src/ASF/sam0/utils/syscalls/gcc/syscalls.o
_lseek                                            src/ASF/sam0/utils/syscalls/gcc/syscalls.o
                                                  c:/program files (x86)/atmel/studio/7.0/toolchain/arm/arm-gnu-toolchain/bin/../lib/gcc/arm-none-eabi/4.9.3/../../../../arm-none-eabi/lib/armv6-m\libc_nano.a(lib_a-lseekr.o)
_lseek_r                                          c:/program files (x86)/atmel/studio/7.0/toolchain/arm/arm-gnu-toolchain/bin/../lib/gcc/arm-none-eabi/4.9.3/../../../../arm-none-eabi/lib/armv6-m\libc_nano.a(lib_a-lseekr.o)
                                                  c:/program files (x86)/atmel/studio/7.0/toolchain/arm/arm-gnu-toolchain/bin/../lib/gcc/arm-none-eabi/4.9.3/../../../../arm-none-eabi/lib/armv6-m\libc_nano.a(lib_a-stdio.o)
_mainCRTStartup                                   c:/program files (x86)/atmel/studio/7.0/toolchain/arm/arm-gnu-toolchain/bin/../lib/gcc/arm-none-eabi/4.9.3/../../../../arm-none-eabi/lib/armv6-m/crt0.o
_malloc_r                                         c:/program files (x86)/atmel/studio/7.0/toolchain/arm/arm-gnu-toolchain/bin/../lib/gcc/arm-none-eabi/4.9.3/../../../../arm-none-eabi/lib/armv6-m\libc_nano.a(lib_a-nano-mallocr.o)
                                                  c:/program files (x86)/atmel/studio/7.0/toolchain/arm/arm-gnu-toolchain/bin/../lib/gcc/arm-none-eabi/4.9.3/../../../../arm-none-eabi/lib/armv6-m\libc_nano.a(lib_a-nano-reallocr.o)
                                                  c:/program files (x86)/atmel/studio/7.0/toolchain/arm/arm-gnu-toolchain/bin/../lib/gcc/arm-none-eabi/4.9.3/../../../../arm-none-eabi/lib/armv6-m\libc_nano.a(lib_a-makebuf.o)
                                                  c:/program files (x86)/atmel/studio/7.0/toolchain/arm/arm-gnu-toolchain/bin/../lib/gcc/arm-none-eabi/4.9.3/../../../../arm-none-eabi/lib/armv6-m\libc_nano.a(lib_a-fvwrite.o)
                                                  c:/program files (x86)/atmel/studio/7.0/toolchain/arm/arm-gnu-toolchain/bin/../lib/gcc/arm-none-eabi/4.9.3/../../../../arm-none-eabi/lib/armv6-m\libc_nano.a(lib_a-findfp.o)
_malloc_usable_size_r                             c:/program files (x86)/atmel/studio/7.0/toolchain/arm/arm-gnu-toolchain/bin/../lib/gcc/arm-none-eabi/4.9.3/../../../../arm-none-eabi/lib/armv6-m\libc_nano.a(lib_a-nano-msizer.o)
                                                  c:/program files (x86)/atmel/studio/7.0/toolchain/arm/arm-gnu-toolchain/bin/../lib/gcc/arm-none-eabi/4.9.3/../../../../arm-none-eabi/lib/armv6-m\libc_nano.a(lib_a-nano-reallocr.o)
_printf_common                                    c:/program files (x86)/atmel/studio/7.0/toolchain/arm/arm-gnu-toolchain/bin/../lib/gcc/arm-none-eabi/4.9.3/../../../../arm-none-eabi/lib/armv6-m\libc_nano.a(lib_a-nano-vfprintf_i.o)
_printf_float                                     c:/program files (x86)/atmel/studio/7.0/toolchain/arm/arm-gnu-toolchain/bin/../lib/gcc/arm-none-eabi/4.9.3/../../../../arm-none-eabi/lib/armv6-m\libc_nano.a(lib_a-nano-vfprintf.o)
_printf_i                                         c:/program files (x86)/atmel/studio/7.0/toolchain/arm/arm-gnu-toolchain/bin/../lib/gcc/arm-none-eabi/4.9.3/../../../../arm-none-eabi/lib/armv6-m\libc_nano.a(lib_a-nano-vfprintf_i.o)
                                                  c:/program files (x86)/atmel/studio/7.0/toolchain/arm/arm-gnu-toolchain/bin/../lib/gcc/arm-none-eabi/4.9.3/../../../../arm-none-eabi/lib/armv6-m\libc_nano.a(lib_a-nano-vfprintf.o)
_printf_r                                         c:/program files (x86)/atmel/studio/7.0/toolchain/arm/arm-gnu-toolchain/bin/../lib/gcc/arm-none-eabi/4.9.3/../../../../arm-none-eabi/lib/armv6-m\libc_nano.a(lib_a-printf.o)
_read                                             c:/program files (x86)/atmel/studio/7.0/toolchain/arm/arm-gnu-toolchain/bin/../lib/gcc/arm-none-eabi/4.9.3/../../../../arm-none-eabi/lib/armv6-m\libc_nano.a(lib_a-readr.o)
_read_r                                           c:/program files (x86)/atmel/studio/7.0/toolchain/arm/arm-gnu-toolchain/bin/../lib/gcc/arm-none-eabi/4.9.3/../../../../arm-none-eabi/lib/armv6-m\libc_nano.a(lib_a-readr.o)
                                                  c:/program files (x86)/atmel/studio/7.0/toolchain/arm/arm-gnu-toolchain/bin/../lib/gcc/arm-none-eabi/4.9.3/../../../../arm-none-eabi/lib/armv6-m\libc_nano.a(lib_a-stdio.o)