Archive member included because of file (symbol)

c:/program files (x86)/atmel/studio/7.0/toolchain/arm/arm-gnu-toolchain/bin/../lib/gcc/arm-none-eabi/4.9.3/armv6-m\libgcc.a(_udivsi3.o)
                              src/ASF/sam0/drivers/system/clock/clock_samd20/gclk.o (__aeabi_uidiv)
c:/program files (x86)/atmel/studio/7.0/toolchain/arm/arm-gnu-toolchain/bin/../lib/gcc/arm-none-eabi/4.9.3/armv6-m\libgcc.a(_dvmd_tls.o)
                              c:/program files (x86)/atmel/studio/7.0/toolchain/arm/arm-gnu-toolchain/bin/../lib/gcc/arm-none-eabi/4.9.3/armv6-m\libgcc.a(_udivsi3.o) (__aeabi_idiv0)
c:/program files (x86)/atmel/studio/7.0/toolchain/arm/arm-gnu-toolchain/bin/../lib/gcc/arm-none-eabi/4.9.3/armv6-m\libgcc.a(_muldi3.o)
                              src/ASF/sam0/drivers/sercom/sercom.o (__aeabi_lmul)
c:/program files (x86)/atmel/studio/7.0/toolchain/arm/arm-gnu-toolchain/bin/../lib/gcc/arm-none-eabi/4.9.3/../../../../arm-none-eabi/lib/armv6-m\libc_nano.a(lib_a-exit.o)
                              c:/program files (x86)/atmel/studio/7.0/toolchain/arm/arm-gnu-toolchain/bin/../lib/gcc/arm-none-eabi/4.9.3/../../../../arm-none-eabi/lib/armv6-m/crt0.o (exit)
c:/program files (x86)/atmel/studio/7.0/toolchain/arm/arm-gnu-toolchain/bin/../lib/gcc/arm-none-eabi/4.9.3/../../../../arm-none-eabi/lib/armv6-m\libc_nano.a(lib_a-impure.o)
                              c:/program files (x86)/atmel/studio/7.0/toolchain/arm/arm-gnu-toolchain/bin/../lib/gcc/arm-none-eabi/4.9.3/../../../../arm-none-eabi/lib/armv6-m\libc_nano.a(lib_a-exit.o) (_global_impure_ptr)
c:/program files (x86)/atmel/studio/7.0/toolchain/arm/arm-gnu-toolchain/bin/../lib/gcc/arm-none-eabi/4.9.3/../../../../arm-none-eabi/lib/armv6-m\libc_nano.a(lib_a-init.o)
                              c:/program files (x86)/atmel/studio/7.0/toolchain/arm/arm-gnu-toolchain/bin/../lib/gcc/arm-none-eabi/4.9.3/../../../../arm-none-eabi/lib/armv6-m/crt0.o (__libc_init_array)
c:/program files (x86)/atmel/studio/7.0/toolchain/arm/arm-gnu-toolchain/bin/../lib/gcc/arm-none-eabi/4.9.3/../../../../arm-none-eabi/lib/armv6-m\libc_nano.a(lib_a-memcpy.o)
                              src/ASF/sam0/drivers/adc/adc_sam_d_r/adc.o (memcpy)
c:/program files (x86)/atmel/studio/7.0/toolchain/arm/arm-gnu-toolchain/bin/../lib/gcc/arm-none-eabi/4.9.3/../../../../arm-none-eabi/lib/armv6-m\libc_nano.a(lib_a-memset.o)
                              c:/program files (x86)/atmel/studio/7.0/toolchain/arm/arm-gnu-toolchain/bin/../lib/gcc/arm-none-eabi/4.9.3/../../../../arm-none-eabi/lib/armv6-m/crt0.o (memset)
c:/program files (x86)/atmel/studio/7.0/toolchain/arm/arm-gnu-toolchain/bin/../lib/gcc/arm-none-eabi/4.9.3/../../../../arm-none-eabi/lib/armv6-m\libc_nano.a(lib_a-printf.o)
                              src/ASF/sam0/utils/syscalls/gcc/syscalls.o (printf)
c:/program files (x86)/atmel/studio/7.0/toolchain/arm/arm-gnu-toolchain/bin/../lib/gcc/arm-none-eabi/4.9.3/../../../../arm-none-eabi/lib/armv6-m\libc_nano.a(lib_a-findfp.o)
                              c:/program files (x86)/atmel/studio/7.0/toolchain/arm/arm-gnu-toolchain/bin/../lib/gcc/arm-none-eabi/4.9.3/../../../../arm-none-eabi/lib/armv6-m\libc_nano.a(lib_a-printf.o) (__sinit)
c:/program files (x86)/atmel/studio/7.0/toolchain/arm/arm-gnu-toolchain/bin/../lib/gcc/arm-none-eabi/4.9.3/../../../../arm-none-eabi/lib/armv6-m\libc_nano.a(lib_a-fwalk.o)
                              c:/program files (x86)/atmel/studio/7.0/toolchain/arm/arm-gnu-toolchain/bin/../lib/gcc/arm-none-eabi/4.9.3/../../../../arm-none-eabi/lib/armv6-m\libc_nano.a(lib_a-findfp.o) (_fwalk)
c:/program files (x86)/atmel/studio/7.0/toolchain/arm/arm-gnu-toolchain/bin/../lib/gcc/arm-none-eabi/4.9.3/../../../../arm-none-eabi/lib/armv6-m\libc_nano.a(lib_a-nano-mallocr.o)
                              c:/program files (x86)/atmel/studio/7.0/toolchain/arm/arm-gnu-toolchain/bin/../lib/gcc/arm-none-eabi/4.9.3/../../../../arm-none-eabi/lib/armv6-m\libc_nano.a(lib_a-findfp.o) (_malloc_r)
c:/program files (x86)/atmel/studio/7.0/toolchain/arm/arm-gnu-toolchain/bin/../lib/gcc/arm-none-eabi/4.9.3/../../../../arm-none-eabi/lib/armv6-m\libc_nano.a(lib_a-nano-vfprintf.o)
                              c:/program files (x86)/atmel/studio/7.0/toolchain/arm/arm-gnu-toolchain/bin/../lib/gcc/arm-none-eabi/4.9.3/../../../../arm-none-eabi/lib/armv6-m\libc_nano.a(lib_a-printf.o) (_vfprintf_r)
c:/program files (x86)/atmel/studio/7.0/toolchain/arm/arm-gnu-toolchain/bin/../lib/gcc/arm-none-eabi/4.9.3/../../../../arm-none-eabi/lib/armv6-m\libc_nano.a(lib_a-nano-vfprintf_i.o)
                              c:/program files (x86)/atmel/studio/7.0/toolchain/arm/arm-gnu-toolchain/bin/../lib/gcc/arm-none-eabi/4.9.3/../../../../arm-none-eabi/lib/armv6-m\libc_nano.a(lib_a-nano-vfprintf.o) (_printf_i)
c:/program files (x86)/atmel/studio/7.0/toolchain/arm/arm-gnu-toolchain/bin/../lib/gcc/arm-none-eabi/4.9.3/../../../../arm-none-eabi/lib/armv6-m\libc_nano.a(lib_a-sbrkr.o)
[...]
Memory Configuration

Name             Origin             Length             Attributes
rom              0x00000000         0x00040000         xr
ram              0x20000000         0x00008000         xrw
*default*        0x00000000         0xffffffff

Linker script and memory map

LOAD c:/program files (x86)/atmel/studio/7.0/toolchain/arm/arm-gnu-toolchain/bin/../lib/gcc/arm-none-eabi/4.9.3/armv6-m/crti.o
LOAD c:/program files (x86)/atmel/studio/7.0/toolchain/arm/arm-gnu-toolchain/bin/../lib/gcc/arm-none-eabi/4.9.3/armv6-m/crtbegin.o
LOAD c:/program files (x86)/atmel/studio/7.0/toolchain/arm/arm-gnu-toolchain/bin/../lib/gcc/arm-none-eabi/4.9.3/../../../../arm-none-eabi/lib/armv6-m/crt0.o
LOAD spi_treble.o
LOAD src/ASF/sam0/drivers/adc/adc_sam_d_r/adc.o
LOAD src/ASF/sam0/drivers/adc/adc_sam_d_r/adc_callback.o
LOAD atod_treble.o
LOAD hw_treble.o
LOAD tc_treble.o
LOAD src/ASF/common/utils/interrupt/interrupt_sam_nvic.o
LOAD src/ASF/sam0/boards/samd20_xplained_pro/board_init.o
LOAD src/ASF/sam0/drivers/port/port.o
LOAD src/ASF/sam0/drivers/sercom/sercom.o
LOAD src/ASF/sam0/drivers/sercom/sercom_interrupt.o
LOAD src/ASF/sam0/drivers/sercom/spi/spi.o
LOAD src/ASF/sam0/drivers/sercom/spi/spi_interrupt.o
LOAD src/ASF/sam0/drivers/system/clock/clock_samd20/clock.o
LOAD src/ASF/sam0/drivers/system/clock/clock_samd20/gclk.o
LOAD src/ASF/sam0/drivers/system/interrupt/system_interrupt.o
LOAD src/ASF/sam0/drivers/system/pinmux/pinmux.o
LOAD src/ASF/sam0/drivers/system/system.o
LOAD src/ASF/sam0/drivers/tc/tc_interrupt.o
LOAD src/ASF/sam0/drivers/tc/tc_sam_d_r/tc.o
LOAD src/ASF/sam0/utils/cmsis/samd20/source/gcc/startup_samd20.o
LOAD src/ASF/sam0/utils/cmsis/samd20/source/system_samd20.o
LOAD src/ASF/sam0/utils/syscalls/gcc/syscalls.o
LOAD src/main_treble.o
START GROUP
LOAD ../src/ASF/thirdparty/CMSIS/Lib/GCC\libarm_cortexM0l_math.a
LOAD c:/program files (x86)/atmel/studio/7.0/toolchain/arm/arm-gnu-toolchain/bin/../lib/gcc/arm-none-eabi/4.9.3/../../../../arm-none-eabi/lib/armv6-m\libm.a
END GROUP
START GROUP
LOAD c:/program files (x86)/atmel/studio/7.0/toolchain/arm/arm-gnu-toolchain/bin/../lib/gcc/arm-none-eabi/4.9.3/armv6-m\libgcc.a
LOAD c:/program files (x86)/atmel/studio/7.0/toolchain/arm/arm-gnu-toolchain/bin/../lib/gcc/arm-none-eabi/4.9.3/../../../../arm-none-eabi/lib/armv6-m\libc_nano.a
END GROUP
START GROUP
LOAD c:/program files (x86)/atmel/studio/7.0/toolchain/arm/arm-gnu-toolchain/bin/../lib/gcc/arm-none-eabi/4.9.3/armv6-m\libgcc.a
LOAD c:/program files (x86)/atmel/studio/7.0/toolchain/arm/arm-gnu-toolchain/bin/../lib/gcc/arm-none-eabi/4.9.3/../../../../arm-none-eabi/lib/armv6-m\libc_nano.a
END GROUP
LOAD c:/program files (x86)/atmel/studio/7.0/toolchain/arm/arm-gnu-toolchain/bin/../lib/gcc/arm-none-eabi/4.9.3/armv6-m/crtend.o
LOAD c:/program files (x86)/atmel/studio/7.0/toolchain/arm/arm-gnu-toolchain/bin/../lib/gcc/arm-none-eabi/4.9.3/armv6-m/crtn.o
                0x00002000                STACK_SIZE = DEFINED (STACK_SIZE)?STACK_SIZE:DEFINED (__stack_size__)?__stack_size__:0x2000

.text           0x00000000     0x1fe8
                0x00000000                . = ALIGN (0x4)
                0x00000000                _sfixed = .
 *(.vectors .vectors.*)
 .vectors       0x00000000       0xa4 src/ASF/sam0/utils/cmsis/samd20/source/gcc/startup_samd20.o
                0x00000000                exception_table
 *(.text .text.* .gnu.linkonce.t.*)
 .text          0x000000a4       0x60 c:/program files (x86)/atmel/studio/7.0/toolchain/arm/arm-gnu-toolchain/bin/../lib/gcc/arm-none-eabi/4.9.3/armv6-m/crtbegin.o
 .text.spi_slave_callback
                0x00000104        0xc spi_treble.o
 .text.configure_spi_slave_callbacks
                0x00000110       0x28 spi_treble.o
                0x00000110                configure_spi_slave_callbacks
 .text.configure_spi_slave
                0x00000138       0x8c spi_treble.o
                0x00000138                configure_spi_slave
 .text.adc_get_config_defaults
                0x000001c4       0x44 src/ASF/sam0/drivers/adc/adc_sam_d_r/adc.o
                0x000001c4                adc_get_config_defaults
 .text.adc_init
                0x00000208      0x444 src/ASF/sam0/drivers/adc/adc_sam_d_r/adc.o
                0x00000208                adc_init
 .text.ADC_Handler
                0x0000064c       0xc4 src/ASF/sam0/drivers/adc/adc_sam_d_r/adc_callback.o
                0x0000064c                ADC_Handler
 .text.adc_register_callback
                0x00000710       0x14 src/ASF/sam0/drivers/adc/adc_sam_d_r/adc_callback.o
                0x00000710                adc_register_callback
 .text.adc_read_buffer_job
                0x00000724       0x50 src/ASF/sam0/drivers/adc/adc_sam_d_r/adc_callback.o
                0x00000724                adc_read_buffer_job
 .text.adc_complete_callback
                0x00000774        0xc atod_treble.o
                0x00000774                adc_complete_callback
 .text.configure_adc
                0x00000780       0x6c atod_treble.o
                0x00000780                configure_adc
 .text.configure_adc_callbacks
                0x000007ec       0x24 atod_treble.o
                0x000007ec                configure_adc_callbacks
 .text.tc_callback_to_toggle_led
                0x00000810       0x10 tc_treble.o
                0x00000810                tc_callback_to_toggle_led
 .text.configure_tc
                0x00000820       0x78 tc_treble.o
                0x00000820                configure_tc
 .text.configure_tc_callbacks
                0x00000898       0x50 tc_treble.o
                0x00000898                configure_tc_callbacks
 .text.cpu_irq_enter_critical
                0x000008e8       0x3c src/ASF/common/utils/interrupt/interrupt_sam_nvic.o
                0x000008e8                cpu_irq_enter_critical
 .text.cpu_irq_leave_critical
                0x00000924       0x30 src/ASF/common/utils/interrupt/interrupt_sam_nvic.o
                0x00000924                cpu_irq_leave_critical
 .text.system_board_init
                0x00000954       0x44 src/ASF/sam0/boards/samd20_xplained_pro/board_init.o
                0x00000954                board_init
                0x00000954                system_board_init
 .text.port_pin_set_config
                0x00000998       0x24 src/ASF/sam0/drivers/port/port.o
                0x00000998                port_pin_set_config
 .text._sercom_get_sync_baud_val
                0x000009bc       0x28 src/ASF/sam0/drivers/sercom/sercom.o
                0x000009bc                _sercom_get_sync_baud_val
 .text.sercom_set_gclk_generator
                0x000009e4       0x48 src/ASF/sam0/drivers/sercom/sercom.o
                0x000009e4                sercom_set_gclk_generator
 .text._sercom_get_default_pad
                0x00000a2c      0x160 src/ASF/sam0/drivers/sercom/sercom.o
                0x00000a2c                _sercom_get_default_pad
 .text._sercom_get_sercom_inst_index
                0x00000b8c       0x30 src/ASF/sam0/drivers/sercom/sercom.o
                0x00000b8c                _sercom_get_sercom_inst_index
 .text._sercom_default_handler
                0x00000bbc        0x4 src/ASF/sam0/drivers/sercom/sercom_interrupt.o
 .text._sercom_set_handler
                0x00000bc0       0x44 src/ASF/sam0/drivers/sercom/sercom_interrupt.o
                0x00000bc0                _sercom_set_handler
 .text._sercom_get_interrupt_vector
                0x00000c04       0x2c src/ASF/sam0/drivers/sercom/sercom_interrupt.o
                0x00000c04                _sercom_get_interrupt_vector
 .text.SERCOM0_Handler
                0x00000c30       0x10 src/ASF/sam0/drivers/sercom/sercom_interrupt.o
                0x00000c30                SERCOM0_Handler
 .text.SERCOM1_Handler
                0x00000c40       0x10 src/ASF/sam0/drivers/sercom/sercom_interrupt.o
                0x00000c40                SERCOM1_Handler
 .text.SERCOM2_Handler
                0x00000c50       0x10 src/ASF/sam0/drivers/sercom/sercom_interrupt.o
                0x00000c50                SERCOM2_Handler
 .text.SERCOM3_Handler
                0x00000c60       0x10 src/ASF/sam0/drivers/sercom/sercom_interrupt.o
                0x00000c60                SERCOM3_Handler
 .text.SERCOM4_Handler
                0x00000c70       0x10 src/ASF/sam0/drivers/sercom/sercom_interrupt.o
                0x00000c70                SERCOM4_Handler
 .text.SERCOM5_Handler
                0x00000c80       0x10 src/ASF/sam0/drivers/sercom/sercom_interrupt.o
                0x00000c80                SERCOM5_Handler
 .text.spi_init
                0x00000c90      0x218 src/ASF/sam0/drivers/sercom/spi/spi.o
                0x00000c90                spi_init
 .text.spi_register_callback
                0x00000ea8       0x18 src/ASF/sam0/drivers/sercom/spi/spi_interrupt.o
                0x00000ea8                spi_register_callback
 .text._spi_interrupt_handler
                0x00000ec0      0x1dc src/ASF/sam0/drivers/sercom/spi/spi_interrupt.o
                0x00000ec0                _spi_interrupt_handler
 .text.system_clock_source_get_hz
                0x0000109c       0x7c src/ASF/sam0/drivers/system/clock/clock_samd20/clock.o
                0x0000109c                system_clock_source_get_hz
 .text.system_clock_source_xosc32k_set_config
                0x00001118       0xd8 src/ASF/sam0/drivers/system/clock/clock_samd20/clock.o
                0x00001118                system_clock_source_xosc32k_set_config
 .text.system_clock_source_enable
                0x000011f0       0x90 src/ASF/sam0/drivers/system/clock/clock_samd20/clock.o
                0x000011f0                system_clock_source_enable
 .text.system_clock_init
                0x00001280       0xf8 src/ASF/sam0/drivers/system/clock/clock_samd20/clock.o
                0x00001280                system_clock_init
 .text.system_gclk_init
                0x00001378       0x24 src/ASF/sam0/drivers/system/clock/clock_samd20/gclk.o
                0x00001378                system_gclk_init
 .text.system_gclk_gen_set_config
                0x0000139c       0xb0 src/ASF/sam0/drivers/system/clock/clock_samd20/gclk.o
                0x0000139c                system_gclk_gen_set_config
 .text.system_gclk_gen_enable
                0x0000144c       0x44 src/ASF/sam0/drivers/system/clock/clock_samd20/gclk.o
                0x0000144c                system_gclk_gen_enable
 .text.system_gclk_gen_get_hz
                0x00001490       0x88 src/ASF/sam0/drivers/system/clock/clock_samd20/gclk.o
                0x00001490                system_gclk_gen_get_hz
 .text.system_gclk_chan_enable
                0x00001518       0x30 src/ASF/sam0/drivers/system/clock/clock_samd20/gclk.o
                0x00001518                system_gclk_chan_enable
 .text.system_gclk_chan_disable
                0x00001548       0x5c src/ASF/sam0/drivers/system/clock/clock_samd20/gclk.o
                0x00001548                system_gclk_chan_disable
 .text.system_gclk_chan_set_config
                0x000015a4       0x1c src/ASF/sam0/drivers/system/clock/clock_samd20/gclk.o
                0x000015a4                system_gclk_chan_set_config
 .text.system_gclk_chan_get_hz
                0x000015c0       0x34 src/ASF/sam0/drivers/system/clock/clock_samd20/gclk.o
                0x000015c0                system_gclk_chan_get_hz
 .text._system_pinmux_config
                0x000015f4       0xb0 src/ASF/sam0/drivers/system/pinmux/pinmux.o
 .text.system_pinmux_pin_set_config
                0x000016a4       0x30 src/ASF/sam0/drivers/system/pinmux/pinmux.o
                0x000016a4                system_pinmux_pin_set_config
 .text._system_dummy_init
                0x000016d4        0x4 src/ASF/sam0/drivers/system/system.o
                0x000016d4                _system_extint_init
                0x000016d4                _system_events_init
                0x000016d4                _system_dummy_init
                0x000016d4                _system_divas_init
 .text.system_init
                0x000016d8       0x2c src/ASF/sam0/drivers/system/system.o
                0x000016d8                system_init
 .text.tc_register_callback
                0x00001704       0x34 src/ASF/sam0/drivers/tc/tc_interrupt.o
                0x00001704                tc_register_callback
 .text._tc_interrupt_handler
                0x00001738       0x60 src/ASF/sam0/drivers/tc/tc_interrupt.o
                0x00001738                _tc_interrupt_handler
 .text.TC0_Handler
                0x00001798       0x10 src/ASF/sam0/drivers/tc/tc_interrupt.o
                0x00001798                TC0_Handler
 .text.TC1_Handler
                0x000017a8       0x10 src/ASF/sam0/drivers/tc/tc_interrupt.o
                0x000017a8                TC1_Handler
 .text.TC2_Handler
                0x000017b8       0x10 src/ASF/sam0/drivers/tc/tc_interrupt.o
                0x000017b8                TC2_Handler
 .text.TC3_Handler
                0x000017c8       0x10 src/ASF/sam0/drivers/tc/tc_interrupt.o
                0x000017c8                TC3_Handler
 .text.TC4_Handler
                0x000017d8       0x10 src/ASF/sam0/drivers/tc/tc_interrupt.o
                0x000017d8                TC4_Handler
 .text.TC5_Handler
                0x000017e8       0x10 src/ASF/sam0/drivers/tc/tc_interrupt.o
                0x000017e8                TC5_Handler
 .text.TC6_Handler
                0x000017f8       0x10 src/ASF/sam0/drivers/tc/tc_interrupt.o
                0x000017f8                TC6_Handler
 .text.TC7_Handler
                0x00001808       0x10 src/ASF/sam0/drivers/tc/tc_interrupt.o
                0x00001808                TC7_Handler
 .text._tc_get_inst_index
                0x00001818       0x34 src/ASF/sam0/drivers/tc/tc_sam_d_r/tc.o
                0x00001818                _tc_get_inst_index
 .text.tc_init  0x0000184c      0x2ac src/ASF/sam0/drivers/tc/tc_sam_d_r/tc.o
                0x0000184c                tc_init
 .text.Dummy_Handler
                0x00001af8        0x4 src/ASF/sam0/utils/cmsis/samd20/source/gcc/startup_samd20.o
                0x00001af8                HardFault_Handler
                0x00001af8                AC_Handler
                0x00001af8                SysTick_Handler
                0x00001af8                PendSV_Handler
                0x00001af8                NMI_Handler
                0x00001af8                RTC_Handler
                0x00001af8                EIC_Handler
                0x00001af8                WDT_Handler
                0x00001af8                Dummy_Handler
                0x00001af8                PM_Handler
                0x00001af8                SVC_Handler
                0x00001af8                EVSYS_Handler
                0x00001af8                NVMCTRL_Handler
                0x00001af8                DAC_Handler
                0x00001af8                PTC_Handler
                0x00001af8                SYSCTRL_Handler
 .text.Reset_Handler
                0x00001afc       0x8c src/ASF/sam0/utils/cmsis/samd20/source/gcc/startup_samd20.o
                0x00001afc                Reset_Handler
 .text.startup.main
                0x00001b88       0xf8 src/main_treble.o
                0x00001b88                main
 .text          0x00001c80      0x120 c:/program files (x86)/atmel/studio/7.0/toolchain/arm/arm-gnu-toolchain/bin/../lib/gcc/arm-none-eabi/4.9.3/armv6-m\libgcc.a(_udivsi3.o)
                0x00001c80                __aeabi_uidiv
                0x00001c80                __udivsi3
                0x00001d8c                __aeabi_uidivmod
 .text          0x00001da0        0x4 c:/program files (x86)/atmel/studio/7.0/toolchain/arm/arm-gnu-toolchain/bin/../lib/gcc/arm-none-eabi/4.9.3/armv6-m\libgcc.a(_dvmd_tls.o)
                0x00001da0                __aeabi_idiv0
                0x00001da0                __aeabi_ldiv0
 .text.__libc_init_array
                0x00001da4       0x4c c:/program files (x86)/atmel/studio/7.0/toolchain/arm/arm-gnu-toolchain/bin/../lib/gcc/arm-none-eabi/4.9.3/../../../../arm-none-eabi/lib/armv6-m\libc_nano.a(lib_a-init.o)
                0x00001da4                __libc_init_array
 .text.memcpy   0x00001df0       0x12 c:/program files (x86)/atmel/studio/7.0/toolchain/arm/arm-gnu-toolchain/bin/../lib/gcc/arm-none-eabi/4.9.3/../../../../arm-none-eabi/lib/armv6-m\libc_nano.a(lib_a-memcpy.o)
                0x00001df0                memcpy
 *(.glue_7t)
 .glue_7t       0x00000000        0x0 linker stubs
 *(.glue_7)
 .glue_7        0x00000000        0x0 linker stubs
 *(.rodata .rodata* .gnu.linkonce.r.*)
 *fill*         0x00001e02        0x2 
 .rodata.adc_init
                0x00001e04       0xd4 src/ASF/sam0/drivers/adc/adc_sam_d_r/adc.o
 .rodata        0x00001ed8       0x50 src/ASF/sam0/drivers/adc/adc_sam_d_r/adc.o
 .rodata.tc_interrupt_vectors.10617
                0x00001f28        0x8 tc_treble.o
 .rodata        0x00001f30       0x18 src/ASF/sam0/drivers/sercom/sercom.o
 .rodata        0x00001f48        0x6 src/ASF/sam0/drivers/sercom/sercom_interrupt.o
 *fill*         0x00001f4e        0x2 
 .rodata.system_clock_source_get_hz
                0x00001f50       0x20 src/ASF/sam0/drivers/system/clock/clock_samd20/clock.o
 .rodata.system_clock_source_enable
                0x00001f70       0x20 src/ASF/sam0/drivers/system/clock/clock_samd20/clock.o
 .rodata        0x00001f90       0x38 src/ASF/sam0/drivers/tc/tc_sam_d_r/tc.o
 *(.ARM.extab* .gnu.linkonce.armextab.*)
                0x00001fc8                . = ALIGN (0x4)
 *(.init)
 .init          0x00001fc8        0x4 c:/program files (x86)/atmel/studio/7.0/toolchain/arm/arm-gnu-toolchain/bin/../lib/gcc/arm-none-eabi/4.9.3/armv6-m/crti.o
                0x00001fc8                _init
 .init          0x00001fcc        0x8 c:/program files (x86)/atmel/studio/7.0/toolchain/arm/arm-gnu-toolchain/bin/../lib/gcc/arm-none-eabi/4.9.3/armv6-m/crtn.o
                0x00001fd4                . = ALIGN (0x4)
                0x00001fd4                __preinit_array_start = .
 *(.preinit_array)
                0x00001fd4                __preinit_array_end = .
                0x00001fd4                . = ALIGN (0x4)
                0x00001fd4                __init_array_start = .
 *(SORT(.init_array.*))
 *(.init_array)
 .init_array    0x00001fd4        0x4 c:/program files (x86)/atmel/studio/7.0/toolchain/arm/arm-gnu-toolchain/bin/../lib/gcc/arm-none-eabi/4.9.3/armv6-m/crtbegin.o
                0x00001fd8                __init_array_end = .
                0x00001fd8                . = ALIGN (0x4)
 *crtbegin.o(.ctors)
 *(EXCLUDE_FILE(*crtend.o) .ctors)
 *(SORT(.ctors.*))
 *crtend.o(.ctors)
                0x00001fd8                . = ALIGN (0x4)
 *(.fini)
 .fini          0x00001fd8        0x4 c:/program files (x86)/atmel/studio/7.0/toolchain/arm/arm-gnu-toolchain/bin/../lib/gcc/arm-none-eabi/4.9.3/armv6-m/crti.o
                0x00001fd8                _fini
 .fini          0x00001fdc        0x8 c:/program files (x86)/atmel/studio/7.0/toolchain/arm/arm-gnu-toolchain/bin/../lib/gcc/arm-none-eabi/4.9.3/armv6-m/crtn.o
                0x00001fe4                . = ALIGN (0x4)
                0x00001fe4                __fini_array_start = .
 *(.fini_array)
 .fini_array    0x00001fe4        0x4 c:/program files (x86)/atmel/studio/7.0/toolchain/arm/arm-gnu-toolchain/bin/../lib/gcc/arm-none-eabi/4.9.3/armv6-m/crtbegin.o
 *(SORT(.fini_array.*))
                0x00001fe8                __fini_array_end = .
 *crtbegin.o(.dtors)
 *(EXCLUDE_FILE(*crtend.o) .dtors)
 *(SORT(.dtors.*))
 *crtend.o(.dtors)
                0x00001fe8                . = ALIGN (0x4)
                0x00001fe8                _efixed = .
                0x00001fe8                PROVIDE (__exidx_start, .)

.vfp11_veneer   0x00001fe8        0x0
 .vfp11_veneer  0x00000000        0x0 linker stubs

.v4_bx          0x00001fe8        0x0
 .v4_bx         0x00000000        0x0 linker stubs

.iplt           0x00001fe8        0x0
 .iplt          0x00000000        0x0 c:/program files (x86)/atmel/studio/7.0/toolchain/arm/arm-gnu-toolchain/bin/../lib/gcc/arm-none-eabi/4.9.3/armv6-m/crtbegin.o

.eh_frame       0x00001fe8        0x0
 .eh_frame      0x00001fe8        0x0 c:/program files (x86)/atmel/studio/7.0/toolchain/arm/arm-gnu-toolchain/bin/../lib/gcc/arm-none-eabi/4.9.3/armv6-m/crtbegin.o

.rel.dyn        0x00001fe8        0x0
 .rel.iplt      0x00000000        0x0 c:/program files (x86)/atmel/studio/7.0/toolchain/arm/arm-gnu-toolchain/bin/../lib/gcc/arm-none-eabi/4.9.3/armv6-m/crtbegin.o

.jcr            0x00001fe8        0x0
 .jcr           0x00001fe8        0x0 c:/program files (x86)/atmel/studio/7.0/toolchain/arm/arm-gnu-toolchain/bin/../lib/gcc/arm-none-eabi/4.9.3/armv6-m/crtbegin.o

.igot.plt       0x00001fe8        0x0
 .igot.plt      0x00000000        0x0 c:/program files (x86)/atmel/studio/7.0/toolchain/arm/arm-gnu-toolchain/bin/../lib/gcc/arm-none-eabi/4.9.3/armv6-m/crtbegin.o

.ARM.exidx
 *(.ARM.exidx* .gnu.linkonce.armexidx.*)
                0x00001fe8                PROVIDE (__exidx_end, .)
                0x00001fe8                . = ALIGN (0x4)
                0x00001fe8                _etext = .

.relocate       0x20000000        0x4 load address 0x00001fe8
                0x20000000                . = ALIGN (0x4)
                0x20000000                _srelocate = .
 *(.ramfunc .ramfunc.*)
 *(.data .data.*)
 .data.g_interrupt_enabled
                0x20000000        0x1 src/ASF/common/utils/interrupt/interrupt_sam_nvic.o
                0x20000000                g_interrupt_enabled
                0x20000004                . = ALIGN (0x4)
 *fill*         0x20000001        0x3 
                0x20000004                _erelocate = .

.bss            0x20000004      0x204 load address 0x00001fec
                0x20000004                . = ALIGN (0x4)
                0x20000004                _sbss = .
                0x20000004                _szero = .
 *(.bss .bss.*)
 .bss           0x20000004       0x1c c:/program files (x86)/atmel/studio/7.0/toolchain/arm/arm-gnu-toolchain/bin/../lib/gcc/arm-none-eabi/4.9.3/armv6-m/crtbegin.o
 .bss.cpu_irq_critical_section_counter
                0x20000020        0x4 src/ASF/common/utils/interrupt/interrupt_sam_nvic.o
 .bss.cpu_irq_prev_interrupt_state
                0x20000024        0x1 src/ASF/common/utils/interrupt/interrupt_sam_nvic.o
 *fill*         0x20000025        0x3 
 .bss._sercom_config
                0x20000028        0x2 src/ASF/sam0/drivers/sercom/sercom.o
 .bss._handler_table_initialized
                0x2000002a        0x1 src/ASF/sam0/drivers/sercom/sercom_interrupt.o
 *fill*         0x2000002b        0x1 
 .bss._sercom_interrupt_handlers
                0x2000002c       0x18 src/ASF/sam0/drivers/sercom/sercom_interrupt.o
 .bss._system_clock_inst
                0x20000044       0x14 src/ASF/sam0/drivers/system/clock/clock_samd20/clock.o
 .bss.adc_read_done
                0x20000058        0x1 src/main_treble.o
                0x20000058                adc_read_done
 .bss.transfer_complete_spi_slave
                0x20000059        0x1 src/main_treble.o
                0x20000059                transfer_complete_spi_slave
 *(COMMON)
 *fill*         0x2000005a        0x2 
 COMMON         0x2000005c        0x4 src/ASF/sam0/drivers/adc/adc_sam_d_r/adc_callback.o
                0x2000005c                _adc_instances
 COMMON         0x20000060       0x1c tc_treble.o
                0x20000060                tc_instance
 COMMON         0x2000007c       0x18 src/ASF/sam0/drivers/sercom/sercom_interrupt.o
                0x2000007c                _sercom_instances
 COMMON         0x20000094        0x2 src/ASF/sam0/drivers/sercom/spi/spi_interrupt.o
                0x20000094                dummy_write
 *fill*         0x20000096        0x2 
 COMMON         0x20000098       0x20 src/ASF/sam0/drivers/tc/tc_interrupt.o
                0x20000098                _tc_instances
 COMMON         0x200000b8      0x150 src/main_treble.o
                0x200000b8                spi_slave_instance
                0x200000ec                sysHz
                0x200000f0                config_adc
                0x20000120                adc_result_buffer
                0x200001e8                adc_instance
                0x20000208                . = ALIGN (0x4)
                0x20000208                _ebss = .
                0x20000208                _ezero = .

.stack          0x20000208     0x2000 load address 0x000021f0
                0x20000208                . = ALIGN (0x8)
                0x20000208                _sstack = .
                0x20002208                . = (. + STACK_SIZE)
 *fill*         0x20000208     0x2000 
                0x20002208                . = ALIGN (0x8)
                0x20002208                _estack = .
                0x20002208                . = ALIGN (0x4)
                0x20002208                _end = .
OUTPUT(TREBLE.elf elf32-littlearm)

.ARM.attributes
                0x00000000       0x28
 .ARM.attributes
                0x00000000       0x1e c:/program files (x86)/atmel/studio/7.0/toolchain/arm/arm-gnu-toolchain/bin/../lib/gcc/arm-none-eabi/4.9.3/armv6-m/crti.o
 .ARM.attributes
                0x0000001e       0x2c c:/program files (x86)/atmel/studio/7.0/toolchain/arm/arm-gnu-toolchain/bin/../lib/gcc/arm-none-eabi/4.9.3/armv6-m/crtbegin.o
 .ARM.attributes
                0x0000004a       0x32 spi_treble.o
 .ARM.attributes
                0x0000007c       0x32 src/ASF/sam0/drivers/adc/adc_sam_d_r/adc.o
 .ARM.attributes
                0x000000ae       0x32 src/ASF/sam0/drivers/adc/adc_sam_d_r/adc_callback.o
 .ARM.attributes
                0x000000e0       0x32 atod_treble.o
 .ARM.attributes
                0x00000112       0x32 tc_treble.o
 .ARM.attributes
                0x00000144       0x32 src/ASF/common/utils/interrupt/interrupt_sam_nvic.o
 .ARM.attributes
                0x00000176       0x32 src/ASF/sam0/boards/samd20_xplained_pro/board_init.o
 .ARM.attributes
                0x000001a8       0x32 src/ASF/sam0/drivers/port/port.o
 .ARM.attributes
                0x000001da       0x32 src/ASF/sam0/drivers/sercom/sercom.o
 .ARM.attributes
                0x0000020c       0x32 src/ASF/sam0/drivers/sercom/sercom_interrupt.o
 .ARM.attributes
                0x0000023e       0x32 src/ASF/sam0/drivers/sercom/spi/spi.o
 .ARM.attributes
                0x00000270       0x32 src/ASF/sam0/drivers/sercom/spi/spi_interrupt.o
 .ARM.attributes
                0x000002a2       0x32 src/ASF/sam0/drivers/system/clock/clock_samd20/clock.o
 .ARM.attributes
                0x000002d4       0x32 src/ASF/sam0/drivers/system/clock/clock_samd20/gclk.o
 .ARM.attributes
                0x00000306       0x32 src/ASF/sam0/drivers/system/pinmux/pinmux.o
 .ARM.attributes
                0x00000338       0x32 src/ASF/sam0/drivers/system/system.o
 .ARM.attributes
                0x0000036a       0x32 src/ASF/sam0/drivers/tc/tc_interrupt.o
 .ARM.attributes
                0x0000039c       0x32 src/ASF/sam0/drivers/tc/tc_sam_d_r/tc.o
 .ARM.attributes
                0x000003ce       0x32 src/ASF/sam0/utils/cmsis/samd20/source/gcc/startup_samd20.o
 .ARM.attributes
                0x00000400       0x32 src/main_treble.o
 .ARM.attributes
                0x00000432       0x1e c:/program files (x86)/atmel/studio/7.0/toolchain/arm/arm-gnu-toolchain/bin/../lib/gcc/arm-none-eabi/4.9.3/armv6-m\libgcc.a(_udivsi3.o)
 .ARM.attributes
                0x00000450       0x1e c:/program files (x86)/atmel/studio/7.0/toolchain/arm/arm-gnu-toolchain/bin/../lib/gcc/arm-none-eabi/4.9.3/armv6-m\libgcc.a(_dvmd_tls.o)
 .ARM.attributes
                0x0000046e       0x2c c:/program files (x86)/atmel/studio/7.0/toolchain/arm/arm-gnu-toolchain/bin/../lib/gcc/arm-none-eabi/4.9.3/../../../../arm-none-eabi/lib/armv6-m\libc_nano.a(lib_a-init.o)
 .ARM.attributes
                0x0000049a       0x2c c:/program files (x86)/atmel/studio/7.0/toolchain/arm/arm-gnu-toolchain/bin/../lib/gcc/arm-none-eabi/4.9.3/../../../../arm-none-eabi/lib/armv6-m\libc_nano.a(lib_a-memcpy.o)
 .ARM.attributes
                0x000004c6       0x1e c:/program files (x86)/atmel/studio/7.0/toolchain/arm/arm-gnu-toolchain/bin/../lib/gcc/arm-none-eabi/4.9.3/armv6-m/crtn.o

.comment        0x00000000       0x5b
 .comment       0x00000000       0x5b spi_treble.o
                                 0x5c (size before relaxing)
 .comment       0x00000000       0x5c src/ASF/sam0/drivers/adc/adc_sam_d_r/adc.o
 .comment       0x00000000       0x5c src/ASF/sam0/drivers/adc/adc_sam_d_r/adc_callback.o
 .comment       0x00000000       0x5c atod_treble.o
 .comment       0x00000000       0x5c tc_treble.o
 .comment       0x00000000       0x5c src/ASF/common/utils/interrupt/interrupt_sam_nvic.o
 .comment       0x00000000       0x5c src/ASF/sam0/boards/samd20_xplained_pro/board_init.o
 .comment       0x00000000       0x5c src/ASF/sam0/drivers/port/port.o
 .comment       0x00000000       0x5c src/ASF/sam0/drivers/sercom/sercom.o
 .comment       0x00000000       0x5c src/ASF/sam0/drivers/sercom/sercom_interrupt.o
 .comment       0x00000000       0x5c src/ASF/sam0/drivers/sercom/spi/spi.o
 .comment       0x00000000       0x5c src/ASF/sam0/drivers/sercom/spi/spi_interrupt.o
 .comment       0x00000000       0x5c src/ASF/sam0/drivers/system/clock/clock_samd20/clock.o
 .comment       0x00000000       0x5c src/ASF/sam0/drivers/system/clock/clock_samd20/gclk.o
 .comment       0x00000000       0x5c src/ASF/sam0/drivers/system/pinmux/pinmux.o
 .comment       0x00000000       0x5c src/ASF/sam0/drivers/system/system.o
 .comment       0x00000000       0x5c src/ASF/sam0/drivers/tc/tc_interrupt.o
 .comment       0x00000000       0x5c src/ASF/sam0/drivers/tc/tc_sam_d_r/tc.o
 .comment       0x00000000       0x5c src/ASF/sam0/utils/cmsis/samd20/source/gcc/startup_samd20.o
 .comment       0x00000000       0x5c src/main_treble.o

.debug_info     0x00000000    0x23039
 .debug_info    0x00000000     0x20d9 spi_treble.o
 .debug_info    0x000020d9     0x2fea src/ASF/sam0/drivers/adc/adc_sam_d_r/adc.o
 .debug_info    0x000050c3     0x12c0 src/ASF/sam0/drivers/adc/adc_sam_d_r/adc_callback.o
 .debug_info    0x00006383     0x1634 atod_treble.o
 .debug_info    0x000079b7     0x1f1d tc_treble.o
 .debug_info    0x000098d4      0x1ec src/ASF/common/utils/interrupt/interrupt_sam_nvic.o
 .debug_info    0x00009ac0      0x9be src/ASF/sam0/boards/samd20_xplained_pro/board_init.o
 .debug_info    0x0000a47e      0x968 src/ASF/sam0/drivers/port/port.o
 .debug_info    0x0000ade6     0x1d98 src/ASF/sam0/drivers/sercom/sercom.o
 .debug_info    0x0000cb7e     0x1b77 src/ASF/sam0/drivers/sercom/sercom_interrupt.o
 .debug_info    0x0000e6f5     0x567f src/ASF/sam0/drivers/sercom/spi/spi.o
 .debug_info    0x00013d74     0x211b src/ASF/sam0/drivers/sercom/spi/spi_interrupt.o
 .debug_info    0x00015e8f     0x3403 src/ASF/sam0/drivers/system/clock/clock_samd20/clock.o
 .debug_info    0x00019292     0x1458 src/ASF/sam0/drivers/system/clock/clock_samd20/gclk.o
 .debug_info    0x0001a6ea      0xa45 src/ASF/sam0/drivers/system/pinmux/pinmux.o
 .debug_info    0x0001b12f      0x17a src/ASF/sam0/drivers/system/system.o
 .debug_info    0x0001b2a9     0x1317 src/ASF/sam0/drivers/tc/tc_interrupt.o
 .debug_info    0x0001c5c0     0x254b src/ASF/sam0/drivers/tc/tc_sam_d_r/tc.o
 .debug_info    0x0001eb0b      0x98b src/ASF/sam0/utils/cmsis/samd20/source/gcc/startup_samd20.o
 .debug_info    0x0001f496     0x3ba3 src/main_treble.o

.debug_abbrev   0x00000000     0x389b
 .debug_abbrev  0x00000000      0x2ad spi_treble.o
 .debug_abbrev  0x000002ad      0x3d1 src/ASF/sam0/drivers/adc/adc_sam_d_r/adc.o
 .debug_abbrev  0x0000067e      0x33c src/ASF/sam0/drivers/adc/adc_sam_d_r/adc_callback.o
 .debug_abbrev  0x000009ba      0x2b4 atod_treble.o
 .debug_abbrev  0x00000c6e      0x333 tc_treble.o
 .debug_abbrev  0x00000fa1       0xf6 src/ASF/common/utils/interrupt/interrupt_sam_nvic.o
 .debug_abbrev  0x00001097      0x245 src/ASF/sam0/boards/samd20_xplained_pro/board_init.o
 .debug_abbrev  0x000012dc      0x1da src/ASF/sam0/drivers/port/port.o
 .debug_abbrev  0x000014b6      0x2f5 src/ASF/sam0/drivers/sercom/sercom.o
 .debug_abbrev  0x000017ab      0x22c src/ASF/sam0/drivers/sercom/sercom_interrupt.o
 .debug_abbrev  0x000019d7      0x4b7 src/ASF/sam0/drivers/sercom/spi/spi.o
 .debug_abbrev  0x00001e8e      0x350 src/ASF/sam0/drivers/sercom/spi/spi_interrupt.o
 .debug_abbrev  0x000021de      0x4aa src/ASF/sam0/drivers/system/clock/clock_samd20/clock.o
 .debug_abbrev  0x00002688      0x365 src/ASF/sam0/drivers/system/clock/clock_samd20/gclk.o
 .debug_abbrev  0x000029ed      0x287 src/ASF/sam0/drivers/system/pinmux/pinmux.o
 .debug_abbrev  0x00002c74       0xb9 src/ASF/sam0/drivers/system/system.o
 .debug_abbrev  0x00002d2d      0x259 src/ASF/sam0/drivers/tc/tc_interrupt.o
 .debug_abbrev  0x00002f86      0x430 src/ASF/sam0/drivers/tc/tc_sam_d_r/tc.o
 .debug_abbrev  0x000033b6      0x1c1 src/ASF/sam0/utils/cmsis/samd20/source/gcc/startup_samd20.o
 .debug_abbrev  0x00003577      0x324 src/main_treble.o

.debug_loc      0x00000000     0x718c
 .debug_loc     0x00000000       0xc1 spi_treble.o
 .debug_loc     0x000000c1      0x89f src/ASF/sam0/drivers/adc/adc_sam_d_r/adc.o
 .debug_loc     0x00000960      0x2c6 src/ASF/sam0/drivers/adc/adc_sam_d_r/adc_callback.o
 .debug_loc     0x00000c26       0x5f atod_treble.o
 .debug_loc     0x00000c85       0x7a tc_treble.o
 .debug_loc     0x00000cff       0x2b src/ASF/common/utils/interrupt/interrupt_sam_nvic.o
 .debug_loc     0x00000d2a       0x59 src/ASF/sam0/boards/samd20_xplained_pro/board_init.o
 .debug_loc     0x00000d83      0x16d src/ASF/sam0/drivers/port/port.o
 .debug_loc     0x00000ef0      0xa09 src/ASF/sam0/drivers/sercom/sercom.o
 .debug_loc     0x000018f9      0x195 src/ASF/sam0/drivers/sercom/sercom_interrupt.o
 .debug_loc     0x00001a8e     0x27e4 src/ASF/sam0/drivers/sercom/spi/spi.o
 .debug_loc     0x00004272      0x679 src/ASF/sam0/drivers/sercom/spi/spi_interrupt.o
 .debug_loc     0x000048eb      0xd6d src/ASF/sam0/drivers/system/clock/clock_samd20/clock.o
 .debug_loc     0x00005658      0x530 src/ASF/sam0/drivers/system/clock/clock_samd20/gclk.o
 .debug_loc     0x00005b88      0x366 src/ASF/sam0/drivers/system/pinmux/pinmux.o
 .debug_loc     0x00005eee       0x20 src/ASF/sam0/drivers/system/system.o
 .debug_loc     0x00005f0e      0x254 src/ASF/sam0/drivers/tc/tc_interrupt.o
 .debug_loc     0x00006162      0xf98 src/ASF/sam0/drivers/tc/tc_sam_d_r/tc.o
 .debug_loc     0x000070fa       0x20 src/ASF/sam0/utils/cmsis/samd20/source/gcc/startup_samd20.o
 .debug_loc     0x0000711a       0x72 src/main_treble.o

.debug_aranges  0x00000000      0x528
 .debug_aranges
                0x00000000       0x30 spi_treble.o
 .debug_aranges
                0x00000030       0x38 src/ASF/sam0/drivers/adc/adc_sam_d_r/adc.o
 .debug_aranges
                0x00000068       0x48 src/ASF/sam0/drivers/adc/adc_sam_d_r/adc_callback.o
 .debug_aranges
                0x000000b0       0x30 atod_treble.o
 .debug_aranges
                0x000000e0       0x30 tc_treble.o
 .debug_aranges
                0x00000110       0x28 src/ASF/common/utils/interrupt/interrupt_sam_nvic.o
 .debug_aranges
                0x00000138       0x20 src/ASF/sam0/boards/samd20_xplained_pro/board_init.o
 .debug_aranges
                0x00000158       0x28 src/ASF/sam0/drivers/port/port.o
 .debug_aranges
                0x00000180       0x40 src/ASF/sam0/drivers/sercom/sercom.o
 .debug_aranges
                0x000001c0       0x60 src/ASF/sam0/drivers/sercom/sercom_interrupt.o
 .debug_aranges
                0x00000220       0x58 src/ASF/sam0/drivers/sercom/spi/spi.o
 .debug_aranges
                0x00000278       0x50 src/ASF/sam0/drivers/sercom/spi/spi_interrupt.o
 .debug_aranges
                0x000002c8       0x70 src/ASF/sam0/drivers/system/clock/clock_samd20/clock.o
 .debug_aranges
                0x00000338       0x80 src/ASF/sam0/drivers/system/clock/clock_samd20/gclk.o
 .debug_aranges
                0x000003b8       0x38 src/ASF/sam0/drivers/system/pinmux/pinmux.o
 .debug_aranges
                0x000003f0       0x28 src/ASF/sam0/drivers/system/system.o
 .debug_aranges
                0x00000418       0x70 src/ASF/sam0/drivers/tc/tc_interrupt.o
 .debug_aranges
                0x00000488       0x58 src/ASF/sam0/drivers/tc/tc_sam_d_r/tc.o
 .debug_aranges
                0x000004e0       0x28 src/ASF/sam0/utils/cmsis/samd20/source/gcc/startup_samd20.o
 .debug_aranges
                0x00000508       0x20 src/main_treble.o

.debug_ranges   0x00000000     0x11e8
 .debug_ranges  0x00000000       0x68 spi_treble.o
 .debug_ranges  0x00000068      0x150 src/ASF/sam0/drivers/adc/adc_sam_d_r/adc.o
 .debug_ranges  0x000001b8       0x80 src/ASF/sam0/drivers/adc/adc_sam_d_r/adc_callback.o
 .debug_ranges  0x00000238       0x38 atod_treble.o
 .debug_ranges  0x00000270       0x78 tc_treble.o
 .debug_ranges  0x000002e8       0x18 src/ASF/common/utils/interrupt/interrupt_sam_nvic.o
 .debug_ranges  0x00000300       0x30 src/ASF/sam0/boards/samd20_xplained_pro/board_init.o
 .debug_ranges  0x00000330       0x48 src/ASF/sam0/drivers/port/port.o
 .debug_ranges  0x00000378       0x80 src/ASF/sam0/drivers/sercom/sercom.o
 .debug_ranges  0x000003f8       0x50 src/ASF/sam0/drivers/sercom/sercom_interrupt.o
 .debug_ranges  0x00000448      0x628 src/ASF/sam0/drivers/sercom/spi/spi.o
 .debug_ranges  0x00000a70       0xa8 src/ASF/sam0/drivers/sercom/spi/spi_interrupt.o
 .debug_ranges  0x00000b18      0x1a8 src/ASF/sam0/drivers/system/clock/clock_samd20/clock.o
 .debug_ranges  0x00000cc0      0x148 src/ASF/sam0/drivers/system/clock/clock_samd20/gclk.o
 .debug_ranges  0x00000e08       0x28 src/ASF/sam0/drivers/system/pinmux/pinmux.o
 .debug_ranges  0x00000e30       0x18 src/ASF/sam0/drivers/system/system.o
 .debug_ranges  0x00000e48       0x60 src/ASF/sam0/drivers/tc/tc_interrupt.o
 .debug_ranges  0x00000ea8      0x2b8 src/ASF/sam0/drivers/tc/tc_sam_d_r/tc.o
 .debug_ranges  0x00001160       0x18 src/ASF/sam0/utils/cmsis/samd20/source/gcc/startup_samd20.o
 .debug_ranges  0x00001178       0x70 src/main_treble.o

.debug_macro    0x00000000    0x1412d
 .debug_macro   0x00000000      0x56d spi_treble.o
 .debug_macro   0x0000056d      0x856 spi_treble.o
 .debug_macro   0x00000dc3      0x166 spi_treble.o
 .debug_macro   0x00000f29      0x621 spi_treble.o
 .debug_macro   0x0000154a       0x22 spi_treble.o
 .debug_macro   0x0000156c       0x44 spi_treble.o
 .debug_macro   0x000015b0       0x58 spi_treble.o
 .debug_macro   0x00001608       0x22 spi_treble.o
 .debug_macro   0x0000162a      0x1df spi_treble.o
 .debug_macro   0x00001809       0x10 spi_treble.o
 .debug_macro   0x00001819       0x76 spi_treble.o
 .debug_macro   0x0000188f       0x16 spi_treble.o
 .debug_macro   0x000018a5      0x6e5 spi_treble.o
 .debug_macro   0x00001f8a      0xde2 spi_treble.o
 .debug_macro   0x00002d6c       0x22 spi_treble.o
 .debug_macro   0x00002d8e       0x40 spi_treble.o
 .debug_macro   0x00002dce       0x3a spi_treble.o
 .debug_macro   0x00002e08       0x1f spi_treble.o
 .debug_macro   0x00002e27      0x250 spi_treble.o
 .debug_macro   0x00003077      0x682 spi_treble.o
 .debug_macro   0x000036f9      0x8c1 spi_treble.o
 .debug_macro   0x00003fba      0x229 spi_treble.o
 .debug_macro   0x000041e3      0x5bf spi_treble.o
 .debug_macro   0x000047a2      0x9fb spi_treble.o
 .debug_macro   0x0000519d      0x5b8 spi_treble.o
 .debug_macro   0x00005755      0x4b6 spi_treble.o
 .debug_macro   0x00005c0b      0x74c spi_treble.o
 .debug_macro   0x00006357       0x5e spi_treble.o
 .debug_macro   0x000063b5      0x5e2 spi_treble.o
 .debug_macro   0x00006997      0x3b8 spi_treble.o
 .debug_macro   0x00006d4f      0xc55 spi_treble.o
 .debug_macro   0x000079a4      0xd29 spi_treble.o
 .debug_macro   0x000086cd      0x7b8 spi_treble.o
 .debug_macro   0x00008e85      0x6c2 spi_treble.o
 .debug_macro   0x00009547      0x351 spi_treble.o
 .debug_macro   0x00009898       0x7c spi_treble.o
 .debug_macro   0x00009914       0x9a spi_treble.o
 .debug_macro   0x000099ae       0x46 spi_treble.o
 .debug_macro   0x000099f4       0xb2 spi_treble.o
 .debug_macro   0x00009aa6       0x6a spi_treble.o
 .debug_macro   0x00009b10      0x287 spi_treble.o
 .debug_macro   0x00009d97       0x82 spi_treble.o
 .debug_macro   0x00009e19       0xb8 spi_treble.o
 .debug_macro   0x00009ed1       0x1c spi_treble.o
 .debug_macro   0x00009eed       0x1c spi_treble.o
 .debug_macro   0x00009f09       0x1c spi_treble.o
 .debug_macro   0x00009f25       0x82 spi_treble.o
 .debug_macro   0x00009fa7      0x164 spi_treble.o
 .debug_macro   0x0000a10b       0xdc spi_treble.o
 .debug_macro   0x0000a1e7      0x104 spi_treble.o
 .debug_macro   0x0000a2eb      0x104 spi_treble.o
 .debug_macro   0x0000a3ef      0x104 spi_treble.o
 .debug_macro   0x0000a4f3      0x104 spi_treble.o
 .debug_macro   0x0000a5f7      0x104 spi_treble.o
 .debug_macro   0x0000a6fb      0x104 spi_treble.o
 .debug_macro   0x0000a7ff       0xfa spi_treble.o
 .debug_macro   0x0000a8f9       0xbe spi_treble.o
 .debug_macro   0x0000a9b7       0xbe spi_treble.o
 .debug_macro   0x0000aa75       0xbe spi_treble.o
 .debug_macro   0x0000ab33       0xbe spi_treble.o
 .debug_macro   0x0000abf1       0xbe spi_treble.o
 .debug_macro   0x0000acaf       0xbe spi_treble.o
 .debug_macro   0x0000ad6d       0xbe spi_treble.o
 .debug_macro   0x0000ae2b       0xbe spi_treble.o
 .debug_macro   0x0000aee9       0x40 spi_treble.o
 .debug_macro   0x0000af29      0x2e3 spi_treble.o
 .debug_macro   0x0000b20c     0x19c4 spi_treble.o
 .debug_macro   0x0000cbd0       0x4a spi_treble.o
 .debug_macro   0x0000cc1a       0x58 spi_treble.o
 .debug_macro   0x0000cc72       0x35 spi_treble.o
 .debug_macro   0x0000cca7       0x9c spi_treble.o
 .debug_macro   0x0000cd43       0x16 spi_treble.o
 .debug_macro   0x0000cd59       0x35 spi_treble.o
 .debug_macro   0x0000cd8e      0x29d spi_treble.o
 .debug_macro   0x0000d02b       0x10 spi_treble.o
 .debug_macro   0x0000d03b       0x52 spi_treble.o
 .debug_macro   0x0000d08d       0x16 spi_treble.o
 .debug_macro   0x0000d0a3       0x43 spi_treble.o
 .debug_macro   0x0000d0e6      0x180 spi_treble.o
 .debug_macro   0x0000d266       0x10 spi_treble.o
 .debug_macro   0x0000d276       0x22 spi_treble.o
 .debug_macro   0x0000d298       0xbe spi_treble.o
 .debug_macro   0x0000d356       0x16 spi_treble.o
 .debug_macro   0x0000d36c      0x197 spi_treble.o
 .debug_macro   0x0000d503       0x16 spi_treble.o
 .debug_macro   0x0000d519       0x16 spi_treble.o
 .debug_macro   0x0000d52f       0x29 spi_treble.o
 .debug_macro   0x0000d558       0x51 spi_treble.o
 .debug_macro   0x0000d5a9       0x3f spi_treble.o
 .debug_macro   0x0000d5e8      0x3df spi_treble.o
 .debug_macro   0x0000d9c7       0x11 spi_treble.o
 .debug_macro   0x0000d9d8       0x2e spi_treble.o
 .debug_macro   0x0000da06       0x19 spi_treble.o
 .debug_macro   0x0000da1f      0x279 spi_treble.o
 .debug_macro   0x0000dc98      0x80c spi_treble.o
 .debug_macro   0x0000e4a4       0x18 spi_treble.o
 .debug_macro   0x0000e4bc       0xb2 spi_treble.o
 .debug_macro   0x0000e56e       0x10 spi_treble.o
 .debug_macro   0x0000e57e       0x16 spi_treble.o
 .debug_macro   0x0000e594       0x1c spi_treble.o
 .debug_macro   0x0000e5b0       0x19 spi_treble.o
 .debug_macro   0x0000e5c9       0x6c spi_treble.o
 .debug_macro   0x0000e635       0x2e spi_treble.o
 .debug_macro   0x0000e663      0x4af src/ASF/sam0/drivers/adc/adc_sam_d_r/adc.o
 .debug_macro   0x0000eb12      0x4ac src/ASF/sam0/drivers/adc/adc_sam_d_r/adc_callback.o
 .debug_macro   0x0000efbe      0x564 atod_treble.o
 .debug_macro   0x0000f522      0x56d tc_treble.o
 .debug_macro   0x0000fa8f       0x10 tc_treble.o
 .debug_macro   0x0000fa9f      0x428 src/ASF/common/utils/interrupt/interrupt_sam_nvic.o
 .debug_macro   0x0000fec7      0x464 src/ASF/sam0/boards/samd20_xplained_pro/board_init.o
 .debug_macro   0x0001032b      0x442 src/ASF/sam0/drivers/port/port.o
 .debug_macro   0x0001076d      0x4b7 src/ASF/sam0/drivers/sercom/sercom.o
 .debug_macro   0x00010c24      0x4b4 src/ASF/sam0/drivers/sercom/sercom_interrupt.o
 .debug_macro   0x000110d8      0x4f1 src/ASF/sam0/drivers/sercom/spi/spi.o
 .debug_macro   0x000115c9      0x4fb src/ASF/sam0/drivers/sercom/spi/spi_interrupt.o
 .debug_macro   0x00011ac4      0x53e src/ASF/sam0/drivers/system/clock/clock_samd20/clock.o
 .debug_macro   0x00012002      0x21b src/ASF/sam0/drivers/system/clock/clock_samd20/clock.o
 .debug_macro   0x0001221d      0x45f src/ASF/sam0/drivers/system/clock/clock_samd20/gclk.o
 .debug_macro   0x0001267c      0x43a src/ASF/sam0/drivers/system/pinmux/pinmux.o
 .debug_macro   0x00012ab6      0x46d src/ASF/sam0/drivers/system/system.o
 .debug_macro   0x00012f23      0x497 src/ASF/sam0/drivers/tc/tc_interrupt.o
 .debug_macro   0x000133ba       0x19 src/ASF/sam0/drivers/tc/tc_interrupt.o
 .debug_macro   0x000133d3       0x51 src/ASF/sam0/drivers/tc/tc_interrupt.o
 .debug_macro   0x00013424      0x4b2 src/ASF/sam0/drivers/tc/tc_sam_d_r/tc.o
 .debug_macro   0x000138d6      0x27c src/ASF/sam0/utils/cmsis/samd20/source/gcc/startup_samd20.o
 .debug_macro   0x00013b52       0x3a src/ASF/sam0/utils/cmsis/samd20/source/gcc/startup_samd20.o
 .debug_macro   0x00013b8c      0x579 src/main_treble.o
 .debug_macro   0x00014105       0x28 src/main_treble.o

.debug_line     0x00000000     0xdca9
 .debug_line    0x00000000      0xc67 spi_treble.o
 .debug_line    0x00000c67      0xc7a src/ASF/sam0/drivers/adc/adc_sam_d_r/adc.o
 .debug_line    0x000018e1      0xb10 src/ASF/sam0/drivers/adc/adc_sam_d_r/adc_callback.o
 .debug_line    0x000023f1      0xc00 atod_treble.o
 .debug_line    0x00002ff1      0xc62 tc_treble.o
 .debug_line    0x00003c53      0x7e1 src/ASF/common/utils/interrupt/interrupt_sam_nvic.o
 .debug_line    0x00004434      0x8a1 src/ASF/sam0/boards/samd20_xplained_pro/board_init.o
 .debug_line    0x00004cd5      0x825 src/ASF/sam0/drivers/port/port.o
 .debug_line    0x000054fa      0xb02 src/ASF/sam0/drivers/sercom/sercom.o
 .debug_line    0x00005ffc      0xa80 src/ASF/sam0/drivers/sercom/sercom_interrupt.o
 .debug_line    0x00006a7c     0x1315 src/ASF/sam0/drivers/sercom/spi/spi.o
 .debug_line    0x00007d91      0xc19 src/ASF/sam0/drivers/sercom/spi/spi_interrupt.o
 .debug_line    0x000089aa      0xc27 src/ASF/sam0/drivers/system/clock/clock_samd20/clock.o
 .debug_line    0x000095d1      0xbbd src/ASF/sam0/drivers/system/clock/clock_samd20/gclk.o
 .debug_line    0x0000a18e      0x853 src/ASF/sam0/drivers/system/pinmux/pinmux.o
 .debug_line    0x0000a9e1      0x8f3 src/ASF/sam0/drivers/system/system.o
 .debug_line    0x0000b2d4      0x9e4 src/ASF/sam0/drivers/tc/tc_interrupt.o
 .debug_line    0x0000bcb8      0xd9e src/ASF/sam0/drivers/tc/tc_sam_d_r/tc.o
 .debug_line    0x0000ca56      0x5d2 src/ASF/sam0/utils/cmsis/samd20/source/gcc/startup_samd20.o
 .debug_line    0x0000d028      0xc81 src/main_treble.o

.debug_str      0x00000000    0x61205
 .debug_str     0x00000000    0x5b0ce spi_treble.o
                              0x5b643 (size before relaxing)
 .debug_str     0x0005b0ce     0x1674 src/ASF/sam0/drivers/adc/adc_sam_d_r/adc.o
                              0x5871a (size before relaxing)
 .debug_str     0x0005c742      0x2d2 src/ASF/sam0/drivers/adc/adc_sam_d_r/adc_callback.o
                              0x57642 (size before relaxing)
 .debug_str     0x0005ca14       0x96 atod_treble.o
                              0x5b8f2 (size before relaxing)
 .debug_str     0x0005caaa      0x983 tc_treble.o
                              0x5b4bb (size before relaxing)
 .debug_str     0x0005d42d       0x94 src/ASF/common/utils/interrupt/interrupt_sam_nvic.o
                              0x56980 (size before relaxing)
 .debug_str     0x0005d4c1      0x12c src/ASF/sam0/boards/samd20_xplained_pro/board_init.o
                              0x599cc (size before relaxing)
 .debug_str     0x0005d5ed       0x53 src/ASF/sam0/drivers/port/port.o
                              0x56d4a (size before relaxing)
 .debug_str     0x0005d640      0x3a9 src/ASF/sam0/drivers/sercom/sercom.o
                              0x57e49 (size before relaxing)
 .debug_str     0x0005d9e9      0x1aa src/ASF/sam0/drivers/sercom/sercom_interrupt.o
                              0x57c92 (size before relaxing)
 .debug_str     0x0005db93      0x57d src/ASF/sam0/drivers/sercom/spi/spi.o
                              0x58fef (size before relaxing)
 .debug_str     0x0005e110      0x16a src/ASF/sam0/drivers/sercom/spi/spi_interrupt.o
                              0x5801d (size before relaxing)
 .debug_str     0x0005e27a     0x2402 src/ASF/sam0/drivers/system/clock/clock_samd20/clock.o
                              0x59b42 (size before relaxing)
 .debug_str     0x0006067c      0x2c6 src/ASF/sam0/drivers/system/clock/clock_samd20/gclk.o
                              0x5756a (size before relaxing)
 .debug_str     0x00060942      0x130 src/ASF/sam0/drivers/system/pinmux/pinmux.o
                              0x56d77 (size before relaxing)
 .debug_str     0x00060a72       0x47 src/ASF/sam0/drivers/system/system.o
                              0x569ea (size before relaxing)
 .debug_str     0x00060ab9       0xf3 src/ASF/sam0/drivers/tc/tc_interrupt.o
                              0x576d9 (size before relaxing)
 .debug_str     0x00060bac      0x224 src/ASF/sam0/drivers/tc/tc_sam_d_r/tc.o
                              0x57ef0 (size before relaxing)
 .debug_str     0x00060dd0      0x36a src/ASF/sam0/utils/cmsis/samd20/source/gcc/startup_samd20.o
                              0x42a19 (size before relaxing)
 .debug_str     0x0006113a       0xcb src/main_treble.o
                              0x5c0c7 (size before relaxing)

.debug_frame    0x00000000      0xc50
 .debug_frame   0x00000000       0x58 spi_treble.o
 .debug_frame   0x00000058       0x94 src/ASF/sam0/drivers/adc/adc_sam_d_r/adc.o
 .debug_frame   0x000000ec       0x84 src/ASF/sam0/drivers/adc/adc_sam_d_r/adc_callback.o
 .debug_frame   0x00000170       0x54 atod_treble.o
 .debug_frame   0x000001c4       0x54 tc_treble.o
 .debug_frame   0x00000218       0x30 src/ASF/common/utils/interrupt/interrupt_sam_nvic.o
 .debug_frame   0x00000248       0x30 src/ASF/sam0/boards/samd20_xplained_pro/board_init.o
 .debug_frame   0x00000278       0x44 src/ASF/sam0/drivers/port/port.o
 .debug_frame   0x000002bc       0xa0 src/ASF/sam0/drivers/sercom/sercom.o
 .debug_frame   0x0000035c       0xec src/ASF/sam0/drivers/sercom/sercom_interrupt.o
 .debug_frame   0x00000448      0x134 src/ASF/sam0/drivers/sercom/spi/spi.o
 .debug_frame   0x0000057c       0xb0 src/ASF/sam0/drivers/sercom/spi/spi_interrupt.o
 .debug_frame   0x0000062c      0x150 src/ASF/sam0/drivers/system/clock/clock_samd20/clock.o
 .debug_frame   0x0000077c      0x14c src/ASF/sam0/drivers/system/clock/clock_samd20/gclk.o
 .debug_frame   0x000008c8       0x7c src/ASF/sam0/drivers/system/pinmux/pinmux.o
 .debug_frame   0x00000944       0x38 src/ASF/sam0/drivers/system/system.o
 .debug_frame   0x0000097c      0x10c src/ASF/sam0/drivers/tc/tc_interrupt.o
 .debug_frame   0x00000a88       0xe0 src/ASF/sam0/drivers/tc/tc_sam_d_r/tc.o
 .debug_frame   0x00000b68       0x38 src/ASF/sam0/utils/cmsis/samd20/source/gcc/startup_samd20.o
 .debug_frame   0x00000ba0       0x3c src/main_treble.o
 .debug_frame   0x00000bdc       0x20 c:/program files (x86)/atmel/studio/7.0/toolchain/arm/arm-gnu-toolchain/bin/../lib/gcc/arm-none-eabi/4.9.3/armv6-m\libgcc.a(_udivsi3.o)
 .debug_frame   0x00000bfc       0x2c c:/program files (x86)/atmel/studio/7.0/toolchain/arm/arm-gnu-toolchain/bin/../lib/gcc/arm-none-eabi/4.9.3/../../../../arm-none-eabi/lib/armv6-m\libc_nano.a(lib_a-init.o)
 .debug_frame   0x00000c28       0x28 c:/program files (x86)/atmel/studio/7.0/toolchain/arm/arm-gnu-toolchain/bin/../lib/gcc/arm-none-eabi/4.9.3/../../../../arm-none-eabi/lib/armv6-m\libc_nano.a(lib_a-memcpy.o)

Cross Reference Table

Symbol                                            File
AC_Handler                                        src/ASF/sam0/utils/cmsis/samd20/source/gcc/startup_samd20.o
ADC_Handler                                       src/ASF/sam0/drivers/adc/adc_sam_d_r/adc_callback.o
DAC_Handler                                       src/ASF/sam0/utils/cmsis/samd20/source/gcc/startup_samd20.o
Dummy_Handler                                     src/ASF/sam0/utils/cmsis/samd20/source/gcc/startup_samd20.o
EIC_Handler                                       src/ASF/sam0/utils/cmsis/samd20/source/gcc/startup_samd20.o
EVSYS_Handler                                     src/ASF/sam0/utils/cmsis/samd20/source/gcc/startup_samd20.o
HardFault_Handler                                 src/ASF/sam0/utils/cmsis/samd20/source/gcc/startup_samd20.o
NMI_Handler                                       src/ASF/sam0/utils/cmsis/samd20/source/gcc/startup_samd20.o
NVMCTRL_Handler                                   src/ASF/sam0/utils/cmsis/samd20/source/gcc/startup_samd20.o
PM_Handler                                        src/ASF/sam0/utils/cmsis/samd20/source/gcc/startup_samd20.o
PTC_Handler                                       src/ASF/sam0/utils/cmsis/samd20/source/gcc/startup_samd20.o
PendSV_Handler                                    src/ASF/sam0/utils/cmsis/samd20/source/gcc/startup_samd20.o
RTC_Handler                                       src/ASF/sam0/utils/cmsis/samd20/source/gcc/startup_samd20.o
Reset_Handler                                     src/ASF/sam0/utils/cmsis/samd20/source/gcc/startup_samd20.o
SERCOM0_Handler                                   src/ASF/sam0/drivers/sercom/sercom_interrupt.o
SERCOM1_Handler                                   src/ASF/sam0/drivers/sercom/sercom_interrupt.o
SERCOM2_Handler                                   src/ASF/sam0/drivers/sercom/sercom_interrupt.o
SERCOM3_Handler                                   src/ASF/sam0/drivers/sercom/sercom_interrupt.o
SERCOM4_Handler                                   src/ASF/sam0/drivers/sercom/sercom_interrupt.o
SERCOM5_Handler                                   src/ASF/sam0/drivers/sercom/sercom_interrupt.o
SVC_Handler                                       src/ASF/sam0/utils/cmsis/samd20/source/gcc/startup_samd20.o
SYSCTRL_Handler                                   src/ASF/sam0/utils/cmsis/samd20/source/gcc/startup_samd20.o
SysTick_Handler                                   src/ASF/sam0/utils/cmsis/samd20/source/gcc/startup_samd20.o
SystemCoreClock                                   src/ASF/sam0/utils/cmsis/samd20/source/system_samd20.o
SystemCoreClockUpdate                             src/ASF/sam0/utils/cmsis/samd20/source/system_samd20.o
SystemInit                                        src/ASF/sam0/utils/cmsis/samd20/source/system_samd20.o
TC0_Handler                                       src/ASF/sam0/drivers/tc/tc_interrupt.o
TC1_Handler                                       src/ASF/sam0/drivers/tc/tc_interrupt.o
TC2_Handler                                       src/ASF/sam0/drivers/tc/tc_interrupt.o
TC3_Handler                                       src/ASF/sam0/drivers/tc/tc_interrupt.o
TC4_Handler                                       src/ASF/sam0/drivers/tc/tc_interrupt.o
TC5_Handler                                       src/ASF/sam0/drivers/tc/tc_interrupt.o
TC6_Handler                                       src/ASF/sam0/drivers/tc/tc_interrupt.o
TC7_Handler                                       src/ASF/sam0/drivers/tc/tc_interrupt.o
WDT_Handler                                       src/ASF/sam0/utils/cmsis/samd20/source/gcc/startup_samd20.o
_Jv_RegisterClasses                               c:/program files (x86)/atmel/studio/7.0/toolchain/arm/arm-gnu-toolchain/bin/../lib/gcc/arm-none-eabi/4.9.3/armv6-m/crtbegin.o
__aeabi_idiv                                      c:/program files (x86)/atmel/studio/7.0/toolchain/arm/arm-gnu-toolchain/bin/../lib/gcc/arm-none-eabi/4.9.3/armv6-m\libgcc.a(_divsi3.o)
                                                  c:/program files (x86)/atmel/studio/7.0/toolchain/arm/arm-gnu-toolchain/bin/../lib/gcc/arm-none-eabi/4.9.3/../../../../arm-none-eabi/lib/armv6-m\libc_nano.a(lib_a-fvwrite.o)
__aeabi_idiv0                                     c:/program files (x86)/atmel/studio/7.0/toolchain/arm/arm-gnu-toolchain/bin/../lib/gcc/arm-none-eabi/4.9.3/armv6-m\libgcc.a(_dvmd_tls.o)
                                                  c:/program files (x86)/atmel/studio/7.0/toolchain/arm/arm-gnu-toolchain/bin/../lib/gcc/arm-none-eabi/4.9.3/armv6-m\libgcc.a(_divsi3.o)
                                                  c:/program files (x86)/atmel/studio/7.0/toolchain/arm/arm-gnu-toolchain/bin/../lib/gcc/arm-none-eabi/4.9.3/armv6-m\libgcc.a(_udivsi3.o)
__aeabi_idivmod                                   c:/program files (x86)/atmel/studio/7.0/toolchain/arm/arm-gnu-toolchain/bin/../lib/gcc/arm-none-eabi/4.9.3/armv6-m\libgcc.a(_divsi3.o)
__aeabi_ldiv0                                     c:/program files (x86)/atmel/studio/7.0/toolchain/arm/arm-gnu-toolchain/bin/../lib/gcc/arm-none-eabi/4.9.3/armv6-m\libgcc.a(_dvmd_tls.o)
__aeabi_lmul                                      c:/program files (x86)/atmel/studio/7.0/toolchain/arm/arm-gnu-toolchain/bin/../lib/gcc/arm-none-eabi/4.9.3/armv6-m\libgcc.a(_muldi3.o)
                                                  src/ASF/sam0/drivers/sercom/sercom.o
__aeabi_uidiv                                     c:/program files (x86)/atmel/studio/7.0/toolchain/arm/arm-gnu-toolchain/bin/../lib/gcc/arm-none-eabi/4.9.3/armv6-m\libgcc.a(_udivsi3.o)
                                                  c:/program files (x86)/atmel/studio/7.0/toolchain/arm/arm-gnu-toolchain/bin/../lib/gcc/arm-none-eabi/4.9.3/../../../../arm-none-eabi/lib/armv6-m\libc_nano.a(lib_a-nano-vfprintf_i.o)
                                                  src/ASF/sam0/drivers/system/clock/clock_samd20/gclk.o
__aeabi_uidivmod                                  c:/program files (x86)/atmel/studio/7.0/toolchain/arm/arm-gnu-toolchain/bin/../lib/gcc/arm-none-eabi/4.9.3/armv6-m\libgcc.a(_udivsi3.o)
                                                  c:/program files (x86)/atmel/studio/7.0/toolchain/arm/arm-gnu-toolchain/bin/../lib/gcc/arm-none-eabi/4.9.3/../../../../arm-none-eabi/lib/armv6-m\libc_nano.a(lib_a-nano-vfprintf_i.o)
__bss_end__                                       c:/program files (x86)/atmel/studio/7.0/toolchain/arm/arm-gnu-toolchain/bin/../lib/gcc/arm-none-eabi/4.9.3/../../../../arm-none-eabi/lib/armv6-m/crt0.o
__bss_start__                                     c:/program files (x86)/atmel/studio/7.0/toolchain/arm/arm-gnu-toolchain/bin/../lib/gcc/arm-none-eabi/4.9.3/../../../../arm-none-eabi/lib/armv6-m/crt0.o
__call_exitprocs                                  c:/program files (x86)/atmel/studio/7.0/toolchain/arm/arm-gnu-toolchain/bin/../lib/gcc/arm-none-eabi/4.9.3/../../../../arm-none-eabi/lib/armv6-m\libc_nano.a(lib_a-exit.o)
__deregister_frame_info                           c:/program files (x86)/atmel/studio/7.0/toolchain/arm/arm-gnu-toolchain/bin/../lib/gcc/arm-none-eabi/4.9.3/armv6-m/crtbegin.o
__divsi3                                          c:/program files (x86)/atmel/studio/7.0/toolchain/arm/arm-gnu-toolchain/bin/../lib/gcc/arm-none-eabi/4.9.3/armv6-m\libgcc.a(_divsi3.o)
__dso_handle                                      c:/program files (x86)/atmel/studio/7.0/toolchain/arm/arm-gnu-toolchain/bin/../lib/gcc/arm-none-eabi/4.9.3/armv6-m/crtbegin.o
__fp_lock_all                                     c:/program files (x86)/atmel/studio/7.0/toolchain/arm/arm-gnu-toolchain/bin/../lib/gcc/arm-none-eabi/4.9.3/../../../../arm-none-eabi/lib/armv6-m\libc_nano.a(lib_a-findfp.o)
__fp_unlock_all                                   c:/program files (x86)/atmel/studio/7.0/toolchain/arm/arm-gnu-toolchain/bin/../lib/gcc/arm-none-eabi/4.9.3/../../../../arm-none-eabi/lib/armv6-m\libc_nano.a(lib_a-findfp.o)
__init_array_end                                  c:/program files (x86)/atmel/studio/7.0/toolchain/arm/arm-gnu-toolchain/bin/../lib/gcc/arm-none-eabi/4.9.3/../../../../arm-none-eabi/lib/armv6-m\libc_nano.a(lib_a-init.o)
__init_array_start                                c:/program files (x86)/atmel/studio/7.0/toolchain/arm/arm-gnu-toolchain/bin/../lib/gcc/arm-none-eabi/4.9.3/../../../../arm-none-eabi/lib/armv6-m\libc_nano.a(lib_a-init.o)
__libc_fini_array                                 c:/program files (x86)/atmel/studio/7.0/toolchain/arm/arm-gnu-toolchain/bin/../lib/gcc/arm-none-eabi/4.9.3/../../../../arm-none-eabi/lib/armv6-m/crt0.o
__libc_init_array                                 c:/program files (x86)/atmel/studio/7.0/toolchain/arm/arm-gnu-toolchain/bin/../lib/gcc/arm-none-eabi/4.9.3/../../../../arm-none-eabi/lib/armv6-m\libc_nano.a(lib_a-init.o)
                                                  src/ASF/sam0/utils/cmsis/samd20/source/gcc/startup_samd20.o
                                                  c:/program files (x86)/atmel/studio/7.0/toolchain/arm/arm-gnu-toolchain/bin/../lib/gcc/arm-none-eabi/4.9.3/../../../../arm-none-eabi/lib/armv6-m/crt0.o
__malloc_free_list                                c:/program files (x86)/atmel/studio/7.0/toolchain/arm/arm-gnu-toolchain/bin/../lib/gcc/arm-none-eabi/4.9.3/../../../../arm-none-eabi/lib/armv6-m\libc_nano.a(lib_a-nano-mallocr.o)
                                                  c:/program files (x86)/atmel/studio/7.0/toolchain/arm/arm-gnu-toolchain/bin/../lib/gcc/arm-none-eabi/4.9.3/../../../../arm-none-eabi/lib/armv6-m\libc_nano.a(lib_a-nano-freer.o)
__malloc_sbrk_start                               c:/program files (x86)/atmel/studio/7.0/toolchain/arm/arm-gnu-toolchain/bin/../lib/gcc/arm-none-eabi/4.9.3/../../../../arm-none-eabi/lib/armv6-m\libc_nano.a(lib_a-nano-mallocr.o)
__muldi3                                          c:/program files (x86)/atmel/studio/7.0/toolchain/arm/arm-gnu-toolchain/bin/../lib/gcc/arm-none-eabi/4.9.3/armv6-m\libgcc.a(_muldi3.o)
__preinit_array_end                               c:/program files (x86)/atmel/studio/7.0/toolchain/arm/arm-gnu-toolchain/bin/../lib/gcc/arm-none-eabi/4.9.3/../../../../arm-none-eabi/lib/armv6-m\libc_nano.a(lib_a-init.o)
__preinit_array_start                             c:/program files (x86)/atmel/studio/7.0/toolchain/arm/arm-gnu-toolchain/bin/../lib/gcc/arm-none-eabi/4.9.3/../../../../arm-none-eabi/lib/armv6-m\libc_nano.a(lib_a-init.o)
__register_frame_info                             c:/program files (x86)/atmel/studio/7.0/toolchain/arm/arm-gnu-toolchain/bin/../lib/gcc/arm-none-eabi/4.9.3/armv6-m/crtbegin.o
__sclose                                          c:/program files (x86)/atmel/studio/7.0/toolchain/arm/arm-gnu-toolchain/bin/../lib/gcc/arm-none-eabi/4.9.3/../../../../arm-none-eabi/lib/armv6-m\libc_nano.a(lib_a-stdio.o)
                                                  c:/program files (x86)/atmel/studio/7.0/toolchain/arm/arm-gnu-toolchain/bin/../lib/gcc/arm-none-eabi/4.9.3/../../../../arm-none-eabi/lib/armv6-m\libc_nano.a(lib_a-findfp.o)
__seofread                                        c:/program files (x86)/atmel/studio/7.0/toolchain/arm/arm-gnu-toolchain/bin/../lib/gcc/arm-none-eabi/4.9.3/../../../../arm-none-eabi/lib/armv6-m\libc_nano.a(lib_a-stdio.o)
__sf_fake_stderr                                  c:/program files (x86)/atmel/studio/7.0/toolchain/arm/arm-gnu-toolchain/bin/../lib/gcc/arm-none-eabi/4.9.3/../../../../arm-none-eabi/lib/armv6-m\libc_nano.a(lib_a-findfp.o)
                                                  c:/program files (x86)/atmel/studio/7.0/toolchain/arm/arm-gnu-toolchain/bin/../lib/gcc/arm-none-eabi/4.9.3/../../../../arm-none-eabi/lib/armv6-m\libc_nano.a(lib_a-fflush.o)
                                                  c:/program files (x86)/atmel/studio/7.0/toolchain/arm/arm-gnu-toolchain/bin/../lib/gcc/arm-none-eabi/4.9.3/../../../../arm-none-eabi/lib/armv6-m\libc_nano.a(lib_a-wsetup.o)
                                                  c:/program files (x86)/atmel/studio/7.0/toolchain/arm/arm-gnu-toolchain/bin/../lib/gcc/arm-none-eabi/4.9.3/../../../../arm-none-eabi/lib/armv6-m\libc_nano.a(lib_a-wbuf.o)
                                                  c:/program files (x86)/atmel/studio/7.0/toolchain/arm/arm-gnu-toolchain/bin/../lib/gcc/arm-none-eabi/4.9.3/../../../../arm-none-eabi/lib/armv6-m\libc_nano.a(lib_a-nano-vfprintf.o)
                                                  c:/program files (x86)/atmel/studio/7.0/toolchain/arm/arm-gnu-toolchain/bin/../lib/gcc/arm-none-eabi/4.9.3/../../../../arm-none-eabi/lib/armv6-m\libc_nano.a(lib_a-impure.o)
__sf_fake_stdin                                   c:/program files (x86)/atmel/studio/7.0/toolchain/arm/arm-gnu-toolchain/bin/../lib/gcc/arm-none-eabi/4.9.3/../../../../arm-none-eabi/lib/armv6-m\libc_nano.a(lib_a-findfp.o)
                                                  c:/program files (x86)/atmel/studio/7.0/toolchain/arm/arm-gnu-toolchain/bin/../lib/gcc/arm-none-eabi/4.9.3/../../../../arm-none-eabi/lib/armv6-m\libc_nano.a(lib_a-fflush.o)
                                                  c:/program files (x86)/atmel/studio/7.0/toolchain/arm/arm-gnu-toolchain/bin/../lib/gcc/arm-none-eabi/4.9.3/../../../../arm-none-eabi/lib/armv6-m\libc_nano.a(lib_a-wsetup.o)
                                                  c:/program files (x86)/atmel/studio/7.0/toolchain/arm/arm-gnu-toolchain/bin/../lib/gcc/arm-none-eabi/4.9.3/../../../../arm-none-eabi/lib/armv6-m\libc_nano.a(lib_a-wbuf.o)
                                                  c:/program files (x86)/atmel/studio/7.0/toolchain/arm/arm-gnu-toolchain/bin/../lib/gcc/arm-none-eabi/4.9.3/../../../../arm-none-eabi/lib/armv6-m\libc_nano.a(lib_a-nano-vfprintf.o)
                                                  c:/program files (x86)/atmel/studio/7.0/toolchain/arm/arm-gnu-toolchain/bin/../lib/gcc/arm-none-eabi/4.9.3/../../../../arm-none-eabi/lib/armv6-m\libc_nano.a(lib_a-impure.o)
__sf_fake_stdout                                  c:/program files (x86)/atmel/studio/7.0/toolchain/arm/arm-gnu-toolchain/bin/../lib/gcc/arm-none-eabi/4.9.3/../../../../arm-none-eabi/lib/armv6-m\libc_nano.a(lib_a-findfp.o)
                                                  c:/program files (x86)/atmel/studio/7.0/toolchain/arm/arm-gnu-toolchain/bin/../lib/gcc/arm-none-eabi/4.9.3/../../../../arm-none-eabi/lib/armv6-m\libc_nano.a(lib_a-fflush.o)
                                                  c:/program files (x86)/atmel/studio/7.0/toolchain/arm/arm-gnu-toolchain/bin/../lib/gcc/arm-none-eabi/4.9.3/../../../../arm-none-eabi/lib/armv6-m\libc_nano.a(lib_a-wsetup.o)
                                                  c:/program files (x86)/atmel/studio/7.0/toolchain/arm/arm-gnu-toolchain/bin/../lib/gcc/arm-none-eabi/4.9.3/../../../../arm-none-eabi/lib/armv6-m\libc_nano.a(lib_a-wbuf.o)
                                                  c:/program files (x86)/atmel/studio/7.0/toolchain/arm/arm-gnu-toolchain/bin/../lib/gcc/arm-none-eabi/4.9.3/../../../../arm-none-eabi/lib/armv6-m\libc_nano.a(lib_a-nano-vfprintf.o)
                                                  c:/program files (x86)/atmel/studio/7.0/toolchain/arm/arm-gnu-toolchain/bin/../lib/gcc/arm-none-eabi/4.9.3/../../../../arm-none-eabi/lib/armv6-m\libc_nano.a(lib_a-impure.o)
__sflush_r                                        c:/program files (x86)/atmel/studio/7.0/toolchain/arm/arm-gnu-toolchain/bin/../lib/gcc/arm-none-eabi/4.9.3/../../../../arm-none-eabi/lib/armv6-m\libc_nano.a(lib_a-fflush.o)
__sfmoreglue                                      c:/program files (x86)/atmel/studio/7.0/toolchain/arm/arm-gnu-toolchain/bin/../lib/gcc/arm-none-eabi/4.9.3/../../../../arm-none-eabi/lib/armv6-m\libc_nano.a(lib_a-findfp.o)
__sfp                                             c:/program files (x86)/atmel/studio/7.0/toolchain/arm/arm-gnu-toolchain/bin/../lib/gcc/arm-none-eabi/4.9.3/../../../../arm-none-eabi/lib/armv6-m\libc_nano.a(lib_a-findfp.o)
__sfp_lock_acquire                                c:/program files (x86)/atmel/studio/7.0/toolchain/arm/arm-gnu-toolchain/bin/../lib/gcc/arm-none-eabi/4.9.3/../../../../arm-none-eabi/lib/armv6-m\libc_nano.a(lib_a-findfp.o)
__sfp_lock_release                                c:/program files (x86)/atmel/studio/7.0/toolchain/arm/arm-gnu-toolchain/bin/../lib/gcc/arm-none-eabi/4.9.3/../../../../arm-none-eabi/lib/armv6-m\libc_nano.a(lib_a-findfp.o)
__sfputs_r                                        c:/program files (x86)/atmel/studio/7.0/toolchain/arm/arm-gnu-toolchain/bin/../lib/gcc/arm-none-eabi/4.9.3/../../../../arm-none-eabi/lib/armv6-m\libc_nano.a(lib_a-nano-vfprintf.o)
__sfvwrite_r                                      c:/program files (x86)/atmel/studio/7.0/toolchain/arm/arm-gnu-toolchain/bin/../lib/gcc/arm-none-eabi/4.9.3/../../../../arm-none-eabi/lib/armv6-m\libc_nano.a(lib_a-fvwrite.o)
                                                  c:/program files (x86)/atmel/studio/7.0/toolchain/arm/arm-gnu-toolchain/bin/../lib/gcc/arm-none-eabi/4.9.3/../../../../arm-none-eabi/lib/armv6-m\libc_nano.a(lib_a-nano-vfprintf.o)
__sinit                                           c:/program files (x86)/atmel/studio/7.0/toolchain/arm/arm-gnu-toolchain/bin/../lib/gcc/arm-none-eabi/4.9.3/../../../../arm-none-eabi/lib/armv6-m\libc_nano.a(lib_a-findfp.o)
                                                  c:/program files (x86)/atmel/studio/7.0/toolchain/arm/arm-gnu-toolchain/bin/../lib/gcc/arm-none-eabi/4.9.3/../../../../arm-none-eabi/lib/armv6-m\libc_nano.a(lib_a-fflush.o)
                                                  c:/program files (x86)/atmel/studio/7.0/toolchain/arm/arm-gnu-toolchain/bin/../lib/gcc/arm-none-eabi/4.9.3/../../../../arm-none-eabi/lib/armv6-m\libc_nano.a(lib_a-wsetup.o)
                                                  c:/program files (x86)/atmel/studio/7.0/toolchain/arm/arm-gnu-toolchain/bin/../lib/gcc/arm-none-eabi/4.9.3/../../../../arm-none-eabi/lib/armv6-m\libc_nano.a(lib_a-wbuf.o)
                                                  c:/program files (x86)/atmel/studio/7.0/toolchain/arm/arm-gnu-toolchain/bin/../lib/gcc/arm-none-eabi/4.9.3/../../../../arm-none-eabi/lib/armv6-m\libc_nano.a(lib_a-nano-vfprintf.o)
                                                  c:/program files (x86)/atmel/studio/7.0/toolchain/arm/arm-gnu-toolchain/bin/../lib/gcc/arm-none-eabi/4.9.3/../../../../arm-none-eabi/lib/armv6-m\libc_nano.a(lib_a-printf.o)
__sinit_lock_acquire                              c:/program files (x86)/atmel/studio/7.0/toolchain/arm/arm-gnu-toolchain/bin/../lib/gcc/arm-none-eabi/4.9.3/../../../../arm-none-eabi/lib/armv6-m\libc_nano.a(lib_a-findfp.o)
__sinit_lock_release                              c:/program files (x86)/atmel/studio/7.0/toolchain/arm/arm-gnu-toolchain/bin/../lib/gcc/arm-none-eabi/4.9.3/../../../../arm-none-eabi/lib/armv6-m\libc_nano.a(lib_a-findfp.o)
__smakebuf_r                                      c:/program files (x86)/atmel/studio/7.0/toolchain/arm/arm-gnu-toolchain/bin/../lib/gcc/arm-none-eabi/4.9.3/../../../../arm-none-eabi/lib/armv6-m\libc_nano.a(lib_a-makebuf.o)
                                                  c:/program files (x86)/atmel/studio/7.0/toolchain/arm/arm-gnu-toolchain/bin/../lib/gcc/arm-none-eabi/4.9.3/../../../../arm-none-eabi/lib/armv6-m\libc_nano.a(lib_a-wsetup.o)
__sprint_r                                        c:/program files (x86)/atmel/studio/7.0/toolchain/arm/arm-gnu-toolchain/bin/../lib/gcc/arm-none-eabi/4.9.3/../../../../arm-none-eabi/lib/armv6-m\libc_nano.a(lib_a-nano-vfprintf.o)
__sread                                           c:/program files (x86)/atmel/studio/7.0/toolchain/arm/arm-gnu-toolchain/bin/../lib/gcc/arm-none-eabi/4.9.3/../../../../arm-none-eabi/lib/armv6-m\libc_nano.a(lib_a-stdio.o)
                                                  c:/program files (x86)/atmel/studio/7.0/toolchain/arm/arm-gnu-toolchain/bin/../lib/gcc/arm-none-eabi/4.9.3/../../../../arm-none-eabi/lib/armv6-m\libc_nano.a(lib_a-findfp.o)
__sseek                                           c:/program files (x86)/atmel/studio/7.0/toolchain/arm/arm-gnu-toolchain/bin/../lib/gcc/arm-none-eabi/4.9.3/../../../../arm-none-eabi/lib/armv6-m\libc_nano.a(lib_a-stdio.o)
                                                  c:/program files (x86)/atmel/studio/7.0/toolchain/arm/arm-gnu-toolchain/bin/../lib/gcc/arm-none-eabi/4.9.3/../../../../arm-none-eabi/lib/armv6-m\libc_nano.a(lib_a-findfp.o)
__stack                                           c:/program files (x86)/atmel/studio/7.0/toolchain/arm/arm-gnu-toolchain/bin/../lib/gcc/arm-none-eabi/4.9.3/../../../../arm-none-eabi/lib/armv6-m/crt0.o
__swbuf                                           c:/program files (x86)/atmel/studio/7.0/toolchain/arm/arm-gnu-toolchain/bin/../lib/gcc/arm-none-eabi/4.9.3/../../../../arm-none-eabi/lib/armv6-m\libc_nano.a(lib_a-wbuf.o)
__swbuf_r                                         c:/program files (x86)/atmel/studio/7.0/toolchain/arm/arm-gnu-toolchain/bin/../lib/gcc/arm-none-eabi/4.9.3/../../../../arm-none-eabi/lib/armv6-m\libc_nano.a(lib_a-wbuf.o)
                                                  c:/program files (x86)/atmel/studio/7.0/toolchain/arm/arm-gnu-toolchain/bin/../lib/gcc/arm-none-eabi/4.9.3/../../../../arm-none-eabi/lib/armv6-m\libc_nano.a(lib_a-nano-vfprintf.o)
__swrite                                          c:/program files (x86)/atmel/studio/7.0/toolchain/arm/arm-gnu-toolchain/bin/../lib/gcc/arm-none-eabi/4.9.3/../../../../arm-none-eabi/lib/armv6-m\libc_nano.a(lib_a-stdio.o)
                                                  c:/program files (x86)/atmel/studio/7.0/toolchain/arm/arm-gnu-toolchain/bin/../lib/gcc/arm-none-eabi/4.9.3/../../../../arm-none-eabi/lib/armv6-m\libc_nano.a(lib_a-findfp.o)
__swsetup_r                                       c:/program files (x86)/atmel/studio/7.0/toolchain/arm/arm-gnu-toolchain/bin/../lib/gcc/arm-none-eabi/4.9.3/../../../../arm-none-eabi/lib/armv6-m\libc_nano.a(lib_a-wsetup.o)
                                                  c:/program files (x86)/atmel/studio/7.0/toolchain/arm/arm-gnu-toolchain/bin/../lib/gcc/arm-none-eabi/4.9.3/../../../../arm-none-eabi/lib/armv6-m\libc_nano.a(lib_a-fvwrite.o)
                                                  c:/program files (x86)/atmel/studio/7.0/toolchain/arm/arm-gnu-toolchain/bin/../lib/gcc/arm-none-eabi/4.9.3/../../../../arm-none-eabi/lib/armv6-m\libc_nano.a(lib_a-wbuf.o)
                                                  c:/program files (x86)/atmel/studio/7.0/toolchain/arm/arm-gnu-toolchain/bin/../lib/gcc/arm-none-eabi/4.9.3/../../../../arm-none-eabi/lib/armv6-m\libc_nano.a(lib_a-nano-vfprintf.o)
__udivsi3                                         c:/program files (x86)/atmel/studio/7.0/toolchain/arm/arm-gnu-toolchain/bin/../lib/gcc/arm-none-eabi/4.9.3/armv6-m\libgcc.a(_udivsi3.o)
_adc_instances                                    src/ASF/sam0/drivers/adc/adc_sam_d_r/adc_callback.o
                                                  src/ASF/sam0/drivers/adc/adc_sam_d_r/adc.o
_cleanup                                          c:/program files (x86)/atmel/studio/7.0/toolchain/arm/arm-gnu-toolchain/bin/../lib/gcc/arm-none-eabi/4.9.3/../../../../arm-none-eabi/lib/armv6-m\libc_nano.a(lib_a-findfp.o)
_cleanup_r                                        c:/program files (x86)/atmel/studio/7.0/toolchain/arm/arm-gnu-toolchain/bin/../lib/gcc/arm-none-eabi/4.9.3/../../../../arm-none-eabi/lib/armv6-m\libc_nano.a(lib_a-findfp.o)
                                                  c:/program files (x86)/atmel/studio/7.0/toolchain/arm/arm-gnu-toolchain/bin/../lib/gcc/arm-none-eabi/4.9.3/../../../../arm-none-eabi/lib/armv6-m\libc_nano.a(lib_a-makebuf.o)
_close                                            src/ASF/sam0/utils/syscalls/gcc/syscalls.o
                                                  c:/program files (x86)/atmel/studio/7.0/toolchain/arm/arm-gnu-toolchain/bin/../lib/gcc/arm-none-eabi/4.9.3/../../../../arm-none-eabi/lib/armv6-m\libc_nano.a(lib_a-closer.o)
_close_r                                          c:/program files (x86)/atmel/studio/7.0/toolchain/arm/arm-gnu-toolchain/bin/../lib/gcc/arm-none-eabi/4.9.3/../../../../arm-none-eabi/lib/armv6-m\libc_nano.a(lib_a-closer.o)
                                                  c:/program files (x86)/atmel/studio/7.0/toolchain/arm/arm-gnu-toolchain/bin/../lib/gcc/arm-none-eabi/4.9.3/../../../../arm-none-eabi/lib/armv6-m\libc_nano.a(lib_a-stdio.o)
_end                                              src/ASF/sam0/utils/syscalls/gcc/syscalls.o
_erelocate                                        src/ASF/sam0/utils/cmsis/samd20/source/gcc/startup_samd20.o
_estack                                           src/ASF/sam0/utils/cmsis/samd20/source/gcc/startup_samd20.o
_etext                                            src/ASF/sam0/utils/cmsis/samd20/source/gcc/startup_samd20.o
_exit                                             src/ASF/sam0/utils/syscalls/gcc/syscalls.o
                                                  c:/program files (x86)/atmel/studio/7.0/toolchain/arm/arm-gnu-toolchain/bin/../lib/gcc/arm-none-eabi/4.9.3/../../../../arm-none-eabi/lib/armv6-m\libc_nano.a(lib_a-exit.o)
_ezero                                            src/ASF/sam0/utils/cmsis/samd20/source/gcc/startup_samd20.o
_fflush_r                                         c:/program files (x86)/atmel/studio/7.0/toolchain/arm/arm-gnu-toolchain/bin/../lib/gcc/arm-none-eabi/4.9.3/../../../../arm-none-eabi/lib/armv6-m\libc_nano.a(lib_a-fflush.o)
                                                  c:/program files (x86)/atmel/studio/7.0/toolchain/arm/arm-gnu-toolchain/bin/../lib/gcc/arm-none-eabi/4.9.3/../../../../arm-none-eabi/lib/armv6-m\libc_nano.a(lib_a-fvwrite.o)
                                                  c:/program files (x86)/atmel/studio/7.0/toolchain/arm/arm-gnu-toolchain/bin/../lib/gcc/arm-none-eabi/4.9.3/../../../../arm-none-eabi/lib/armv6-m\libc_nano.a(lib_a-wbuf.o)
                                                  c:/program files (x86)/atmel/studio/7.0/toolchain/arm/arm-gnu-toolchain/bin/../lib/gcc/arm-none-eabi/4.9.3/../../../../arm-none-eabi/lib/armv6-m\libc_nano.a(lib_a-findfp.o)
_fini                                             c:/program files (x86)/atmel/studio/7.0/toolchain/arm/arm-gnu-toolchain/bin/../lib/gcc/arm-none-eabi/4.9.3/armv6-m/crti.o
_free_r                                           c:/program files (x86)/atmel/studio/7.0/toolchain/arm/arm-gnu-toolchain/bin/../lib/gcc/arm-none-eabi/4.9.3/../../../../arm-none-eabi/lib/armv6-m\libc_nano.a(lib_a-nano-freer.o)
                                                  c:/program files (x86)/atmel/studio/7.0/toolchain/arm/arm-gnu-toolchain/bin/../lib/gcc/arm-none-eabi/4.9.3/../../../../arm-none-eabi/lib/armv6-m\libc_nano.a(lib_a-reent.o)
                                                  c:/program files (x86)/atmel/studio/7.0/toolchain/arm/arm-gnu-toolchain/bin/../lib/gcc/arm-none-eabi/4.9.3/../../../../arm-none-eabi/lib/armv6-m\libc_nano.a(lib_a-nano-reallocr.o)
                                                  c:/program files (x86)/atmel/studio/7.0/toolchain/arm/arm-gnu-toolchain/bin/../lib/gcc/arm-none-eabi/4.9.3/../../../../arm-none-eabi/lib/armv6-m\libc_nano.a(lib_a-fvwrite.o)
                                                  c:/program files (x86)/atmel/studio/7.0/toolchain/arm/arm-gnu-toolchain/bin/../lib/gcc/arm-none-eabi/4.9.3/../../../../arm-none-eabi/lib/armv6-m\libc_nano.a(lib_a-fflush.o)
                                                  c:/program files (x86)/atmel/studio/7.0/toolchain/arm/arm-gnu-toolchain/bin/../lib/gcc/arm-none-eabi/4.9.3/../../../../arm-none-eabi/lib/armv6-m\libc_nano.a(lib_a-wsetup.o)
_fstat                                            src/ASF/sam0/utils/syscalls/gcc/syscalls.o
                                                  c:/program files (x86)/atmel/studio/7.0/toolchain/arm/arm-gnu-toolchain/bin/../lib/gcc/arm-none-eabi/4.9.3/../../../../arm-none-eabi/lib/armv6-m\libc_nano.a(lib_a-fstatr.o)
_fstat_r                                          c:/program files (x86)/atmel/studio/7.0/toolchain/arm/arm-gnu-toolchain/bin/../lib/gcc/arm-none-eabi/4.9.3/../../../../arm-none-eabi/lib/armv6-m\libc_nano.a(lib_a-fstatr.o)
                                                  c:/program files (x86)/atmel/studio/7.0/toolchain/arm/arm-gnu-toolchain/bin/../lib/gcc/arm-none-eabi/4.9.3/../../../../arm-none-eabi/lib/armv6-m\libc_nano.a(lib_a-makebuf.o)
_fwalk                                            c:/program files (x86)/atmel/studio/7.0/toolchain/arm/arm-gnu-toolchain/bin/../lib/gcc/arm-none-eabi/4.9.3/../../../../arm-none-eabi/lib/armv6-m\libc_nano.a(lib_a-fwalk.o)
                                                  c:/program files (x86)/atmel/studio/7.0/toolchain/arm/arm-gnu-toolchain/bin/../lib/gcc/arm-none-eabi/4.9.3/../../../../arm-none-eabi/lib/armv6-m\libc_nano.a(lib_a-findfp.o)
_fwalk_reent                                      c:/program files (x86)/atmel/studio/7.0/toolchain/arm/arm-gnu-toolchain/bin/../lib/gcc/arm-none-eabi/4.9.3/../../../../arm-none-eabi/lib/armv6-m\libc_nano.a(lib_a-fwalk.o)
                                                  c:/program files (x86)/atmel/studio/7.0/toolchain/arm/arm-gnu-toolchain/bin/../lib/gcc/arm-none-eabi/4.9.3/../../../../arm-none-eabi/lib/armv6-m\libc_nano.a(lib_a-fflush.o)
                                                  c:/program files (x86)/atmel/studio/7.0/toolchain/arm/arm-gnu-toolchain/bin/../lib/gcc/arm-none-eabi/4.9.3/../../../../arm-none-eabi/lib/armv6-m\libc_nano.a(lib_a-findfp.o)
_getpid                                           src/ASF/sam0/utils/syscalls/gcc/syscalls.o
_global_impure_ptr                                c:/program files (x86)/atmel/studio/7.0/toolchain/arm/arm-gnu-toolchain/bin/../lib/gcc/arm-none-eabi/4.9.3/../../../../arm-none-eabi/lib/armv6-m\libc_nano.a(lib_a-impure.o)
                                                  c:/program files (x86)/atmel/studio/7.0/toolchain/arm/arm-gnu-toolchain/bin/../lib/gcc/arm-none-eabi/4.9.3/../../../../arm-none-eabi/lib/armv6-m\libc_nano.a(lib_a-fflush.o)
                                                  c:/program files (x86)/atmel/studio/7.0/toolchain/arm/arm-gnu-toolchain/bin/../lib/gcc/arm-none-eabi/4.9.3/../../../../arm-none-eabi/lib/armv6-m\libc_nano.a(lib_a-findfp.o)
                                                  c:/program files (x86)/atmel/studio/7.0/toolchain/arm/arm-gnu-toolchain/bin/../lib/gcc/arm-none-eabi/4.9.3/../../../../arm-none-eabi/lib/armv6-m\libc_nano.a(lib_a-exit.o)
_impure_ptr                                       c:/program files (x86)/atmel/studio/7.0/toolchain/arm/arm-gnu-toolchain/bin/../lib/gcc/arm-none-eabi/4.9.3/../../../../arm-none-eabi/lib/armv6-m\libc_nano.a(lib_a-impure.o)
                                                  c:/program files (x86)/atmel/studio/7.0/toolchain/arm/arm-gnu-toolchain/bin/../lib/gcc/arm-none-eabi/4.9.3/../../../../arm-none-eabi/lib/armv6-m\libc_nano.a(lib_a-reent.o)
                                                  c:/program files (x86)/atmel/studio/7.0/toolchain/arm/arm-gnu-toolchain/bin/../lib/gcc/arm-none-eabi/4.9.3/../../../../arm-none-eabi/lib/armv6-m\libc_nano.a(lib_a-fflush.o)
                                                  c:/program files (x86)/atmel/studio/7.0/toolchain/arm/arm-gnu-toolchain/bin/../lib/gcc/arm-none-eabi/4.9.3/../../../../arm-none-eabi/lib/armv6-m\libc_nano.a(lib_a-wsetup.o)
                                                  c:/program files (x86)/atmel/studio/7.0/toolchain/arm/arm-gnu-toolchain/bin/../lib/gcc/arm-none-eabi/4.9.3/../../../../arm-none-eabi/lib/armv6-m\libc_nano.a(lib_a-wbuf.o)
                                                  c:/program files (x86)/atmel/studio/7.0/toolchain/arm/arm-gnu-toolchain/bin/../lib/gcc/arm-none-eabi/4.9.3/../../../../arm-none-eabi/lib/armv6-m\libc_nano.a(lib_a-nano-vfprintf.o)
                                                  c:/program files (x86)/atmel/studio/7.0/toolchain/arm/arm-gnu-toolchain/bin/../lib/gcc/arm-none-eabi/4.9.3/../../../../arm-none-eabi/lib/armv6-m\libc_nano.a(lib_a-findfp.o)
                                                  c:/program files (x86)/atmel/studio/7.0/toolchain/arm/arm-gnu-toolchain/bin/../lib/gcc/arm-none-eabi/4.9.3/../../../../arm-none-eabi/lib/armv6-m\libc_nano.a(lib_a-printf.o)
_init                                             c:/program files (x86)/atmel/studio/7.0/toolchain/arm/arm-gnu-toolchain/bin/../lib/gcc/arm-none-eabi/4.9.3/armv6-m/crti.o
                                                  c:/program files (x86)/atmel/studio/7.0/toolchain/arm/arm-gnu-toolchain/bin/../lib/gcc/arm-none-eabi/4.9.3/../../../../arm-none-eabi/lib/armv6-m\libc_nano.a(lib_a-init.o)
_iprintf_r                                        c:/program files (x86)/atmel/studio/7.0/toolchain/arm/arm-gnu-toolchain/bin/../lib/gcc/arm-none-eabi/4.9.3/../../../../arm-none-eabi/lib/armv6-m\libc_nano.a(lib_a-printf.o)
_isatty                                           src/ASF/sam0/utils/syscalls/gcc/syscalls.o
                                                  c:/program files (x86)/atmel/studio/7.0/toolchain/arm/arm-gnu-toolchain/bin/../lib/gcc/arm-none-eabi/4.9.3/../../../../arm-none-eabi/lib/armv6-m\libc_nano.a(lib_a-isattyr.o)
_isatty_r                                         c:/program files (x86)/atmel/studio/7.0/toolchain/arm/arm-gnu-toolchain/bin/../lib/gcc/arm-none-eabi/4.9.3/../../../../arm-none-eabi/lib/armv6-m\libc_nano.a(lib_a-isattyr.o)
                                                  c:/program files (x86)/atmel/studio/7.0/toolchain/arm/arm-gnu-toolchain/bin/../lib/gcc/arm-none-eabi/4.9.3/../../../../arm-none-eabi/lib/armv6-m\libc_nano.a(lib_a-makebuf.o)
_kill                                             src/ASF/sam0/utils/syscalls/gcc/syscalls.o
_lseek                                            src/ASF/sam0/utils/syscalls/gcc/syscalls.o
                                                  c:/program files (x86)/atmel/studio/7.0/toolchain/arm/arm-gnu-toolchain/bin/../lib/gcc/arm-none-eabi/4.9.3/../../../../arm-none-eabi/lib/armv6-m\libc_nano.a(lib_a-lseekr.o)
_lseek_r                                          c:/program files (x86)/atmel/studio/7.0/toolchain/arm/arm-gnu-toolchain/bin/../lib/gcc/arm-none-eabi/4.9.3/../../../../arm-none-eabi/lib/armv6-m\libc_nano.a(lib_a-lseekr.o)
                                                  c:/program files (x86)/atmel/studio/7.0/toolchain/arm/arm-gnu-toolchain/bin/../lib/gcc/arm-none-eabi/4.9.3/../../../../arm-none-eabi/lib/armv6-m\libc_nano.a(lib_a-stdio.o)
_mainCRTStartup                                   c:/program files (x86)/atmel/studio/7.0/toolchain/arm/arm-gnu-toolchain/bin/../lib/gcc/arm-none-eabi/4.9.3/../../../../arm-none-eabi/lib/armv6-m/crt0.o
_malloc_r                                         c:/program files (x86)/atmel/studio/7.0/toolchain/arm/arm-gnu-toolchain/bin/../lib/gcc/arm-none-eabi/4.9.3/../../../../arm-none-eabi/lib/armv6-m\libc_nano.a(lib_a-nano-mallocr.o)
                                                  c:/program files (x86)/atmel/studio/7.0/toolchain/arm/arm-gnu-toolchain/bin/../lib/gcc/arm-none-eabi/4.9.3/../../../../arm-none-eabi/lib/armv6-m\libc_nano.a(lib_a-nano-reallocr.o)
                                                  c:/program files (x86)/atmel/studio/7.0/toolchain/arm/arm-gnu-toolchain/bin/../lib/gcc/arm-none-eabi/4.9.3/../../../../arm-none-eabi/lib/armv6-m\libc_nano.a(lib_a-makebuf.o)
                                                  c:/program files (x86)/atmel/studio/7.0/toolchain/arm/arm-gnu-toolchain/bin/../lib/gcc/arm-none-eabi/4.9.3/../../../../arm-none-eabi/lib/armv6-m\libc_nano.a(lib_a-fvwrite.o)
                                                  c:/program files (x86)/atmel/studio/7.0/toolchain/arm/arm-gnu-toolchain/bin/../lib/gcc/arm-none-eabi/4.9.3/../../../../arm-none-eabi/lib/armv6-m\libc_nano.a(lib_a-findfp.o)
_malloc_usable_size_r                             c:/program files (x86)/atmel/studio/7.0/toolchain/arm/arm-gnu-toolchain/bin/../lib/gcc/arm-none-eabi/4.9.3/../../../../arm-none-eabi/lib/armv6-m\libc_nano.a(lib_a-nano-msizer.o)
                                                  c:/program files (x86)/atmel/studio/7.0/toolchain/arm/arm-gnu-toolchain/bin/../lib/gcc/arm-none-eabi/4.9.3/../../../../arm-none-eabi/lib/armv6-m\libc_nano.a(lib_a-nano-reallocr.o)
_printf_common                                    c:/program files (x86)/atmel/studio/7.0/toolchain/arm/arm-gnu-toolchain/bin/../lib/gcc/arm-none-eabi/4.9.3/../../../../arm-none-eabi/lib/armv6-m\libc_nano.a(lib_a-nano-vfprintf_i.o)
_printf_float                                     c:/program files (x86)/atmel/studio/7.0/toolchain/arm/arm-gnu-toolchain/bin/../lib/gcc/arm-none-eabi/4.9.3/../../../../arm-none-eabi/lib/armv6-m\libc_nano.a(lib_a-nano-vfprintf.o)
_printf_i                                         c:/program files (x86)/atmel/studio/7.0/toolchain/arm/arm-gnu-toolchain/bin/../lib/gcc/arm-none-eabi/4.9.3/../../../../arm-none-eabi/lib/armv6-m\libc_nano.a(lib_a-nano-vfprintf_i.o)
                                                  c:/program files (x86)/atmel/studio/7.0/toolchain/arm/arm-gnu-toolchain/bin/../lib/gcc/arm-none-eabi/4.9.3/../../../../arm-none-eabi/lib/armv6-m\libc_nano.a(lib_a-nano-vfprintf.o)
_printf_r                                         c:/program files (x86)/atmel/studio/7.0/toolchain/arm/arm-gnu-toolchain/bin/../lib/gcc/arm-none-eabi/4.9.3/../../../../arm-none-eabi/lib/armv6-m\libc_nano.a(lib_a-printf.o)
_read                                             c:/program files (x86)/atmel/studio/7.0/toolchain/arm/arm-gnu-toolchain/bin/../lib/gcc/arm-none-eabi/4.9.3/../../../../arm-none-eabi/lib/armv6-m\libc_nano.a(lib_a-readr.o)
_read_r                                           c:/program files (x86)/atmel/studio/7.0/toolchain/arm/arm-gnu-toolchain/bin/../lib/gcc/arm-none-eabi/4.9.3/../../../../arm-none-eabi/lib/armv6-m\libc_nano.a(lib_a-readr.o)
                                                  c:/program files (x86)/atmel/studio/7.0/toolchain/arm/arm-gnu-toolchain/bin/../lib/gcc/arm-none-eabi/4.9.3/../../../../arm-none-eabi/lib/armv6-m\libc_nano.a(lib_a-stdio.o)
_realloc_r                                        c:/program files (x86)/atmel/studio/7.0/toolchain/arm/arm-gnu-toolchain/bin/../lib/gcc/arm-none-eabi/4.9.3/../../../../arm-none-eabi/lib/armv6-m\libc_nano.a(lib_a-nano-reallocr.o)
                                                  c:/program files (x86)/atmel/studio/7.0/toolchain/arm/arm-gnu-toolchain/bin/../lib/gcc/arm-none-eabi/4.9.3/../../../../arm-none-eabi/lib/armv6-m\libc_nano.a(lib_a-fvwrite.o)
_reclaim_reent                                    c:/program files (x86)/atmel/studio/7.0/toolchain/arm/arm-gnu-toolchain/bin/../lib/gcc/arm-none-eabi/4.9.3/../../../../arm-none-eabi/lib/armv6-m\libc_nano.a(lib_a-reent.o)
_sbrk                                             src/ASF/sam0/utils/syscalls/gcc/syscalls.o
                                                  c:/program files (x86)/atmel/studio/7.0/toolchain/arm/arm-gnu-toolchain/bin/../lib/gcc/arm-none-eabi/4.9.3/../../../../arm-none-eabi/lib/armv6-m\libc_nano.a(lib_a-sbrkr.o)
_sbrk_r                                           c:/program files (x86)/atmel/studio/7.0/toolchain/arm/arm-gnu-toolchain/bin/../lib/gcc/arm-none-eabi/4.9.3/../../../../arm-none-eabi/lib/armv6-m\libc_nano.a(lib_a-sbrkr.o)
                                                  c:/program files (x86)/atmel/studio/7.0/toolchain/arm/arm-gnu-toolchain/bin/../lib/gcc/arm-none-eabi/4.9.3/../../../../arm-none-eabi/lib/armv6-m\libc_nano.a(lib_a-nano-mallocr.o)
_sercom_get_async_baud_val                        src/ASF/sam0/drivers/sercom/sercom.o
_sercom_get_default_pad                           src/ASF/sam0/drivers/sercom/sercom.o
                                                  src/ASF/sam0/drivers/sercom/spi/spi.o
_sercom_get_interrupt_vector                      src/ASF/sam0/drivers/sercom/sercom_interrupt.o
                                                  src/ASF/sam0/drivers/sercom/spi/spi.o
                                                  spi_treble.o
_sercom_get_sercom_inst_index                     src/ASF/sam0/drivers/sercom/sercom.o
                                                  src/ASF/sam0/drivers/sercom/spi/spi.o
                                                  src/ASF/sam0/drivers/sercom/sercom_interrupt.o
_sercom_get_sync_baud_val                         src/ASF/sam0/drivers/sercom/sercom.o
                                                  src/ASF/sam0/drivers/sercom/spi/spi.o
_sercom_instances                                 src/ASF/sam0/drivers/sercom/sercom_interrupt.o
                                                  src/ASF/sam0/drivers/sercom/spi/spi_interrupt.o
                                                  src/ASF/sam0/drivers/sercom/spi/spi.o
_sercom_set_handler                               src/ASF/sam0/drivers/sercom/sercom_interrupt.o
                                                  src/ASF/sam0/drivers/sercom/spi/spi.o
_sfixed                                           src/ASF/sam0/utils/cmsis/samd20/source/gcc/startup_samd20.o
_spi_interrupt_handler                            src/ASF/sam0/drivers/sercom/spi/spi_interrupt.o
                                                  src/ASF/sam0/drivers/sercom/spi/spi.o
_srelocate                                        src/ASF/sam0/utils/cmsis/samd20/source/gcc/startup_samd20.o
_start                                            c:/program files (x86)/atmel/studio/7.0/toolchain/arm/arm-gnu-toolchain/bin/../lib/gcc/arm-none-eabi/4.9.3/../../../../arm-none-eabi/lib/armv6-m/crt0.o
_system_divas_init                                src/ASF/sam0/drivers/system/system.o
_system_dummy_init                                src/ASF/sam0/drivers/system/system.o
_system_events_init                               src/ASF/sam0/drivers/system/system.o
_system_extint_init                               src/ASF/sam0/drivers/system/system.o
_szero                                            src/ASF/sam0/utils/cmsis/samd20/source/gcc/startup_samd20.o
_tc_get_inst_index                                src/ASF/sam0/drivers/tc/tc_sam_d_r/tc.o
                                                  tc_treble.o
_tc_instances                                     src/ASF/sam0/drivers/tc/tc_interrupt.o
                                                  src/ASF/sam0/drivers/tc/tc_sam_d_r/tc.o
_tc_interrupt_handler                             src/ASF/sam0/drivers/tc/tc_interrupt.o
_vfiprintf_r                                      c:/program files (x86)/atmel/studio/7.0/toolchain/arm/arm-gnu-toolchain/bin/../lib/gcc/arm-none-eabi/4.9.3/../../../../arm-none-eabi/lib/armv6-m\libc_nano.a(lib_a-nano-vfprintf.o)