Archive member included because of file (symbol)

c:/program files (x86)/atmel/studio/7.0/toolchain/arm/arm-gnu-toolchain/bin/../lib/gcc/arm-none-eabi/4.9.3/armv6-m\libgcc.a(_udivsi3.o)
                              src/ASF/sam0/drivers/system/clock/clock_samd20/gclk.o (__aeabi_uidiv)
c:/program files (x86)/atmel/studio/7.0/toolchain/arm/arm-gnu-toolchain/bin/../lib/gcc/arm-none-eabi/4.9.3/armv6-m\libgcc.a(_dvmd_tls.o)
                              c:/program files (x86)/atmel/studio/7.0/toolchain/arm/arm-gnu-toolchain/bin/../lib/gcc/arm-none-eabi/4.9.3/armv6-m\libgcc.a(_udivsi3.o) (__aeabi_idiv0)
c:/program files (x86)/atmel/studio/7.0/toolchain/arm/arm-gnu-toolchain/bin/../lib/gcc/arm-none-eabi/4.9.3/armv6-m\libgcc.a(_muldi3.o)
                              src/ASF/sam0/drivers/sercom/sercom.o (__aeabi_lmul)
c:/program files (x86)/atmel/studio/7.0/toolchain/arm/arm-gnu-toolchain/bin/../lib/gcc/arm-none-eabi/4.9.3/../../../../arm-none-eabi/lib/armv6-m\libc_nano.a(lib_a-exit.o)
                              c:/program files (x86)/atmel/studio/7.0/toolchain/arm/arm-gnu-toolchain/bin/../lib/gcc/arm-none-eabi/4.9.3/../../../../arm-none-eabi/lib/armv6-m/crt0.o (exit)
c:/program files (x86)/atmel/studio/7.0/toolchain/arm/arm-gnu-toolchain/bin/../lib/gcc/arm-none-eabi/4.9.3/../../../../arm-none-eabi/lib/armv6-m\libc_nano.a(lib_a-impure.o)
                              c:/program files (x86)/atmel/studio/7.0/toolchain/arm/arm-gnu-toolchain/bin/../lib/gcc/arm-none-eabi/4.9.3/../../../../arm-none-eabi/lib/armv6-m\libc_nano.a(lib_a-exit.o) (_global_impure_ptr)
c:/program files (x86)/atmel/studio/7.0/toolchain/arm/arm-gnu-toolchain/bin/../lib/gcc/arm-none-eabi/4.9.3/../../../../arm-none-eabi/lib/armv6-m\libc_nano.a(lib_a-init.o)
                              c:/program files (x86)/atmel/studio/7.0/toolchain/arm/arm-gnu-toolchain/bin/../lib/gcc/arm-none-eabi/4.9.3/../../../../arm-none-eabi/lib/armv6-m/crt0.o (__libc_init_array)
c:/program files (x86)/atmel/studio/7.0/toolchain/arm/arm-gnu-toolchain/bin/../lib/gcc/arm-none-eabi/4.9.3/../../../../arm-none-eabi/lib/armv6-m\libc_nano.a(lib_a-memcpy.o)
                              WT41_comm.o (memcpy)
c:/program files (x86)/atmel/studio/7.0/toolchain/arm/arm-gnu-toolchain/bin/../lib/gcc/arm-none-eabi/4.9.3/../../../../arm-none-eabi/lib/armv6-m\libc_nano.a(lib_a-memmem.o)
                              WT41_comm.o (memmem)
c:/program files (x86)/atmel/studio/7.0/toolchain/arm/arm-gnu-toolchain/bin/../lib/gcc/arm-none-eabi/4.9.3/../../../../arm-none-eabi/lib/armv6-m\libc_nano.a(lib_a-memset.o)
                              c:/program files (x86)/atmel/studio/7.0/toolchain/arm/arm-gnu-toolchain/bin/../lib/gcc/arm-none-eabi/4.9.3/../../../../arm-none-eabi/lib/armv6-m/crt0.o (memset)
c:/program files (x86)/atmel/studio/7.0/toolchain/arm/arm-gnu-toolchain/bin/../lib/gcc/arm-none-eabi/4.9.3/../../../../arm-none-eabi/lib/armv6-m\libc_nano.a(lib_a-printf.o)
                              src/ASF/sam0/utils/syscalls/gcc/syscalls.o (printf)
c:/program files (x86)/atmel/studio/7.0/toolchain/arm/arm-gnu-toolchain/bin/../lib/gcc/arm-none-eabi/4.9.3/../../../../arm-none-eabi/lib/armv6-m\libc_nano.a(lib_a-strcat.o)
                              WT41_comm.o (strcat)
c:/program files (x86)/atmel/studio/7.0/toolchain/arm/arm-gnu-toolchain/bin/../lib/gcc/arm-none-eabi/4.9.3/../../../../arm-none-eabi/lib/armv6-m\libc_nano.a(lib_a-strlen.o)
                              serial_buffers.o (strlen)
c:/program files (x86)/atmel/studio/7.0/toolchain/arm/arm-gnu-toolchain/bin/../lib/gcc/arm-none-eabi/4.9.3/../../../../arm-none-eabi/lib/armv6-m\libc_nano.a(lib_a-findfp.o)
                              c:/program files (x86)/atmel/studio/7.0/toolchain/arm/arm-gnu-toolchain/bin/../lib/gcc/arm-none-eabi/4.9.3/../../../../arm-none-eabi/lib/armv6-m\libc_nano.a(lib_a-printf.o) (__sinit)
c:/program files (x86)/atmel/studio/7.0/toolchain/arm/arm-gnu-toolchain/bin/../lib/gcc/arm-none-eabi/4.9.3/../../../../arm-none-eabi/lib/armv6-m\libc_nano.a(lib_a-fwalk.o)
                              c:/program files (x86)/atmel/studio/7.0/toolchain/arm/arm-gnu-toolchain/bin/../lib/gcc/arm-none-eabi/4.9.3/../../../../arm-none-eabi/lib/armv6-m\libc_nano.a(lib_a-findfp.o) (_fwalk)
c:/program files (x86)/atmel/studio/7.0/toolchain/arm/arm-gnu-toolchain/bin/../lib/gcc/arm-none-eabi/4.9.3/../../../../arm-none-eabi/lib/armv6-m\libc_nano.a(lib_a-memcmp.o)
                              c:/program files (x86)/atmel/studio/7.0/toolchain/arm/arm-gnu-toolchain/bin/../lib/gcc/arm-none-eabi/4.9.3/../../../../arm-none-eabi/lib/armv6-m\libc_nano.a(lib_a-memmem.o) (memcmp)
c:/program files (x86)/atmel/studio/7.0/toolchain/arm/arm-gnu-toolchain/bin/../lib/gcc/arm-none-eabi/4.9.3/../../../../arm-none-eabi/lib/armv6-m\libc_nano.a(lib_a-nano-mallocr.o)
[...]
Memory Configuration

Name             Origin             Length             Attributes
rom              0x00000000         0x00040000         xr
ram              0x20000000         0x00008000         xrw
*default*        0x00000000         0xffffffff

Linker script and memory map

LOAD c:/program files (x86)/atmel/studio/7.0/toolchain/arm/arm-gnu-toolchain/bin/../lib/gcc/arm-none-eabi/4.9.3/armv6-m/crti.o
LOAD c:/program files (x86)/atmel/studio/7.0/toolchain/arm/arm-gnu-toolchain/bin/../lib/gcc/arm-none-eabi/4.9.3/armv6-m/crtbegin.o
LOAD c:/program files (x86)/atmel/studio/7.0/toolchain/arm/arm-gnu-toolchain/bin/../lib/gcc/arm-none-eabi/4.9.3/../../../../arm-none-eabi/lib/armv6-m/crt0.o
LOAD init_MidiPCB.o
LOAD init_sercom.o
LOAD serial_buffers.o
LOAD tc_stuff.o
LOAD usart_interrupt.o
LOAD WT41_comm.o
LOAD tc_master.o
LOAD src/ASF/sam0/drivers/sercom/sercom_interrupt.o
LOAD MAIN_Slave.o
LOAD src/ASF/sam0/drivers/tc/tc_interrupt.o
LOAD src/ASF/sam0/drivers/tc/tc_sam_d_r/tc.o
LOAD src/ASF/common/utils/interrupt/interrupt_sam_nvic.o
LOAD src/ASF/sam0/drivers/port/port.o
LOAD src/ASF/sam0/drivers/sercom/sercom.o
LOAD src/ASF/sam0/drivers/sercom/usart/usart.o
LOAD src/ASF/sam0/drivers/system/clock/clock_samd20/clock.o
LOAD src/ASF/sam0/drivers/system/clock/clock_samd20/gclk.o
LOAD src/ASF/sam0/drivers/system/interrupt/system_interrupt.o
LOAD src/ASF/sam0/drivers/system/pinmux/pinmux.o
LOAD src/ASF/sam0/drivers/system/system.o
LOAD src/ASF/sam0/utils/cmsis/samd20/source/gcc/startup_samd20.o
LOAD src/ASF/sam0/utils/cmsis/samd20/source/system_samd20.o
LOAD src/ASF/sam0/utils/syscalls/gcc/syscalls.o
START GROUP
LOAD ../src/ASF/thirdparty/CMSIS/Lib/GCC\libarm_cortexM0l_math.a
LOAD c:/program files (x86)/atmel/studio/7.0/toolchain/arm/arm-gnu-toolchain/bin/../lib/gcc/arm-none-eabi/4.9.3/../../../../arm-none-eabi/lib/armv6-m\libm.a
END GROUP
START GROUP
LOAD c:/program files (x86)/atmel/studio/7.0/toolchain/arm/arm-gnu-toolchain/bin/../lib/gcc/arm-none-eabi/4.9.3/armv6-m\libgcc.a
LOAD c:/program files (x86)/atmel/studio/7.0/toolchain/arm/arm-gnu-toolchain/bin/../lib/gcc/arm-none-eabi/4.9.3/../../../../arm-none-eabi/lib/armv6-m\libc_nano.a
END GROUP
START GROUP
LOAD c:/program files (x86)/atmel/studio/7.0/toolchain/arm/arm-gnu-toolchain/bin/../lib/gcc/arm-none-eabi/4.9.3/armv6-m\libgcc.a
LOAD c:/program files (x86)/atmel/studio/7.0/toolchain/arm/arm-gnu-toolchain/bin/../lib/gcc/arm-none-eabi/4.9.3/../../../../arm-none-eabi/lib/armv6-m\libc_nano.a
END GROUP
LOAD c:/program files (x86)/atmel/studio/7.0/toolchain/arm/arm-gnu-toolchain/bin/../lib/gcc/arm-none-eabi/4.9.3/armv6-m/crtend.o
LOAD c:/program files (x86)/atmel/studio/7.0/toolchain/arm/arm-gnu-toolchain/bin/../lib/gcc/arm-none-eabi/4.9.3/armv6-m/crtn.o
                0x00002000                STACK_SIZE = DEFINED (STACK_SIZE)?STACK_SIZE:DEFINED (__stack_size__)?__stack_size__:0x2000

.text           0x00000000     0x4040
                0x00000000                . = ALIGN (0x4)
                0x00000000                _sfixed = .
 *(.vectors .vectors.*)
 .vectors       0x00000000       0xa4 src/ASF/sam0/utils/cmsis/samd20/source/gcc/startup_samd20.o
                0x00000000                exception_table
 *(.text .text.* .gnu.linkonce.t.*)
 .text          0x000000a4       0x60 c:/program files (x86)/atmel/studio/7.0/toolchain/arm/arm-gnu-toolchain/bin/../lib/gcc/arm-none-eabi/4.9.3/armv6-m/crtbegin.o
 .text.system_pinmux_get_group_from_gpio_pin
                0x00000104       0x60 init_MidiPCB.o
 .text.port_get_group_from_gpio_pin
                0x00000164       0x24 init_MidiPCB.o
 .text.port_get_config_defaults
                0x00000188       0x20 init_MidiPCB.o
 .text.port_pin_set_output_level
                0x000001a8       0x50 init_MidiPCB.o
 .text.system_interrupt_enable_global
                0x000001f8       0x18 init_MidiPCB.o
 .text.system_interrupt_disable_global
                0x00000210       0x18 init_MidiPCB.o
 .text.usart_is_syncing
                0x00000228       0x2c init_MidiPCB.o
 .text._usart_wait_for_sync
                0x00000254       0x20 init_MidiPCB.o
 .text.usart_enable_callback
                0x00000274       0x38 init_MidiPCB.o
 .text.reset_BT
                0x000002ac       0x48 init_MidiPCB.o
                0x000002ac                reset_BT
 .text.usart_read_callback_SERCOM4
                0x000002f4       0x70 init_MidiPCB.o
                0x000002f4                usart_read_callback_SERCOM4
 .text.usart_write_callback_SERCOM5
                0x00000364       0x10 init_MidiPCB.o
                0x00000364                usart_write_callback_SERCOM5
 .text.usart_read_callback_SERCOM5
                0x00000374       0x70 init_MidiPCB.o
                0x00000374                usart_read_callback_SERCOM5
 .text.usart_write_callback_SERCOM4
                0x000003e4       0x10 init_MidiPCB.o
                0x000003e4                usart_write_callback_SERCOM4
 .text.configure_usart_callbacks
                0x000003f4       0x88 init_MidiPCB.o
                0x000003f4                configure_usart_callbacks
 .text.init     0x0000047c      0x164 init_MidiPCB.o
                0x0000047c                init
 .text.usart_write_SERCOM
                0x000005e0       0x58 init_MidiPCB.o
                0x000005e0                usart_write_SERCOM
 .text.system_interrupt_enable
                0x00000638       0x2c init_sercom.o
 .text.usart_is_syncing
                0x00000664       0x2c init_sercom.o
 .text._usart_wait_for_sync
                0x00000690       0x20 init_sercom.o
 .text.usart_get_config_defaults
                0x000006b0       0x80 init_sercom.o
 .text.usart_enable
                0x00000730       0x48 init_sercom.o
 .text.configure_usart_SERCOM4
                0x00000778       0x80 init_sercom.o
                0x00000778                configure_usart_SERCOM4
 .text.configure_usart_SERCOM5
                0x000007f8       0x84 init_sercom.o
                0x000007f8                configure_usart_SERCOM5
 .text.system_interrupt_enable_global
                0x0000087c       0x18 serial_buffers.o
 .text.system_interrupt_disable_global
                0x00000894       0x18 serial_buffers.o
 .text.init_serial_buffers
                0x000008ac       0x7c serial_buffers.o
                0x000008ac                init_serial_buffers
 .text.midi_to_bt_loadQ
                0x00000928       0x54 serial_buffers.o
                0x00000928                midi_to_bt_loadQ
 .text.load_iWrap_Cmd
                0x0000097c       0x68 serial_buffers.o
                0x0000097c                load_iWrap_Cmd
 .text.bt_to_midi_length
                0x000009e4       0x8c serial_buffers.o
                0x000009e4                bt_to_midi_length
 .text.midi_to_bt_length
                0x00000a70       0x88 serial_buffers.o
                0x00000a70                midi_to_bt_length
 .text.check_usarts
                0x00000af8       0xd8 serial_buffers.o
                0x00000af8                check_usarts
 .text.write_BT
                0x00000bd0       0x7c serial_buffers.o
                0x00000bd0                write_BT
 .text.system_interrupt_enter_critical_section
                0x00000c4c       0x10 usart_interrupt.o
 .text.system_interrupt_leave_critical_section
                0x00000c5c       0x10 usart_interrupt.o
 .text.usart_is_syncing
                0x00000c6c       0x2c usart_interrupt.o
 .text._usart_wait_for_sync
                0x00000c98       0x20 usart_interrupt.o
 .text._usart_read_buffer
                0x00000cb8       0x5c usart_interrupt.o
                0x00000cb8                _usart_read_buffer
 .text.usart_register_callback
                0x00000d14       0x44 usart_interrupt.o
                0x00000d14                usart_register_callback
 .text.usart_read_buffer_job
                0x00000d58       0x4c usart_interrupt.o
                0x00000d58                usart_read_buffer_job
 .text._usart_interrupt_handler
                0x00000da4      0x228 usart_interrupt.o
                0x00000da4                _usart_interrupt_handler
 .text.check_WT41_paired
                0x00000fcc       0xe4 WT41_comm.o
                0x00000fcc                check_WT41_paired
 .text.unpair_WT41
                0x000010b0       0xc4 WT41_comm.o
                0x000010b0                unpair_WT41
 .text.BT_slave_init
                0x00001174      0x148 WT41_comm.o
                0x00001174                BT_slave_init
 .text.system_interrupt_enable
                0x000012bc       0x2c tc_master.o
 .text.tc_is_syncing
                0x000012e8       0x28 tc_master.o
 .text.tc_get_config_defaults
                0x00001310       0x88 tc_master.o
 .text.tc_enable
                0x00001398       0x38 tc_master.o
 .text._tc_interrupt_get_interrupt_vector
                0x000013d0       0x20 tc_master.o
 .text.tc_enable_callback
                0x000013f0       0xac tc_master.o
 .text.wait_sec
                0x0000149c       0x30 tc_master.o
                0x0000149c                wait_sec
 .text.wait_10msSec
                0x000014cc       0x2c tc_master.o
                0x000014cc                wait_10msSec
 .text.tc_callback_to_toggle_led
                0x000014f8       0x34 tc_master.o
                0x000014f8                tc_callback_to_toggle_led
 .text.configure_tc4
                0x0000152c       0x5c tc_master.o
                0x0000152c                configure_tc4
 .text.configure_tc4_callbacks
                0x00001588       0x30 tc_master.o
                0x00001588                configure_tc4_callbacks
 .text._sercom_default_handler
                0x000015b8       0x14 src/ASF/sam0/drivers/sercom/sercom_interrupt.o
 .text._sercom_set_handler
                0x000015cc       0x6c src/ASF/sam0/drivers/sercom/sercom_interrupt.o
                0x000015cc                _sercom_set_handler
 .text._sercom_get_interrupt_vector
                0x00001638       0x54 src/ASF/sam0/drivers/sercom/sercom_interrupt.o
                0x00001638                _sercom_get_interrupt_vector
 .text.SERCOM0_Handler
                0x0000168c       0x14 src/ASF/sam0/drivers/sercom/sercom_interrupt.o
                0x0000168c                SERCOM0_Handler
 .text.SERCOM1_Handler
                0x000016a0       0x14 src/ASF/sam0/drivers/sercom/sercom_interrupt.o
                0x000016a0                SERCOM1_Handler
 .text.SERCOM2_Handler
                0x000016b4       0x14 src/ASF/sam0/drivers/sercom/sercom_interrupt.o
                0x000016b4                SERCOM2_Handler
 .text.SERCOM3_Handler
                0x000016c8       0x14 src/ASF/sam0/drivers/sercom/sercom_interrupt.o
                0x000016c8                SERCOM3_Handler
 .text.SERCOM4_Handler
                0x000016dc       0x14 src/ASF/sam0/drivers/sercom/sercom_interrupt.o
                0x000016dc                SERCOM4_Handler
 .text.SERCOM5_Handler
                0x000016f0       0x14 src/ASF/sam0/drivers/sercom/sercom_interrupt.o
                0x000016f0                SERCOM5_Handler
 .text.system_pinmux_get_group_from_gpio_pin
                0x00001704       0x60 MAIN_Slave.o
 .text.port_get_group_from_gpio_pin
                0x00001764       0x24 MAIN_Slave.o
 .text.port_pin_get_input_level
                0x00001788       0x44 MAIN_Slave.o
 .text.port_pin_set_output_level
                0x000017cc       0x50 MAIN_Slave.o
 .text.main     0x0000181c      0x164 MAIN_Slave.o
                0x0000181c                main
 .text.tc_register_callback
                0x00001980       0x74 src/ASF/sam0/drivers/tc/tc_interrupt.o
                0x00001980                tc_register_callback
 .text.TC0_Handler
                0x000019f4       0x14 src/ASF/sam0/drivers/tc/tc_interrupt.o
                0x000019f4                TC0_Handler
 .text.TC1_Handler
                0x00001a08       0x14 src/ASF/sam0/drivers/tc/tc_interrupt.o
                0x00001a08                TC1_Handler
 .text.TC2_Handler
                0x00001a1c       0x14 src/ASF/sam0/drivers/tc/tc_interrupt.o
                0x00001a1c                TC2_Handler
 .text.TC3_Handler
                0x00001a30       0x14 src/ASF/sam0/drivers/tc/tc_interrupt.o
                0x00001a30                TC3_Handler
 .text.TC4_Handler
                0x00001a44       0x14 src/ASF/sam0/drivers/tc/tc_interrupt.o
                0x00001a44                TC4_Handler
 .text.TC5_Handler
                0x00001a58       0x14 src/ASF/sam0/drivers/tc/tc_interrupt.o
                0x00001a58                TC5_Handler
 .text.TC6_Handler
                0x00001a6c       0x14 src/ASF/sam0/drivers/tc/tc_interrupt.o
                0x00001a6c                TC6_Handler
 .text.TC7_Handler
                0x00001a80       0x14 src/ASF/sam0/drivers/tc/tc_interrupt.o
                0x00001a80                TC7_Handler
 .text._tc_interrupt_handler
                0x00001a94       0xb8 src/ASF/sam0/drivers/tc/tc_interrupt.o
                0x00001a94                _tc_interrupt_handler
 .text.system_gclk_chan_get_config_defaults
                0x00001b4c       0x14 src/ASF/sam0/drivers/tc/tc_sam_d_r/tc.o
 .text.system_apb_clock_set_mask
                0x00001b60       0x5c src/ASF/sam0/drivers/tc/tc_sam_d_r/tc.o
 .text.system_pinmux_get_config_defaults
                0x00001bbc       0x28 src/ASF/sam0/drivers/tc/tc_sam_d_r/tc.o
 .text.tc_is_syncing
                0x00001be4       0x28 src/ASF/sam0/drivers/tc/tc_sam_d_r/tc.o
 .text._tc_get_inst_index
                0x00001c0c       0x50 src/ASF/sam0/drivers/tc/tc_sam_d_r/tc.o
                0x00001c0c                _tc_get_inst_index
 .text.tc_init  0x00001c5c      0x460 src/ASF/sam0/drivers/tc/tc_sam_d_r/tc.o
                0x00001c5c                tc_init
 .text.cpu_irq_enter_critical
                0x000020bc       0x50 src/ASF/common/utils/interrupt/interrupt_sam_nvic.o
                0x000020bc                cpu_irq_enter_critical
 .text.cpu_irq_leave_critical
                0x0000210c       0x3c src/ASF/common/utils/interrupt/interrupt_sam_nvic.o
                0x0000210c                cpu_irq_leave_critical
 .text.system_pinmux_get_config_defaults
                0x00002148       0x28 src/ASF/sam0/drivers/port/port.o
 .text.port_pin_set_config
                0x00002170       0x5c src/ASF/sam0/drivers/port/port.o
                0x00002170                port_pin_set_config
 .text.system_gclk_chan_get_config_defaults
                0x000021cc       0x14 src/ASF/sam0/drivers/sercom/sercom.o
 .text.long_division
                0x000021e0       0xe0 src/ASF/sam0/drivers/sercom/sercom.o
 .text._sercom_get_sync_baud_val
                0x000022c0       0x7c src/ASF/sam0/drivers/sercom/sercom.o
                0x000022c0                _sercom_get_sync_baud_val
 .text._sercom_get_async_baud_val
                0x0000233c      0x1f0 src/ASF/sam0/drivers/sercom/sercom.o
                0x0000233c                _sercom_get_async_baud_val
 .text.sercom_set_gclk_generator
                0x0000252c       0x8c src/ASF/sam0/drivers/sercom/sercom.o
                0x0000252c                sercom_set_gclk_generator
 .text._sercom_get_default_pad
                0x000025b8      0x1bc src/ASF/sam0/drivers/sercom/sercom.o
                0x000025b8                _sercom_get_default_pad
 .text._sercom_get_sercom_inst_index
                0x00002774       0x4c src/ASF/sam0/drivers/sercom/sercom.o
                0x00002774                _sercom_get_sercom_inst_index
 .text.system_gclk_chan_get_config_defaults
                0x000027c0       0x14 src/ASF/sam0/drivers/sercom/usart/usart.o
 .text.system_apb_clock_set_mask
                0x000027d4       0x5c src/ASF/sam0/drivers/sercom/usart/usart.o
 .text.system_pinmux_get_config_defaults
                0x00002830       0x28 src/ASF/sam0/drivers/sercom/usart/usart.o
 .text.system_is_debugger_present
                0x00002858       0x20 src/ASF/sam0/drivers/sercom/usart/usart.o
 .text.usart_is_syncing
                0x00002878       0x2c src/ASF/sam0/drivers/sercom/usart/usart.o
 .text._usart_wait_for_sync
                0x000028a4       0x20 src/ASF/sam0/drivers/sercom/usart/usart.o
 .text._usart_set_config
                0x000028c4      0x1e8 src/ASF/sam0/drivers/sercom/usart/usart.o
 .text.usart_init
                0x00002aac      0x258 src/ASF/sam0/drivers/sercom/usart/usart.o
                0x00002aac                usart_init
 .text.usart_write_wait
                0x00002d04       0x64 src/ASF/sam0/drivers/sercom/usart/usart.o
                0x00002d04                usart_write_wait
 .text.usart_write_buffer_wait
                0x00002d68      0x128 src/ASF/sam0/drivers/sercom/usart/usart.o
                0x00002d68                usart_write_buffer_wait
 .text.system_gclk_gen_get_config_defaults
                0x00002e90       0x2c src/ASF/sam0/drivers/system/clock/clock_samd20/clock.o
 .text.system_clock_source_xosc_get_config_defaults
                0x00002ebc       0x38 src/ASF/sam0/drivers/system/clock/clock_samd20/clock.o
 .text.system_clock_source_osc8m_get_config_defaults
                0x00002ef4       0x20 src/ASF/sam0/drivers/system/clock/clock_samd20/clock.o
 .text.system_cpu_clock_set_divider
                0x00002f14       0x20 src/ASF/sam0/drivers/system/clock/clock_samd20/clock.o
 .text.system_apb_clock_set_divider
                0x00002f34       0x54 src/ASF/sam0/drivers/system/clock/clock_samd20/clock.o
 .text.system_flash_set_waitstates
                0x00002f88       0x34 src/ASF/sam0/drivers/system/clock/clock_samd20/clock.o
 .text._system_dfll_wait_for_sync
                0x00002fbc       0x18 src/ASF/sam0/drivers/system/clock/clock_samd20/clock.o
 .text._system_clock_source_dfll_set_config_errata_9905
                0x00002fd4       0x44 src/ASF/sam0/drivers/system/clock/clock_samd20/clock.o
 .text.system_clock_source_get_hz
                0x00003018       0xa8 src/ASF/sam0/drivers/system/clock/clock_samd20/clock.o
                0x00003018                system_clock_source_get_hz
 .text.system_clock_source_osc8m_set_config
                0x000030c0       0x78 src/ASF/sam0/drivers/system/clock/clock_samd20/clock.o
                0x000030c0                system_clock_source_osc8m_set_config
 .text.system_clock_source_xosc_set_config
                0x00003138      0x174 src/ASF/sam0/drivers/system/clock/clock_samd20/clock.o
                0x00003138                system_clock_source_xosc_set_config
 .text.system_clock_source_enable
                0x000032ac       0x94 src/ASF/sam0/drivers/system/clock/clock_samd20/clock.o
                0x000032ac                system_clock_source_enable
 .text._switch_peripheral_gclk
                0x00003340       0x38 src/ASF/sam0/drivers/system/clock/clock_samd20/clock.o
 .text.system_clock_init
                0x00003378      0x164 src/ASF/sam0/drivers/system/clock/clock_samd20/clock.o
                0x00003378                system_clock_init
 .text.system_apb_clock_set_mask
                0x000034dc       0x5c src/ASF/sam0/drivers/system/clock/clock_samd20/gclk.o
 .text.system_interrupt_enter_critical_section
                0x00003538       0x10 src/ASF/sam0/drivers/system/clock/clock_samd20/gclk.o
 .text.system_interrupt_leave_critical_section
                0x00003548       0x10 src/ASF/sam0/drivers/system/clock/clock_samd20/gclk.o
 .text.system_gclk_is_syncing
                0x00003558       0x24 src/ASF/sam0/drivers/system/clock/clock_samd20/gclk.o
 .text.system_gclk_init
                0x0000357c       0x30 src/ASF/sam0/drivers/system/clock/clock_samd20/gclk.o
                0x0000357c                system_gclk_init
 .text.system_gclk_gen_set_config
                0x000035ac      0x120 src/ASF/sam0/drivers/system/clock/clock_samd20/gclk.o
                0x000035ac                system_gclk_gen_set_config
 .text.system_gclk_gen_enable
                0x000036cc       0x58 src/ASF/sam0/drivers/system/clock/clock_samd20/gclk.o
                0x000036cc                system_gclk_gen_enable
 .text.system_gclk_gen_get_hz
                0x00003724       0xe8 src/ASF/sam0/drivers/system/clock/clock_samd20/gclk.o
                0x00003724                system_gclk_gen_get_hz
 .text.system_gclk_chan_set_config
                0x0000380c       0x44 src/ASF/sam0/drivers/system/clock/clock_samd20/gclk.o
                0x0000380c                system_gclk_chan_set_config
 .text.system_gclk_chan_enable
                0x00003850       0x44 src/ASF/sam0/drivers/system/clock/clock_samd20/gclk.o
                0x00003850                system_gclk_chan_enable
 .text.system_gclk_chan_disable
                0x00003894       0x9c src/ASF/sam0/drivers/system/clock/clock_samd20/gclk.o
                0x00003894                system_gclk_chan_disable
 .text.system_gclk_chan_get_hz
                0x00003930       0x5c src/ASF/sam0/drivers/system/clock/clock_samd20/gclk.o
                0x00003930                system_gclk_chan_get_hz
 .text.system_pinmux_get_group_from_gpio_pin
                0x0000398c       0x60 src/ASF/sam0/drivers/system/pinmux/pinmux.o
 .text._system_pinmux_config
                0x000039ec      0x10c src/ASF/sam0/drivers/system/pinmux/pinmux.o
 .text.system_pinmux_pin_set_config
                0x00003af8       0x4c src/ASF/sam0/drivers/system/pinmux/pinmux.o
                0x00003af8                system_pinmux_pin_set_config
 .text.Reset_Handler
                0x00003b44       0x94 src/ASF/sam0/utils/cmsis/samd20/source/gcc/startup_samd20.o
                0x00003b44                Reset_Handler
 .text.Dummy_Handler
                0x00003bd8        0x8 src/ASF/sam0/utils/cmsis/samd20/source/gcc/startup_samd20.o
                0x00003bd8                HardFault_Handler
                0x00003bd8                AC_Handler
                0x00003bd8                SysTick_Handler
                0x00003bd8                PendSV_Handler
                0x00003bd8                NMI_Handler
                0x00003bd8                ADC_Handler
                0x00003bd8                RTC_Handler
                0x00003bd8                EIC_Handler
                0x00003bd8                WDT_Handler
                0x00003bd8                Dummy_Handler
                0x00003bd8                PM_Handler
                0x00003bd8                SVC_Handler
                0x00003bd8                EVSYS_Handler
                0x00003bd8                NVMCTRL_Handler
                0x00003bd8                DAC_Handler
                0x00003bd8                PTC_Handler
                0x00003bd8                SYSCTRL_Handler
 .text          0x00003be0      0x120 c:/program files (x86)/atmel/studio/7.0/toolchain/arm/arm-gnu-toolchain/bin/../lib/gcc/arm-none-eabi/4.9.3/armv6-m\libgcc.a(_udivsi3.o)
                0x00003be0                __aeabi_uidiv
                0x00003be0                __udivsi3
                0x00003cec                __aeabi_uidivmod
 .text          0x00003d00        0x4 c:/program files (x86)/atmel/studio/7.0/toolchain/arm/arm-gnu-toolchain/bin/../lib/gcc/arm-none-eabi/4.9.3/armv6-m\libgcc.a(_dvmd_tls.o)
                0x00003d00                __aeabi_idiv0
                0x00003d00                __aeabi_ldiv0
 .text          0x00003d04       0x54 c:/program files (x86)/atmel/studio/7.0/toolchain/arm/arm-gnu-toolchain/bin/../lib/gcc/arm-none-eabi/4.9.3/armv6-m\libgcc.a(_muldi3.o)
                0x00003d04                __muldi3
                0x00003d04                __aeabi_lmul
 .text.__libc_init_array
                0x00003d58       0x4c c:/program files (x86)/atmel/studio/7.0/toolchain/arm/arm-gnu-toolchain/bin/../lib/gcc/arm-none-eabi/4.9.3/../../../../arm-none-eabi/lib/armv6-m\libc_nano.a(lib_a-init.o)
                0x00003d58                __libc_init_array
 .text.memcpy   0x00003da4       0x12 c:/program files (x86)/atmel/studio/7.0/toolchain/arm/arm-gnu-toolchain/bin/../lib/gcc/arm-none-eabi/4.9.3/../../../../arm-none-eabi/lib/armv6-m\libc_nano.a(lib_a-memcpy.o)
                0x00003da4                memcpy
 .text.memmem   0x00003db6       0x34 c:/program files (x86)/atmel/studio/7.0/toolchain/arm/arm-gnu-toolchain/bin/../lib/gcc/arm-none-eabi/4.9.3/../../../../arm-none-eabi/lib/armv6-m\libc_nano.a(lib_a-memmem.o)
                0x00003db6                memmem
 .text.strcat   0x00003dea       0x1a c:/program files (x86)/atmel/studio/7.0/toolchain/arm/arm-gnu-toolchain/bin/../lib/gcc/arm-none-eabi/4.9.3/../../../../arm-none-eabi/lib/armv6-m\libc_nano.a(lib_a-strcat.o)
                0x00003dea                strcat
 .text.strlen   0x00003e04        0xe c:/program files (x86)/atmel/studio/7.0/toolchain/arm/arm-gnu-toolchain/bin/../lib/gcc/arm-none-eabi/4.9.3/../../../../arm-none-eabi/lib/armv6-m\libc_nano.a(lib_a-strlen.o)
                0x00003e04                strlen
 .text.memcmp   0x00003e12       0x1e c:/program files (x86)/atmel/studio/7.0/toolchain/arm/arm-gnu-toolchain/bin/../lib/gcc/arm-none-eabi/4.9.3/../../../../arm-none-eabi/lib/armv6-m\libc_nano.a(lib_a-memcmp.o)
                0x00003e12                memcmp
 *(.glue_7t)
 .glue_7t       0x00000000        0x0 linker stubs
 *(.glue_7)
 .glue_7        0x00000000        0x0 linker stubs
 *(.rodata .rodata* .gnu.linkonce.r.*)
 .rodata        0x00003e30        0x5 init_MidiPCB.o
 *fill*         0x00003e35        0x3 
 .rodata        0x00003e38      0x150 WT41_comm.o
 .rodata        0x00003f88        0x6 src/ASF/sam0/drivers/sercom/sercom_interrupt.o
 *fill*         0x00003f8e        0x2 
 .rodata        0x00003f90       0x38 src/ASF/sam0/drivers/tc/tc_sam_d_r/tc.o
 .rodata        0x00003fc8       0x18 src/ASF/sam0/drivers/sercom/sercom.o
 .rodata.system_clock_source_get_hz
                0x00003fe0       0x20 src/ASF/sam0/drivers/system/clock/clock_samd20/clock.o
 .rodata.system_clock_source_enable
                0x00004000       0x20 src/ASF/sam0/drivers/system/clock/clock_samd20/clock.o
 *(.ARM.extab* .gnu.linkonce.armextab.*)
                0x00004020                . = ALIGN (0x4)
 *(.init)
 .init          0x00004020        0x4 c:/program files (x86)/atmel/studio/7.0/toolchain/arm/arm-gnu-toolchain/bin/../lib/gcc/arm-none-eabi/4.9.3/armv6-m/crti.o
                0x00004020                _init
 .init          0x00004024        0x8 c:/program files (x86)/atmel/studio/7.0/toolchain/arm/arm-gnu-toolchain/bin/../lib/gcc/arm-none-eabi/4.9.3/armv6-m/crtn.o
                0x0000402c                . = ALIGN (0x4)
                0x0000402c                __preinit_array_start = .
 *(.preinit_array)
                0x0000402c                __preinit_array_end = .
                0x0000402c                . = ALIGN (0x4)
                0x0000402c                __init_array_start = .
 *(SORT(.init_array.*))
 *(.init_array)
 .init_array    0x0000402c        0x4 c:/program files (x86)/atmel/studio/7.0/toolchain/arm/arm-gnu-toolchain/bin/../lib/gcc/arm-none-eabi/4.9.3/armv6-m/crtbegin.o
                0x00004030                __init_array_end = .
                0x00004030                . = ALIGN (0x4)
 *crtbegin.o(.ctors)
 *(EXCLUDE_FILE(*crtend.o) .ctors)
 *(SORT(.ctors.*))
 *crtend.o(.ctors)
                0x00004030                . = ALIGN (0x4)
 *(.fini)
 .fini          0x00004030        0x4 c:/program files (x86)/atmel/studio/7.0/toolchain/arm/arm-gnu-toolchain/bin/../lib/gcc/arm-none-eabi/4.9.3/armv6-m/crti.o
                0x00004030                _fini
 .fini          0x00004034        0x8 c:/program files (x86)/atmel/studio/7.0/toolchain/arm/arm-gnu-toolchain/bin/../lib/gcc/arm-none-eabi/4.9.3/armv6-m/crtn.o
                0x0000403c                . = ALIGN (0x4)
                0x0000403c                __fini_array_start = .
 *(.fini_array)
 .fini_array    0x0000403c        0x4 c:/program files (x86)/atmel/studio/7.0/toolchain/arm/arm-gnu-toolchain/bin/../lib/gcc/arm-none-eabi/4.9.3/armv6-m/crtbegin.o
 *(SORT(.fini_array.*))
                0x00004040                __fini_array_end = .
 *crtbegin.o(.dtors)
 *(EXCLUDE_FILE(*crtend.o) .dtors)
 *(SORT(.dtors.*))
 *crtend.o(.dtors)
                0x00004040                . = ALIGN (0x4)
                0x00004040                _efixed = .
                0x00004040                PROVIDE (__exidx_start, .)

.vfp11_veneer   0x00004040        0x0
 .vfp11_veneer  0x00000000        0x0 linker stubs

.v4_bx          0x00004040        0x0
 .v4_bx         0x00000000        0x0 linker stubs

.iplt           0x00004040        0x0
 .iplt          0x00000000        0x0 c:/program files (x86)/atmel/studio/7.0/toolchain/arm/arm-gnu-toolchain/bin/../lib/gcc/arm-none-eabi/4.9.3/armv6-m/crtbegin.o

.eh_frame       0x00004040        0x0
 .eh_frame      0x00004040        0x0 c:/program files (x86)/atmel/studio/7.0/toolchain/arm/arm-gnu-toolchain/bin/../lib/gcc/arm-none-eabi/4.9.3/armv6-m/crtbegin.o

.rel.dyn        0x00004040        0x0
 .rel.iplt      0x00000000        0x0 c:/program files (x86)/atmel/studio/7.0/toolchain/arm/arm-gnu-toolchain/bin/../lib/gcc/arm-none-eabi/4.9.3/armv6-m/crtbegin.o

.jcr            0x00004040        0x0
 .jcr           0x00004040        0x0 c:/program files (x86)/atmel/studio/7.0/toolchain/arm/arm-gnu-toolchain/bin/../lib/gcc/arm-none-eabi/4.9.3/armv6-m/crtbegin.o

.igot.plt       0x00004040        0x0
 .igot.plt      0x00000000        0x0 c:/program files (x86)/atmel/studio/7.0/toolchain/arm/arm-gnu-toolchain/bin/../lib/gcc/arm-none-eabi/4.9.3/armv6-m/crtbegin.o

.ARM.exidx
 *(.ARM.exidx* .gnu.linkonce.armexidx.*)
                0x00004040                PROVIDE (__exidx_end, .)
                0x00004040                . = ALIGN (0x4)
                0x00004040                _etext = .

.relocate       0x20000000        0xc load address 0x00004040
                0x20000000                . = ALIGN (0x4)
                0x20000000                _srelocate = .
 *(.ramfunc .ramfunc.*)
 *(.data .data.*)
 .data.tc_interrupt_vectors.10060
                0x20000000        0x8 tc_master.o
 .data.g_interrupt_enabled
                0x20000008        0x1 src/ASF/common/utils/interrupt/interrupt_sam_nvic.o
                0x20000008                g_interrupt_enabled
                0x2000000c                . = ALIGN (0x4)
 *fill*         0x20000009        0x3 
                0x2000000c                _erelocate = .

.bss            0x2000000c      0x490 load address 0x0000404c
                0x2000000c                . = ALIGN (0x4)
                0x2000000c                _sbss = .
                0x2000000c                _szero = .
 *(.bss .bss.*)
 .bss           0x2000000c       0x1c c:/program files (x86)/atmel/studio/7.0/toolchain/arm/arm-gnu-toolchain/bin/../lib/gcc/arm-none-eabi/4.9.3/armv6-m/crtbegin.o
 .bss._handler_table_initialized
                0x20000028        0x1 src/ASF/sam0/drivers/sercom/sercom_interrupt.o
 *fill*         0x20000029        0x3 
 .bss._sercom_interrupt_handlers
                0x2000002c       0x18 src/ASF/sam0/drivers/sercom/sercom_interrupt.o
 .bss.cpu_irq_critical_section_counter
                0x20000044        0x4 src/ASF/common/utils/interrupt/interrupt_sam_nvic.o
 .bss.cpu_irq_prev_interrupt_state
                0x20000048        0x1 src/ASF/common/utils/interrupt/interrupt_sam_nvic.o
 *fill*         0x20000049        0x3 
 .bss._sercom_config
                0x2000004c        0x2 src/ASF/sam0/drivers/sercom/sercom.o
 *fill*         0x2000004e        0x2 
 .bss._system_clock_inst
                0x20000050       0x14 src/ASF/sam0/drivers/system/clock/clock_samd20/clock.o
 *(COMMON)
 COMMON         0x20000064       0x58 init_MidiPCB.o
                0x20000064                rx_buffer_SERCOM4
                0x20000068                rx_buffer_SERCOM5
                0x2000006c                nPtr
                0x20000070                next
                0x20000074                ext3_SERCOM5
                0x20000098                ext3_SERCOM4
 COMMON         0x200000bc      0x20e serial_buffers.o
                0x200000bc                lastBT
                0x200000c0                serialQ
                0x200002c6                mlen
                0x200002c8                blen
 *fill*         0x200002ca        0x2 
 COMMON         0x200002cc       0x78 WT41_comm.o
                0x200002cc                cStr
                0x20000330                pair_addr
 COMMON         0x20000344       0x24 tc_master.o
                0x20000344                ledTimer
                0x20000348                msCounter
                0x2000034c                tc_instance_tc4
 COMMON         0x20000368       0x18 src/ASF/sam0/drivers/sercom/sercom_interrupt.o
                0x20000368                _sercom_instances
 COMMON         0x20000380       0xfb MAIN_Slave.o
                0x20000380                statRet
                0x20000381                ckStatus
                0x20000384                clockhz
                0x20000388                cnt
                0x20000389                BTpaired
                0x2000038c                send10
                0x20000390                config_32
                0x20000396                loopcnt
                0x20000398                str1
                0x200003cc                count
                0x200003d0                failed
                0x200003d1                in_SSP_mode
                0x200003d4                tcCount
                0x200003d8                src
                0x200003f8                slave
                0x200003fc                str
                0x20000460                buffPtr
                0x20000464                str2
                0x20000478                tx_data
                0x20000479                sysState
                0x2000047a                cmd
 *fill*         0x2000047b        0x1 
 COMMON         0x2000047c       0x20 src/ASF/sam0/drivers/tc/tc_interrupt.o
                0x2000047c                _tc_instances
                0x2000049c                . = ALIGN (0x4)
                0x2000049c                _ebss = .
                0x2000049c                _ezero = .

.stack          0x2000049c     0x2004 load address 0x000044dc
                0x200004a0                . = ALIGN (0x8)
 *fill*         0x2000049c        0x4 
                0x200004a0                _sstack = .
                0x200024a0                . = (. + STACK_SIZE)
 *fill*         0x200004a0     0x2000 
                0x200024a0                . = ALIGN (0x8)
                0x200024a0                _estack = .
                0x200024a0                . = ALIGN (0x4)
                0x200024a0                _end = .
OUTPUT(MidiBT_Slave.elf elf32-littlearm)

.ARM.attributes
                0x00000000       0x28
 .ARM.attributes
                0x00000000       0x1e c:/program files (x86)/atmel/studio/7.0/toolchain/arm/arm-gnu-toolchain/bin/../lib/gcc/arm-none-eabi/4.9.3/armv6-m/crti.o
 .ARM.attributes
                0x0000001e       0x2c c:/program files (x86)/atmel/studio/7.0/toolchain/arm/arm-gnu-toolchain/bin/../lib/gcc/arm-none-eabi/4.9.3/armv6-m/crtbegin.o
 .ARM.attributes
                0x0000004a       0x32 init_MidiPCB.o
 .ARM.attributes
                0x0000007c       0x32 init_sercom.o
 .ARM.attributes
                0x000000ae       0x32 serial_buffers.o
 .ARM.attributes
                0x000000e0       0x32 usart_interrupt.o
 .ARM.attributes
                0x00000112       0x32 WT41_comm.o
 .ARM.attributes
                0x00000144       0x32 tc_master.o
 .ARM.attributes
                0x00000176       0x32 src/ASF/sam0/drivers/sercom/sercom_interrupt.o
 .ARM.attributes
                0x000001a8       0x32 MAIN_Slave.o
 .ARM.attributes
                0x000001da       0x32 src/ASF/sam0/drivers/tc/tc_interrupt.o
 .ARM.attributes
                0x0000020c       0x32 src/ASF/sam0/drivers/tc/tc_sam_d_r/tc.o
 .ARM.attributes
                0x0000023e       0x32 src/ASF/common/utils/interrupt/interrupt_sam_nvic.o
 .ARM.attributes
                0x00000270       0x32 src/ASF/sam0/drivers/port/port.o
 .ARM.attributes
                0x000002a2       0x32 src/ASF/sam0/drivers/sercom/sercom.o
 .ARM.attributes
                0x000002d4       0x32 src/ASF/sam0/drivers/sercom/usart/usart.o
 .ARM.attributes
                0x00000306       0x32 src/ASF/sam0/drivers/system/clock/clock_samd20/clock.o
 .ARM.attributes
                0x00000338       0x32 src/ASF/sam0/drivers/system/clock/clock_samd20/gclk.o
 .ARM.attributes
                0x0000036a       0x32 src/ASF/sam0/drivers/system/pinmux/pinmux.o
 .ARM.attributes
                0x0000039c       0x32 src/ASF/sam0/utils/cmsis/samd20/source/gcc/startup_samd20.o
 .ARM.attributes
                0x000003ce       0x1e c:/program files (x86)/atmel/studio/7.0/toolchain/arm/arm-gnu-toolchain/bin/../lib/gcc/arm-none-eabi/4.9.3/armv6-m\libgcc.a(_udivsi3.o)
 .ARM.attributes
                0x000003ec       0x1e c:/program files (x86)/atmel/studio/7.0/toolchain/arm/arm-gnu-toolchain/bin/../lib/gcc/arm-none-eabi/4.9.3/armv6-m\libgcc.a(_dvmd_tls.o)
 .ARM.attributes
                0x0000040a       0x2c c:/program files (x86)/atmel/studio/7.0/toolchain/arm/arm-gnu-toolchain/bin/../lib/gcc/arm-none-eabi/4.9.3/armv6-m\libgcc.a(_muldi3.o)
 .ARM.attributes
                0x00000436       0x2c c:/program files (x86)/atmel/studio/7.0/toolchain/arm/arm-gnu-toolchain/bin/../lib/gcc/arm-none-eabi/4.9.3/../../../../arm-none-eabi/lib/armv6-m\libc_nano.a(lib_a-init.o)
 .ARM.attributes
                0x00000462       0x2c c:/program files (x86)/atmel/studio/7.0/toolchain/arm/arm-gnu-toolchain/bin/../lib/gcc/arm-none-eabi/4.9.3/../../../../arm-none-eabi/lib/armv6-m\libc_nano.a(lib_a-memcpy.o)
 .ARM.attributes
                0x0000048e       0x2c c:/program files (x86)/atmel/studio/7.0/toolchain/arm/arm-gnu-toolchain/bin/../lib/gcc/arm-none-eabi/4.9.3/../../../../arm-none-eabi/lib/armv6-m\libc_nano.a(lib_a-memmem.o)
 .ARM.attributes
                0x000004ba       0x2c c:/program files (x86)/atmel/studio/7.0/toolchain/arm/arm-gnu-toolchain/bin/../lib/gcc/arm-none-eabi/4.9.3/../../../../arm-none-eabi/lib/armv6-m\libc_nano.a(lib_a-strcat.o)
 .ARM.attributes
                0x000004e6       0x2c c:/program files (x86)/atmel/studio/7.0/toolchain/arm/arm-gnu-toolchain/bin/../lib/gcc/arm-none-eabi/4.9.3/../../../../arm-none-eabi/lib/armv6-m\libc_nano.a(lib_a-strlen.o)
 .ARM.attributes
                0x00000512       0x2c c:/program files (x86)/atmel/studio/7.0/toolchain/arm/arm-gnu-toolchain/bin/../lib/gcc/arm-none-eabi/4.9.3/../../../../arm-none-eabi/lib/armv6-m\libc_nano.a(lib_a-memcmp.o)
 .ARM.attributes
                0x0000053e       0x1e c:/program files (x86)/atmel/studio/7.0/toolchain/arm/arm-gnu-toolchain/bin/../lib/gcc/arm-none-eabi/4.9.3/armv6-m/crtn.o

.comment        0x00000000       0x5b
 .comment       0x00000000       0x5b init_MidiPCB.o
                                 0x5c (size before relaxing)
 .comment       0x00000000       0x5c init_sercom.o
 .comment       0x00000000       0x5c serial_buffers.o
 .comment       0x00000000       0x5c usart_interrupt.o
 .comment       0x00000000       0x5c WT41_comm.o
 .comment       0x00000000       0x5c tc_master.o
 .comment       0x00000000       0x5c src/ASF/sam0/drivers/sercom/sercom_interrupt.o
 .comment       0x00000000       0x5c MAIN_Slave.o
 .comment       0x00000000       0x5c src/ASF/sam0/drivers/tc/tc_interrupt.o
 .comment       0x00000000       0x5c src/ASF/sam0/drivers/tc/tc_sam_d_r/tc.o
 .comment       0x00000000       0x5c src/ASF/common/utils/interrupt/interrupt_sam_nvic.o
 .comment       0x00000000       0x5c src/ASF/sam0/drivers/port/port.o
 .comment       0x00000000       0x5c src/ASF/sam0/drivers/sercom/sercom.o
 .comment       0x00000000       0x5c src/ASF/sam0/drivers/sercom/usart/usart.o
 .comment       0x00000000       0x5c src/ASF/sam0/drivers/system/clock/clock_samd20/clock.o
 .comment       0x00000000       0x5c src/ASF/sam0/drivers/system/clock/clock_samd20/gclk.o
 .comment       0x00000000       0x5c src/ASF/sam0/drivers/system/pinmux/pinmux.o
 .comment       0x00000000       0x5c src/ASF/sam0/utils/cmsis/samd20/source/gcc/startup_samd20.o

.debug_info     0x00000000    0x1b675
 .debug_info    0x00000000     0x27bb init_MidiPCB.o
 .debug_info    0x000027bb     0x1f51 init_sercom.o
 .debug_info    0x0000470c     0x2015 serial_buffers.o
 .debug_info    0x00006721     0x1e1e usart_interrupt.o
 .debug_info    0x0000853f      0x6b7 WT41_comm.o
 .debug_info    0x00008bf6     0x1792 tc_master.o
 .debug_info    0x0000a388     0x1aee src/ASF/sam0/drivers/sercom/sercom_interrupt.o
 .debug_info    0x0000be76      0xf0c MAIN_Slave.o
 .debug_info    0x0000cd82     0x132f src/ASF/sam0/drivers/tc/tc_interrupt.o
 .debug_info    0x0000e0b1     0x2131 src/ASF/sam0/drivers/tc/tc_sam_d_r/tc.o
 .debug_info    0x000101e2      0x1ed src/ASF/common/utils/interrupt/interrupt_sam_nvic.o
 .debug_info    0x000103cf      0x912 src/ASF/sam0/drivers/port/port.o
 .debug_info    0x00010ce1     0x1cee src/ASF/sam0/drivers/sercom/sercom.o
 .debug_info    0x000129cf     0x35d4 src/ASF/sam0/drivers/sercom/usart/usart.o
 .debug_info    0x00015fa3     0x31d6 src/ASF/sam0/drivers/system/clock/clock_samd20/clock.o
 .debug_info    0x00019179     0x117d src/ASF/sam0/drivers/system/clock/clock_samd20/gclk.o
 .debug_info    0x0001a2f6      0x9f7 src/ASF/sam0/drivers/system/pinmux/pinmux.o
 .debug_info    0x0001aced      0x988 src/ASF/sam0/utils/cmsis/samd20/source/gcc/startup_samd20.o

.debug_abbrev   0x00000000     0x2b66
 .debug_abbrev  0x00000000      0x32a init_MidiPCB.o
 .debug_abbrev  0x0000032a      0x260 init_sercom.o
 .debug_abbrev  0x0000058a      0x2de serial_buffers.o
 .debug_abbrev  0x00000868      0x2c2 usart_interrupt.o
 .debug_abbrev  0x00000b2a      0x185 WT41_comm.o
 .debug_abbrev  0x00000caf      0x2e6 tc_master.o
 .debug_abbrev  0x00000f95      0x208 src/ASF/sam0/drivers/sercom/sercom_interrupt.o
 .debug_abbrev  0x0000119d      0x26d MAIN_Slave.o
 .debug_abbrev  0x0000140a      0x241 src/ASF/sam0/drivers/tc/tc_interrupt.o
 .debug_abbrev  0x0000164b      0x32d src/ASF/sam0/drivers/tc/tc_sam_d_r/tc.o
 .debug_abbrev  0x00001978       0xf6 src/ASF/common/utils/interrupt/interrupt_sam_nvic.o
 .debug_abbrev  0x00001a6e      0x1b4 src/ASF/sam0/drivers/port/port.o
 .debug_abbrev  0x00001c22      0x269 src/ASF/sam0/drivers/sercom/sercom.o
 .debug_abbrev  0x00001e8b      0x2fc src/ASF/sam0/drivers/sercom/usart/usart.o
 .debug_abbrev  0x00002187      0x37f src/ASF/sam0/drivers/system/clock/clock_samd20/clock.o
 .debug_abbrev  0x00002506      0x28a src/ASF/sam0/drivers/system/clock/clock_samd20/gclk.o
 .debug_abbrev  0x00002790      0x21c src/ASF/sam0/drivers/system/pinmux/pinmux.o
 .debug_abbrev  0x000029ac      0x1ba src/ASF/sam0/utils/cmsis/samd20/source/gcc/startup_samd20.o

.debug_loc      0x00000000     0x2710
 .debug_loc     0x00000000      0x3c0 init_MidiPCB.o
 .debug_loc     0x000003c0      0x1c0 init_sercom.o
 .debug_loc     0x00000580      0x2f8 serial_buffers.o
 .debug_loc     0x00000878      0x330 usart_interrupt.o
 .debug_loc     0x00000ba8      0x1ec WT41_comm.o
 .debug_loc     0x00000d94      0x25e tc_master.o
 .debug_loc     0x00000ff2      0x1b0 src/ASF/sam0/drivers/sercom/sercom_interrupt.o
 .debug_loc     0x000011a2      0x144 MAIN_Slave.o
 .debug_loc     0x000012e6      0x240 src/ASF/sam0/drivers/tc/tc_interrupt.o
 .debug_loc     0x00001526      0x314 src/ASF/sam0/drivers/tc/tc_sam_d_r/tc.o
 .debug_loc     0x0000183a       0x64 src/ASF/common/utils/interrupt/interrupt_sam_nvic.o
 .debug_loc     0x0000189e       0xa8 src/ASF/sam0/drivers/port/port.o
 .debug_loc     0x00001946      0x18c src/ASF/sam0/drivers/sercom/sercom.o
 .debug_loc     0x00001ad2      0x298 src/ASF/sam0/drivers/sercom/usart/usart.o
 .debug_loc     0x00001d6a      0x4a2 src/ASF/sam0/drivers/system/clock/clock_samd20/clock.o
 .debug_loc     0x0000220c      0x388 src/ASF/sam0/drivers/system/clock/clock_samd20/gclk.o
 .debug_loc     0x00002594      0x118 src/ASF/sam0/drivers/system/pinmux/pinmux.o
 .debug_loc     0x000026ac       0x64 src/ASF/sam0/utils/cmsis/samd20/source/gcc/startup_samd20.o

.debug_aranges  0x00000000      0x780
 .debug_aranges
                0x00000000       0xa8 init_MidiPCB.o
 .debug_aranges
                0x000000a8       0x58 init_sercom.o
 .debug_aranges
                0x00000100       0x88 serial_buffers.o
 .debug_aranges
                0x00000188       0x90 usart_interrupt.o
 .debug_aranges
                0x00000218       0x60 WT41_comm.o
 .debug_aranges
                0x00000278       0x70 tc_master.o
 .debug_aranges
                0x000002e8       0x60 src/ASF/sam0/drivers/sercom/sercom_interrupt.o
 .debug_aranges
                0x00000348       0x48 MAIN_Slave.o
 .debug_aranges
                0x00000390       0x78 src/ASF/sam0/drivers/tc/tc_interrupt.o
 .debug_aranges
                0x00000408       0x88 src/ASF/sam0/drivers/tc/tc_sam_d_r/tc.o
 .debug_aranges
                0x00000490       0x28 src/ASF/common/utils/interrupt/interrupt_sam_nvic.o
 .debug_aranges
                0x000004b8       0x30 src/ASF/sam0/drivers/port/port.o
 .debug_aranges
                0x000004e8       0x50 src/ASF/sam0/drivers/sercom/sercom.o
 .debug_aranges
                0x00000538       0x78 src/ASF/sam0/drivers/sercom/usart/usart.o
 .debug_aranges
                0x000005b0       0xc8 src/ASF/sam0/drivers/system/clock/clock_samd20/clock.o
 .debug_aranges
                0x00000678       0xa0 src/ASF/sam0/drivers/system/clock/clock_samd20/gclk.o
 .debug_aranges
                0x00000718       0x40 src/ASF/sam0/drivers/system/pinmux/pinmux.o
 .debug_aranges
                0x00000758       0x28 src/ASF/sam0/utils/cmsis/samd20/source/gcc/startup_samd20.o

.debug_ranges   0x00000000      0x660
 .debug_ranges  0x00000000       0x98 init_MidiPCB.o
 .debug_ranges  0x00000098       0x48 init_sercom.o
 .debug_ranges  0x000000e0       0x78 serial_buffers.o
 .debug_ranges  0x00000158       0x80 usart_interrupt.o
 .debug_ranges  0x000001d8       0x50 WT41_comm.o
 .debug_ranges  0x00000228       0x60 tc_master.o
 .debug_ranges  0x00000288       0x50 src/ASF/sam0/drivers/sercom/sercom_interrupt.o
 .debug_ranges  0x000002d8       0x38 MAIN_Slave.o
 .debug_ranges  0x00000310       0x68 src/ASF/sam0/drivers/tc/tc_interrupt.o
 .debug_ranges  0x00000378       0x78 src/ASF/sam0/drivers/tc/tc_sam_d_r/tc.o
 .debug_ranges  0x000003f0       0x18 src/ASF/common/utils/interrupt/interrupt_sam_nvic.o
 .debug_ranges  0x00000408       0x20 src/ASF/sam0/drivers/port/port.o
 .debug_ranges  0x00000428       0x40 src/ASF/sam0/drivers/sercom/sercom.o
 .debug_ranges  0x00000468       0x68 src/ASF/sam0/drivers/sercom/usart/usart.o
 .debug_ranges  0x000004d0       0xb8 src/ASF/sam0/drivers/system/clock/clock_samd20/clock.o
 .debug_ranges  0x00000588       0x90 src/ASF/sam0/drivers/system/clock/clock_samd20/gclk.o
 .debug_ranges  0x00000618       0x30 src/ASF/sam0/drivers/system/pinmux/pinmux.o
 .debug_ranges  0x00000648       0x18 src/ASF/sam0/utils/cmsis/samd20/source/gcc/startup_samd20.o

.debug_macro    0x00000000    0x12be0
 .debug_macro   0x00000000      0x535 init_MidiPCB.o
 .debug_macro   0x00000535      0x84a init_MidiPCB.o
 .debug_macro   0x00000d7f      0x166 init_MidiPCB.o
 .debug_macro   0x00000ee5      0x4fb init_MidiPCB.o
 .debug_macro   0x000013e0       0x22 init_MidiPCB.o
 .debug_macro   0x00001402       0x44 init_MidiPCB.o
 .debug_macro   0x00001446       0x58 init_MidiPCB.o
 .debug_macro   0x0000149e       0x22 init_MidiPCB.o
 .debug_macro   0x000014c0      0x1df init_MidiPCB.o
 .debug_macro   0x0000169f       0x10 init_MidiPCB.o
 .debug_macro   0x000016af       0x76 init_MidiPCB.o
 .debug_macro   0x00001725       0x16 init_MidiPCB.o
 .debug_macro   0x0000173b      0x6e5 init_MidiPCB.o
 .debug_macro   0x00001e20      0xde2 init_MidiPCB.o
 .debug_macro   0x00002c02       0x22 init_MidiPCB.o
 .debug_macro   0x00002c24       0x40 init_MidiPCB.o
 .debug_macro   0x00002c64       0x3a init_MidiPCB.o
 .debug_macro   0x00002c9e       0x1f init_MidiPCB.o
 .debug_macro   0x00002cbd      0x250 init_MidiPCB.o
 .debug_macro   0x00002f0d      0x682 init_MidiPCB.o
 .debug_macro   0x0000358f      0x8c1 init_MidiPCB.o
 .debug_macro   0x00003e50      0x229 init_MidiPCB.o
 .debug_macro   0x00004079      0x5bf init_MidiPCB.o
 .debug_macro   0x00004638      0x9fb init_MidiPCB.o
 .debug_macro   0x00005033      0x5b8 init_MidiPCB.o
 .debug_macro   0x000055eb      0x4b6 init_MidiPCB.o
 .debug_macro   0x00005aa1      0x74c init_MidiPCB.o
 .debug_macro   0x000061ed       0x5e init_MidiPCB.o
 .debug_macro   0x0000624b      0x5e2 init_MidiPCB.o
 .debug_macro   0x0000682d      0x3b8 init_MidiPCB.o
 .debug_macro   0x00006be5      0xc55 init_MidiPCB.o
 .debug_macro   0x0000783a      0xd29 init_MidiPCB.o
 .debug_macro   0x00008563      0x7b8 init_MidiPCB.o
 .debug_macro   0x00008d1b      0x6c2 init_MidiPCB.o
 .debug_macro   0x000093dd      0x351 init_MidiPCB.o
 .debug_macro   0x0000972e       0x7c init_MidiPCB.o
 .debug_macro   0x000097aa       0x9a init_MidiPCB.o
 .debug_macro   0x00009844       0x46 init_MidiPCB.o
 .debug_macro   0x0000988a       0xb2 init_MidiPCB.o
 .debug_macro   0x0000993c       0x6a init_MidiPCB.o
 .debug_macro   0x000099a6      0x287 init_MidiPCB.o
 .debug_macro   0x00009c2d       0x82 init_MidiPCB.o
 .debug_macro   0x00009caf       0xb8 init_MidiPCB.o
 .debug_macro   0x00009d67       0x1c init_MidiPCB.o
 .debug_macro   0x00009d83       0x1c init_MidiPCB.o
 .debug_macro   0x00009d9f       0x1c init_MidiPCB.o
 .debug_macro   0x00009dbb       0x82 init_MidiPCB.o
 .debug_macro   0x00009e3d      0x164 init_MidiPCB.o
 .debug_macro   0x00009fa1       0xdc init_MidiPCB.o
 .debug_macro   0x0000a07d      0x104 init_MidiPCB.o
 .debug_macro   0x0000a181      0x104 init_MidiPCB.o
 .debug_macro   0x0000a285      0x104 init_MidiPCB.o
 .debug_macro   0x0000a389      0x104 init_MidiPCB.o
 .debug_macro   0x0000a48d      0x104 init_MidiPCB.o
 .debug_macro   0x0000a591      0x104 init_MidiPCB.o
 .debug_macro   0x0000a695       0xfa init_MidiPCB.o
 .debug_macro   0x0000a78f       0xbe init_MidiPCB.o
 .debug_macro   0x0000a84d       0xbe init_MidiPCB.o
 .debug_macro   0x0000a90b       0xbe init_MidiPCB.o
 .debug_macro   0x0000a9c9       0xbe init_MidiPCB.o
 .debug_macro   0x0000aa87       0xbe init_MidiPCB.o
 .debug_macro   0x0000ab45       0xbe init_MidiPCB.o
 .debug_macro   0x0000ac03       0xbe init_MidiPCB.o
 .debug_macro   0x0000acc1       0xbe init_MidiPCB.o
 .debug_macro   0x0000ad7f       0x40 init_MidiPCB.o
 .debug_macro   0x0000adbf      0x2e3 init_MidiPCB.o
 .debug_macro   0x0000b0a2     0x19c4 init_MidiPCB.o
 .debug_macro   0x0000ca66       0x4a init_MidiPCB.o
 .debug_macro   0x0000cab0       0x58 init_MidiPCB.o
 .debug_macro   0x0000cb08       0x35 init_MidiPCB.o
 .debug_macro   0x0000cb3d       0x9c init_MidiPCB.o
 .debug_macro   0x0000cbd9       0x16 init_MidiPCB.o
 .debug_macro   0x0000cbef       0x35 init_MidiPCB.o
 .debug_macro   0x0000cc24      0x29d init_MidiPCB.o
 .debug_macro   0x0000cec1       0x10 init_MidiPCB.o
 .debug_macro   0x0000ced1       0x52 init_MidiPCB.o
 .debug_macro   0x0000cf23       0x16 init_MidiPCB.o
 .debug_macro   0x0000cf39       0x43 init_MidiPCB.o
 .debug_macro   0x0000cf7c      0x180 init_MidiPCB.o
 .debug_macro   0x0000d0fc       0x10 init_MidiPCB.o
 .debug_macro   0x0000d10c       0x22 init_MidiPCB.o
 .debug_macro   0x0000d12e       0xbe init_MidiPCB.o
 .debug_macro   0x0000d1ec       0x16 init_MidiPCB.o
 .debug_macro   0x0000d202      0x197 init_MidiPCB.o
 .debug_macro   0x0000d399       0x16 init_MidiPCB.o
 .debug_macro   0x0000d3af       0x16 init_MidiPCB.o
 .debug_macro   0x0000d3c5       0x29 init_MidiPCB.o
 .debug_macro   0x0000d3ee       0x51 init_MidiPCB.o
 .debug_macro   0x0000d43f       0x3f init_MidiPCB.o
 .debug_macro   0x0000d47e      0x3df init_MidiPCB.o
 .debug_macro   0x0000d85d       0x11 init_MidiPCB.o
 .debug_macro   0x0000d86e       0x12 init_MidiPCB.o
 .debug_macro   0x0000d880       0x2e init_MidiPCB.o
 .debug_macro   0x0000d8ae       0xb2 init_MidiPCB.o
 .debug_macro   0x0000d960       0x10 init_MidiPCB.o
 .debug_macro   0x0000d970       0x1f init_MidiPCB.o
 .debug_macro   0x0000d98f       0x6c init_MidiPCB.o
 .debug_macro   0x0000d9fb      0x21a init_MidiPCB.o
 .debug_macro   0x0000dc15       0x16 init_MidiPCB.o
 .debug_macro   0x0000dc2b       0x16 init_MidiPCB.o
 .debug_macro   0x0000dc41       0x16 init_MidiPCB.o
 .debug_macro   0x0000dc57       0x6a init_MidiPCB.o
 .debug_macro   0x0000dcc1      0x523 init_sercom.o
 .debug_macro   0x0000e1e4      0x523 serial_buffers.o
 .debug_macro   0x0000e707      0x4c8 usart_interrupt.o
 .debug_macro   0x0000ebcf       0x19 usart_interrupt.o
 .debug_macro   0x0000ebe8      0x547 WT41_comm.o
 .debug_macro   0x0000f12f      0x509 tc_master.o
 .debug_macro   0x0000f638      0x4b4 src/ASF/sam0/drivers/sercom/sercom_interrupt.o
 .debug_macro   0x0000faec      0x535 MAIN_Slave.o
 .debug_macro   0x00010021      0x497 src/ASF/sam0/drivers/tc/tc_interrupt.o
 .debug_macro   0x000104b8      0x4b2 src/ASF/sam0/drivers/tc/tc_sam_d_r/tc.o
 .debug_macro   0x0001096a      0x428 src/ASF/common/utils/interrupt/interrupt_sam_nvic.o
 .debug_macro   0x00010d92      0x442 src/ASF/sam0/drivers/port/port.o
 .debug_macro   0x000111d4      0x4b7 src/ASF/sam0/drivers/sercom/sercom.o
 .debug_macro   0x0001168b      0x4c8 src/ASF/sam0/drivers/sercom/usart/usart.o
 .debug_macro   0x00011b53      0x53e src/ASF/sam0/drivers/system/clock/clock_samd20/clock.o
 .debug_macro   0x00012091      0x45f src/ASF/sam0/drivers/system/clock/clock_samd20/gclk.o
 .debug_macro   0x000124f0      0x43a src/ASF/sam0/drivers/system/pinmux/pinmux.o
 .debug_macro   0x0001292a      0x27c src/ASF/sam0/utils/cmsis/samd20/source/gcc/startup_samd20.o
 .debug_macro   0x00012ba6       0x3a src/ASF/sam0/utils/cmsis/samd20/source/gcc/startup_samd20.o

.debug_line     0x00000000     0xbff2
 .debug_line    0x00000000      0xccd init_MidiPCB.o
 .debug_line    0x00000ccd      0xb90 init_sercom.o
 .debug_line    0x0000185d      0xc7a serial_buffers.o
 .debug_line    0x000024d7      0xbaa usart_interrupt.o
 .debug_line    0x00003081      0xc23 WT41_comm.o
 .debug_line    0x00003ca4      0xbaa tc_master.o
 .debug_line    0x0000484e      0xa7f src/ASF/sam0/drivers/sercom/sercom_interrupt.o
 .debug_line    0x000052cd      0xb84 MAIN_Slave.o
 .debug_line    0x00005e51      0xa07 src/ASF/sam0/drivers/tc/tc_interrupt.o
 .debug_line    0x00006858      0xbbb src/ASF/sam0/drivers/tc/tc_sam_d_r/tc.o
 .debug_line    0x00007413      0x7e0 src/ASF/common/utils/interrupt/interrupt_sam_nvic.o
 .debug_line    0x00007bf3      0x812 src/ASF/sam0/drivers/port/port.o
 .debug_line    0x00008405      0xb30 src/ASF/sam0/drivers/sercom/sercom.o
 .debug_line    0x00008f35      0xc37 src/ASF/sam0/drivers/sercom/usart/usart.o
 .debug_line    0x00009b6c      0xbaa src/ASF/sam0/drivers/system/clock/clock_samd20/clock.o
 .debug_line    0x0000a716      0xaad src/ASF/sam0/drivers/system/clock/clock_samd20/gclk.o
 .debug_line    0x0000b1c3      0x85c src/ASF/sam0/drivers/system/pinmux/pinmux.o
 .debug_line    0x0000ba1f      0x5d3 src/ASF/sam0/utils/cmsis/samd20/source/gcc/startup_samd20.o

.debug_str      0x00000000    0x5c189
 .debug_str     0x00000000    0x58131 init_MidiPCB.o
                              0x58636 (size before relaxing)
 .debug_str     0x00058131      0x3f5 init_sercom.o
                              0x58062 (size before relaxing)
 .debug_str     0x00058526       0xc0 serial_buffers.o
                              0x57515 (size before relaxing)
 .debug_str     0x000585e6      0x1ee usart_interrupt.o
                              0x56a98 (size before relaxing)
 .debug_str     0x000587d4      0x160 WT41_comm.o
                              0x57bc8 (size before relaxing)
 .debug_str     0x00058934      0x715 tc_master.o
                              0x57363 (size before relaxing)
 .debug_str     0x00059049      0x1a8 src/ASF/sam0/drivers/sercom/sercom_interrupt.o
                              0x56a61 (size before relaxing)
 .debug_str     0x000591f1      0x1c5 MAIN_Slave.o
                              0x57e94 (size before relaxing)
 .debug_str     0x000593b6       0xf3 src/ASF/sam0/drivers/tc/tc_interrupt.o
                              0x56849 (size before relaxing)
 .debug_str     0x000594a9      0x544 src/ASF/sam0/drivers/tc/tc_sam_d_r/tc.o
                              0x57060 (size before relaxing)
 .debug_str     0x000599ed       0x7a src/ASF/common/utils/interrupt/interrupt_sam_nvic.o
                              0x5574f (size before relaxing)
 .debug_str     0x00059a67       0x53 src/ASF/sam0/drivers/port/port.o
                              0x55b19 (size before relaxing)
 .debug_str     0x00059aba      0x3ae src/ASF/sam0/drivers/sercom/sercom.o
                              0x56c18 (size before relaxing)
 .debug_str     0x00059e68      0x3c6 src/ASF/sam0/drivers/sercom/usart/usart.o
                              0x5752b (size before relaxing)
 .debug_str     0x0005a22e     0x184b src/ASF/sam0/drivers/system/clock/clock_samd20/clock.o
                              0x58900 (size before relaxing)
 .debug_str     0x0005ba79      0x276 src/ASF/sam0/drivers/system/clock/clock_samd20/gclk.o
                              0x56339 (size before relaxing)
 .debug_str     0x0005bcef      0x130 src/ASF/sam0/drivers/system/pinmux/pinmux.o
                              0x55b46 (size before relaxing)
 .debug_str     0x0005be1f      0x36a src/ASF/sam0/utils/cmsis/samd20/source/gcc/startup_samd20.o
                              0x429e8 (size before relaxing)

.debug_frame    0x00000000     0x192c
 .debug_frame   0x00000000      0x240 init_MidiPCB.o
 .debug_frame   0x00000240      0x110 init_sercom.o
 .debug_frame   0x00000350      0x1c8 serial_buffers.o
 .debug_frame   0x00000518      0x1e8 usart_interrupt.o
 .debug_frame   0x00000700      0x12c WT41_comm.o
 .debug_frame   0x0000082c      0x16c tc_master.o
 .debug_frame   0x00000998      0x118 src/ASF/sam0/drivers/sercom/sercom_interrupt.o
 .debug_frame   0x00000ab0       0xcc MAIN_Slave.o
 .debug_frame   0x00000b7c      0x170 src/ASF/sam0/drivers/tc/tc_interrupt.o
 .debug_frame   0x00000cec      0x1d0 src/ASF/sam0/drivers/tc/tc_sam_d_r/tc.o
 .debug_frame   0x00000ebc       0x4c src/ASF/common/utils/interrupt/interrupt_sam_nvic.o
 .debug_frame   0x00000f08       0x70 src/ASF/sam0/drivers/port/port.o
 .debug_frame   0x00000f78       0xf8 src/ASF/sam0/drivers/sercom/sercom.o
 .debug_frame   0x00001070      0x190 src/ASF/sam0/drivers/sercom/usart/usart.o
 .debug_frame   0x00001200      0x2c0 src/ASF/sam0/drivers/system/clock/clock_samd20/clock.o
 .debug_frame   0x000014c0      0x220 src/ASF/sam0/drivers/system/clock/clock_samd20/gclk.o
 .debug_frame   0x000016e0       0xb0 src/ASF/sam0/drivers/system/pinmux/pinmux.o
 .debug_frame   0x00001790       0x4c src/ASF/sam0/utils/cmsis/samd20/source/gcc/startup_samd20.o
 .debug_frame   0x000017dc       0x20 c:/program files (x86)/atmel/studio/7.0/toolchain/arm/arm-gnu-toolchain/bin/../lib/gcc/arm-none-eabi/4.9.3/armv6-m\libgcc.a(_udivsi3.o)
 .debug_frame   0x000017fc       0x34 c:/program files (x86)/atmel/studio/7.0/toolchain/arm/arm-gnu-toolchain/bin/../lib/gcc/arm-none-eabi/4.9.3/armv6-m\libgcc.a(_muldi3.o)
 .debug_frame   0x00001830       0x2c c:/program files (x86)/atmel/studio/7.0/toolchain/arm/arm-gnu-toolchain/bin/../lib/gcc/arm-none-eabi/4.9.3/../../../../arm-none-eabi/lib/armv6-m\libc_nano.a(lib_a-init.o)
 .debug_frame   0x0000185c       0x28 c:/program files (x86)/atmel/studio/7.0/toolchain/arm/arm-gnu-toolchain/bin/../lib/gcc/arm-none-eabi/4.9.3/../../../../arm-none-eabi/lib/armv6-m\libc_nano.a(lib_a-memcpy.o)
 .debug_frame   0x00001884       0x34 c:/program files (x86)/atmel/studio/7.0/toolchain/arm/arm-gnu-toolchain/bin/../lib/gcc/arm-none-eabi/4.9.3/../../../../arm-none-eabi/lib/armv6-m\libc_nano.a(lib_a-memmem.o)
 .debug_frame   0x000018b8       0x28 c:/program files (x86)/atmel/studio/7.0/toolchain/arm/arm-gnu-toolchain/bin/../lib/gcc/arm-none-eabi/4.9.3/../../../../arm-none-eabi/lib/armv6-m\libc_nano.a(lib_a-strcat.o)
 .debug_frame   0x000018e0       0x20 c:/program files (x86)/atmel/studio/7.0/toolchain/arm/arm-gnu-toolchain/bin/../lib/gcc/arm-none-eabi/4.9.3/../../../../arm-none-eabi/lib/armv6-m\libc_nano.a(lib_a-strlen.o)
 .debug_frame   0x00001900       0x2c c:/program files (x86)/atmel/studio/7.0/toolchain/arm/arm-gnu-toolchain/bin/../lib/gcc/arm-none-eabi/4.9.3/../../../../arm-none-eabi/lib/armv6-m\libc_nano.a(lib_a-memcmp.o)

Cross Reference Table

Symbol                                            File
AC_Handler                                        src/ASF/sam0/utils/cmsis/samd20/source/gcc/startup_samd20.o
ADC_Handler                                       src/ASF/sam0/utils/cmsis/samd20/source/gcc/startup_samd20.o
BT_master_init                                    WT41_comm.o
BT_slave_init                                     WT41_comm.o
                                                  MAIN_Slave.o
BTpaired                                          MAIN_Slave.o
                                                  WT41_comm.o
DAC_Handler                                       src/ASF/sam0/utils/cmsis/samd20/source/gcc/startup_samd20.o
Dummy_Handler                                     src/ASF/sam0/utils/cmsis/samd20/source/gcc/startup_samd20.o
EIC_Handler                                       src/ASF/sam0/utils/cmsis/samd20/source/gcc/startup_samd20.o
EVSYS_Handler                                     src/ASF/sam0/utils/cmsis/samd20/source/gcc/startup_samd20.o
HardFault_Handler                                 src/ASF/sam0/utils/cmsis/samd20/source/gcc/startup_samd20.o
NMI_Handler                                       src/ASF/sam0/utils/cmsis/samd20/source/gcc/startup_samd20.o
NVMCTRL_Handler                                   src/ASF/sam0/utils/cmsis/samd20/source/gcc/startup_samd20.o
PM_Handler                                        src/ASF/sam0/utils/cmsis/samd20/source/gcc/startup_samd20.o
PTC_Handler                                       src/ASF/sam0/utils/cmsis/samd20/source/gcc/startup_samd20.o
PendSV_Handler                                    src/ASF/sam0/utils/cmsis/samd20/source/gcc/startup_samd20.o
RTC_Handler                                       src/ASF/sam0/utils/cmsis/samd20/source/gcc/startup_samd20.o
Reset_Handler                                     src/ASF/sam0/utils/cmsis/samd20/source/gcc/startup_samd20.o
SERCOM0_Handler                                   src/ASF/sam0/drivers/sercom/sercom_interrupt.o
SERCOM1_Handler                                   src/ASF/sam0/drivers/sercom/sercom_interrupt.o
SERCOM2_Handler                                   src/ASF/sam0/drivers/sercom/sercom_interrupt.o
SERCOM3_Handler                                   src/ASF/sam0/drivers/sercom/sercom_interrupt.o
SERCOM4_Handler                                   src/ASF/sam0/drivers/sercom/sercom_interrupt.o
SERCOM5_Handler                                   src/ASF/sam0/drivers/sercom/sercom_interrupt.o
SVC_Handler                                       src/ASF/sam0/utils/cmsis/samd20/source/gcc/startup_samd20.o
SYSCTRL_Handler                                   src/ASF/sam0/utils/cmsis/samd20/source/gcc/startup_samd20.o
SysTick_Handler                                   src/ASF/sam0/utils/cmsis/samd20/source/gcc/startup_samd20.o
SystemCoreClock                                   src/ASF/sam0/utils/cmsis/samd20/source/system_samd20.o
SystemCoreClockUpdate                             src/ASF/sam0/utils/cmsis/samd20/source/system_samd20.o
SystemInit                                        src/ASF/sam0/utils/cmsis/samd20/source/system_samd20.o
TC0_Handler                                       src/ASF/sam0/drivers/tc/tc_interrupt.o
TC1_Handler                                       src/ASF/sam0/drivers/tc/tc_interrupt.o
TC2_Handler                                       src/ASF/sam0/drivers/tc/tc_interrupt.o
TC3_Handler                                       src/ASF/sam0/drivers/tc/tc_interrupt.o
TC4_Handler                                       src/ASF/sam0/drivers/tc/tc_interrupt.o
TC5_Handler                                       src/ASF/sam0/drivers/tc/tc_interrupt.o
TC6_Handler                                       src/ASF/sam0/drivers/tc/tc_interrupt.o
TC7_Handler                                       src/ASF/sam0/drivers/tc/tc_interrupt.o
WDT_Handler                                       src/ASF/sam0/utils/cmsis/samd20/source/gcc/startup_samd20.o
_Jv_RegisterClasses                               c:/program files (x86)/atmel/studio/7.0/toolchain/arm/arm-gnu-toolchain/bin/../lib/gcc/arm-none-eabi/4.9.3/armv6-m/crtbegin.o
__aeabi_idiv                                      c:/program files (x86)/atmel/studio/7.0/toolchain/arm/arm-gnu-toolchain/bin/../lib/gcc/arm-none-eabi/4.9.3/armv6-m\libgcc.a(_divsi3.o)
                                                  c:/program files (x86)/atmel/studio/7.0/toolchain/arm/arm-gnu-toolchain/bin/../lib/gcc/arm-none-eabi/4.9.3/../../../../arm-none-eabi/lib/armv6-m\libc_nano.a(lib_a-fvwrite.o)
__aeabi_idiv0                                     c:/program files (x86)/atmel/studio/7.0/toolchain/arm/arm-gnu-toolchain/bin/../lib/gcc/arm-none-eabi/4.9.3/armv6-m\libgcc.a(_dvmd_tls.o)
                                                  c:/program files (x86)/atmel/studio/7.0/toolchain/arm/arm-gnu-toolchain/bin/../lib/gcc/arm-none-eabi/4.9.3/armv6-m\libgcc.a(_divsi3.o)
                                                  c:/program files (x86)/atmel/studio/7.0/toolchain/arm/arm-gnu-toolchain/bin/../lib/gcc/arm-none-eabi/4.9.3/armv6-m\libgcc.a(_udivsi3.o)
__aeabi_idivmod                                   c:/program files (x86)/atmel/studio/7.0/toolchain/arm/arm-gnu-toolchain/bin/../lib/gcc/arm-none-eabi/4.9.3/armv6-m\libgcc.a(_divsi3.o)
__aeabi_ldiv0                                     c:/program files (x86)/atmel/studio/7.0/toolchain/arm/arm-gnu-toolchain/bin/../lib/gcc/arm-none-eabi/4.9.3/armv6-m\libgcc.a(_dvmd_tls.o)
__aeabi_lmul                                      c:/program files (x86)/atmel/studio/7.0/toolchain/arm/arm-gnu-toolchain/bin/../lib/gcc/arm-none-eabi/4.9.3/armv6-m\libgcc.a(_muldi3.o)
                                                  src/ASF/sam0/drivers/sercom/sercom.o
__aeabi_uidiv                                     c:/program files (x86)/atmel/studio/7.0/toolchain/arm/arm-gnu-toolchain/bin/../lib/gcc/arm-none-eabi/4.9.3/armv6-m\libgcc.a(_udivsi3.o)
                                                  c:/program files (x86)/atmel/studio/7.0/toolchain/arm/arm-gnu-toolchain/bin/../lib/gcc/arm-none-eabi/4.9.3/../../../../arm-none-eabi/lib/armv6-m\libc_nano.a(lib_a-nano-vfprintf_i.o)
                                                  src/ASF/sam0/drivers/system/clock/clock_samd20/gclk.o
__aeabi_uidivmod                                  c:/program files (x86)/atmel/studio/7.0/toolchain/arm/arm-gnu-toolchain/bin/../lib/gcc/arm-none-eabi/4.9.3/armv6-m\libgcc.a(_udivsi3.o)
                                                  c:/program files (x86)/atmel/studio/7.0/toolchain/arm/arm-gnu-toolchain/bin/../lib/gcc/arm-none-eabi/4.9.3/../../../../arm-none-eabi/lib/armv6-m\libc_nano.a(lib_a-nano-vfprintf_i.o)
__bss_end__                                       c:/program files (x86)/atmel/studio/7.0/toolchain/arm/arm-gnu-toolchain/bin/../lib/gcc/arm-none-eabi/4.9.3/../../../../arm-none-eabi/lib/armv6-m/crt0.o
__bss_start__                                     c:/program files (x86)/atmel/studio/7.0/toolchain/arm/arm-gnu-toolchain/bin/../lib/gcc/arm-none-eabi/4.9.3/../../../../arm-none-eabi/lib/armv6-m/crt0.o
__call_exitprocs                                  c:/program files (x86)/atmel/studio/7.0/toolchain/arm/arm-gnu-toolchain/bin/../lib/gcc/arm-none-eabi/4.9.3/../../../../arm-none-eabi/lib/armv6-m\libc_nano.a(lib_a-exit.o)
__deregister_frame_info                           c:/program files (x86)/atmel/studio/7.0/toolchain/arm/arm-gnu-toolchain/bin/../lib/gcc/arm-none-eabi/4.9.3/armv6-m/crtbegin.o
__divsi3                                          c:/program files (x86)/atmel/studio/7.0/toolchain/arm/arm-gnu-toolchain/bin/../lib/gcc/arm-none-eabi/4.9.3/armv6-m\libgcc.a(_divsi3.o)
__dso_handle                                      c:/program files (x86)/atmel/studio/7.0/toolchain/arm/arm-gnu-toolchain/bin/../lib/gcc/arm-none-eabi/4.9.3/armv6-m/crtbegin.o
__fp_lock_all                                     c:/program files (x86)/atmel/studio/7.0/toolchain/arm/arm-gnu-toolchain/bin/../lib/gcc/arm-none-eabi/4.9.3/../../../../arm-none-eabi/lib/armv6-m\libc_nano.a(lib_a-findfp.o)
__fp_unlock_all                                   c:/program files (x86)/atmel/studio/7.0/toolchain/arm/arm-gnu-toolchain/bin/../lib/gcc/arm-none-eabi/4.9.3/../../../../arm-none-eabi/lib/armv6-m\libc_nano.a(lib_a-findfp.o)
__init_array_end                                  c:/program files (x86)/atmel/studio/7.0/toolchain/arm/arm-gnu-toolchain/bin/../lib/gcc/arm-none-eabi/4.9.3/../../../../arm-none-eabi/lib/armv6-m\libc_nano.a(lib_a-init.o)
__init_array_start                                c:/program files (x86)/atmel/studio/7.0/toolchain/arm/arm-gnu-toolchain/bin/../lib/gcc/arm-none-eabi/4.9.3/../../../../arm-none-eabi/lib/armv6-m\libc_nano.a(lib_a-init.o)
__libc_fini_array                                 c:/program files (x86)/atmel/studio/7.0/toolchain/arm/arm-gnu-toolchain/bin/../lib/gcc/arm-none-eabi/4.9.3/../../../../arm-none-eabi/lib/armv6-m/crt0.o
__libc_init_array                                 c:/program files (x86)/atmel/studio/7.0/toolchain/arm/arm-gnu-toolchain/bin/../lib/gcc/arm-none-eabi/4.9.3/../../../../arm-none-eabi/lib/armv6-m\libc_nano.a(lib_a-init.o)
                                                  src/ASF/sam0/utils/cmsis/samd20/source/gcc/startup_samd20.o
                                                  c:/program files (x86)/atmel/studio/7.0/toolchain/arm/arm-gnu-toolchain/bin/../lib/gcc/arm-none-eabi/4.9.3/../../../../arm-none-eabi/lib/armv6-m/crt0.o
__malloc_free_list                                c:/program files (x86)/atmel/studio/7.0/toolchain/arm/arm-gnu-toolchain/bin/../lib/gcc/arm-none-eabi/4.9.3/../../../../arm-none-eabi/lib/armv6-m\libc_nano.a(lib_a-nano-mallocr.o)
                                                  c:/program files (x86)/atmel/studio/7.0/toolchain/arm/arm-gnu-toolchain/bin/../lib/gcc/arm-none-eabi/4.9.3/../../../../arm-none-eabi/lib/armv6-m\libc_nano.a(lib_a-nano-freer.o)
__malloc_sbrk_start                               c:/program files (x86)/atmel/studio/7.0/toolchain/arm/arm-gnu-toolchain/bin/../lib/gcc/arm-none-eabi/4.9.3/../../../../arm-none-eabi/lib/armv6-m\libc_nano.a(lib_a-nano-mallocr.o)
__muldi3                                          c:/program files (x86)/atmel/studio/7.0/toolchain/arm/arm-gnu-toolchain/bin/../lib/gcc/arm-none-eabi/4.9.3/armv6-m\libgcc.a(_muldi3.o)
__preinit_array_end                               c:/program files (x86)/atmel/studio/7.0/toolchain/arm/arm-gnu-toolchain/bin/../lib/gcc/arm-none-eabi/4.9.3/../../../../arm-none-eabi/lib/armv6-m\libc_nano.a(lib_a-init.o)
__preinit_array_start                             c:/program files (x86)/atmel/studio/7.0/toolchain/arm/arm-gnu-toolchain/bin/../lib/gcc/arm-none-eabi/4.9.3/../../../../arm-none-eabi/lib/armv6-m\libc_nano.a(lib_a-init.o)
__register_frame_info                             c:/program files (x86)/atmel/studio/7.0/toolchain/arm/arm-gnu-toolchain/bin/../lib/gcc/arm-none-eabi/4.9.3/armv6-m/crtbegin.o
__sclose                                          c:/program files (x86)/atmel/studio/7.0/toolchain/arm/arm-gnu-toolchain/bin/../lib/gcc/arm-none-eabi/4.9.3/../../../../arm-none-eabi/lib/armv6-m\libc_nano.a(lib_a-stdio.o)
                                                  c:/program files (x86)/atmel/studio/7.0/toolchain/arm/arm-gnu-toolchain/bin/../lib/gcc/arm-none-eabi/4.9.3/../../../../arm-none-eabi/lib/armv6-m\libc_nano.a(lib_a-findfp.o)
__seofread                                        c:/program files (x86)/atmel/studio/7.0/toolchain/arm/arm-gnu-toolchain/bin/../lib/gcc/arm-none-eabi/4.9.3/../../../../arm-none-eabi/lib/armv6-m\libc_nano.a(lib_a-stdio.o)
__sf_fake_stderr                                  c:/program files (x86)/atmel/studio/7.0/toolchain/arm/arm-gnu-toolchain/bin/../lib/gcc/arm-none-eabi/4.9.3/../../../../arm-none-eabi/lib/armv6-m\libc_nano.a(lib_a-findfp.o)
                                                  c:/program files (x86)/atmel/studio/7.0/toolchain/arm/arm-gnu-toolchain/bin/../lib/gcc/arm-none-eabi/4.9.3/../../../../arm-none-eabi/lib/armv6-m\libc_nano.a(lib_a-fflush.o)
                                                  c:/program files (x86)/atmel/studio/7.0/toolchain/arm/arm-gnu-toolchain/bin/../lib/gcc/arm-none-eabi/4.9.3/../../../../arm-none-eabi/lib/armv6-m\libc_nano.a(lib_a-wsetup.o)
                                                  c:/program files (x86)/atmel/studio/7.0/toolchain/arm/arm-gnu-toolchain/bin/../lib/gcc/arm-none-eabi/4.9.3/../../../../arm-none-eabi/lib/armv6-m\libc_nano.a(lib_a-wbuf.o)
                                                  c:/program files (x86)/atmel/studio/7.0/toolchain/arm/arm-gnu-toolchain/bin/../lib/gcc/arm-none-eabi/4.9.3/../../../../arm-none-eabi/lib/armv6-m\libc_nano.a(lib_a-nano-vfprintf.o)
                                                  c:/program files (x86)/atmel/studio/7.0/toolchain/arm/arm-gnu-toolchain/bin/../lib/gcc/arm-none-eabi/4.9.3/../../../../arm-none-eabi/lib/armv6-m\libc_nano.a(lib_a-impure.o)
__sf_fake_stdin                                   c:/program files (x86)/atmel/studio/7.0/toolchain/arm/arm-gnu-toolchain/bin/../lib/gcc/arm-none-eabi/4.9.3/../../../../arm-none-eabi/lib/armv6-m\libc_nano.a(lib_a-findfp.o)
                                                  c:/program files (x86)/atmel/studio/7.0/toolchain/arm/arm-gnu-toolchain/bin/../lib/gcc/arm-none-eabi/4.9.3/../../../../arm-none-eabi/lib/armv6-m\libc_nano.a(lib_a-fflush.o)
                                                  c:/program files (x86)/atmel/studio/7.0/toolchain/arm/arm-gnu-toolchain/bin/../lib/gcc/arm-none-eabi/4.9.3/../../../../arm-none-eabi/lib/armv6-m\libc_nano.a(lib_a-wsetup.o)
                                                  c:/program files (x86)/atmel/studio/7.0/toolchain/arm/arm-gnu-toolchain/bin/../lib/gcc/arm-none-eabi/4.9.3/../../../../arm-none-eabi/lib/armv6-m\libc_nano.a(lib_a-wbuf.o)
                                                  c:/program files (x86)/atmel/studio/7.0/toolchain/arm/arm-gnu-toolchain/bin/../lib/gcc/arm-none-eabi/4.9.3/../../../../arm-none-eabi/lib/armv6-m\libc_nano.a(lib_a-nano-vfprintf.o)
                                                  c:/program files (x86)/atmel/studio/7.0/toolchain/arm/arm-gnu-toolchain/bin/../lib/gcc/arm-none-eabi/4.9.3/../../../../arm-none-eabi/lib/armv6-m\libc_nano.a(lib_a-impure.o)
__sf_fake_stdout                                  c:/program files (x86)/atmel/studio/7.0/toolchain/arm/arm-gnu-toolchain/bin/../lib/gcc/arm-none-eabi/4.9.3/../../../../arm-none-eabi/lib/armv6-m\libc_nano.a(lib_a-findfp.o)
                                                  c:/program files (x86)/atmel/studio/7.0/toolchain/arm/arm-gnu-toolchain/bin/../lib/gcc/arm-none-eabi/4.9.3/../../../../arm-none-eabi/lib/armv6-m\libc_nano.a(lib_a-fflush.o)
                                                  c:/program files (x86)/atmel/studio/7.0/toolchain/arm/arm-gnu-toolchain/bin/../lib/gcc/arm-none-eabi/4.9.3/../../../../arm-none-eabi/lib/armv6-m\libc_nano.a(lib_a-wsetup.o)
                                                  c:/program files (x86)/atmel/studio/7.0/toolchain/arm/arm-gnu-toolchain/bin/../lib/gcc/arm-none-eabi/4.9.3/../../../../arm-none-eabi/lib/armv6-m\libc_nano.a(lib_a-wbuf.o)
                                                  c:/program files (x86)/atmel/studio/7.0/toolchain/arm/arm-gnu-toolchain/bin/../lib/gcc/arm-none-eabi/4.9.3/../../../../arm-none-eabi/lib/armv6-m\libc_nano.a(lib_a-nano-vfprintf.o)
                                                  c:/program files (x86)/atmel/studio/7.0/toolchain/arm/arm-gnu-toolchain/bin/../lib/gcc/arm-none-eabi/4.9.3/../../../../arm-none-eabi/lib/armv6-m\libc_nano.a(lib_a-impure.o)
__sflush_r                                        c:/program files (x86)/atmel/studio/7.0/toolchain/arm/arm-gnu-toolchain/bin/../lib/gcc/arm-none-eabi/4.9.3/../../../../arm-none-eabi/lib/armv6-m\libc_nano.a(lib_a-fflush.o)
__sfmoreglue                                      c:/program files (x86)/atmel/studio/7.0/toolchain/arm/arm-gnu-toolchain/bin/../lib/gcc/arm-none-eabi/4.9.3/../../../../arm-none-eabi/lib/armv6-m\libc_nano.a(lib_a-findfp.o)
__sfp                                             c:/program files (x86)/atmel/studio/7.0/toolchain/arm/arm-gnu-toolchain/bin/../lib/gcc/arm-none-eabi/4.9.3/../../../../arm-none-eabi/lib/armv6-m\libc_nano.a(lib_a-findfp.o)
__sfp_lock_acquire                                c:/program files (x86)/atmel/studio/7.0/toolchain/arm/arm-gnu-toolchain/bin/../lib/gcc/arm-none-eabi/4.9.3/../../../../arm-none-eabi/lib/armv6-m\libc_nano.a(lib_a-findfp.o)
__sfp_lock_release                                c:/program files (x86)/atmel/studio/7.0/toolchain/arm/arm-gnu-toolchain/bin/../lib/gcc/arm-none-eabi/4.9.3/../../../../arm-none-eabi/lib/armv6-m\libc_nano.a(lib_a-findfp.o)
__sfputs_r                                        c:/program files (x86)/atmel/studio/7.0/toolchain/arm/arm-gnu-toolchain/bin/../lib/gcc/arm-none-eabi/4.9.3/../../../../arm-none-eabi/lib/armv6-m\libc_nano.a(lib_a-nano-vfprintf.o)
__sfvwrite_r                                      c:/program files (x86)/atmel/studio/7.0/toolchain/arm/arm-gnu-toolchain/bin/../lib/gcc/arm-none-eabi/4.9.3/../../../../arm-none-eabi/lib/armv6-m\libc_nano.a(lib_a-fvwrite.o)
                                                  c:/program files (x86)/atmel/studio/7.0/toolchain/arm/arm-gnu-toolchain/bin/../lib/gcc/arm-none-eabi/4.9.3/../../../../arm-none-eabi/lib/armv6-m\libc_nano.a(lib_a-nano-vfprintf.o)
__sinit                                           c:/program files (x86)/atmel/studio/7.0/toolchain/arm/arm-gnu-toolchain/bin/../lib/gcc/arm-none-eabi/4.9.3/../../../../arm-none-eabi/lib/armv6-m\libc_nano.a(lib_a-findfp.o)
                                                  c:/program files (x86)/atmel/studio/7.0/toolchain/arm/arm-gnu-toolchain/bin/../lib/gcc/arm-none-eabi/4.9.3/../../../../arm-none-eabi/lib/armv6-m\libc_nano.a(lib_a-fflush.o)
                                                  c:/program files (x86)/atmel/studio/7.0/toolchain/arm/arm-gnu-toolchain/bin/../lib/gcc/arm-none-eabi/4.9.3/../../../../arm-none-eabi/lib/armv6-m\libc_nano.a(lib_a-wsetup.o)
                                                  c:/program files (x86)/atmel/studio/7.0/toolchain/arm/arm-gnu-toolchain/bin/../lib/gcc/arm-none-eabi/4.9.3/../../../../arm-none-eabi/lib/armv6-m\libc_nano.a(lib_a-wbuf.o)
                                                  c:/program files (x86)/atmel/studio/7.0/toolchain/arm/arm-gnu-toolchain/bin/../lib/gcc/arm-none-eabi/4.9.3/../../../../arm-none-eabi/lib/armv6-m\libc_nano.a(lib_a-nano-vfprintf.o)
                                                  c:/program files (x86)/atmel/studio/7.0/toolchain/arm/arm-gnu-toolchain/bin/../lib/gcc/arm-none-eabi/4.9.3/../../../../arm-none-eabi/lib/armv6-m\libc_nano.a(lib_a-printf.o)
__sinit_lock_acquire                              c:/program files (x86)/atmel/studio/7.0/toolchain/arm/arm-gnu-toolchain/bin/../lib/gcc/arm-none-eabi/4.9.3/../../../../arm-none-eabi/lib/armv6-m\libc_nano.a(lib_a-findfp.o)
__sinit_lock_release                              c:/program files (x86)/atmel/studio/7.0/toolchain/arm/arm-gnu-toolchain/bin/../lib/gcc/arm-none-eabi/4.9.3/../../../../arm-none-eabi/lib/armv6-m\libc_nano.a(lib_a-findfp.o)
__smakebuf_r                                      c:/program files (x86)/atmel/studio/7.0/toolchain/arm/arm-gnu-toolchain/bin/../lib/gcc/arm-none-eabi/4.9.3/../../../../arm-none-eabi/lib/armv6-m\libc_nano.a(lib_a-makebuf.o)
                                                  c:/program files (x86)/atmel/studio/7.0/toolchain/arm/arm-gnu-toolchain/bin/../lib/gcc/arm-none-eabi/4.9.3/../../../../arm-none-eabi/lib/armv6-m\libc_nano.a(lib_a-wsetup.o)
__sprint_r                                        c:/program files (x86)/atmel/studio/7.0/toolchain/arm/arm-gnu-toolchain/bin/../lib/gcc/arm-none-eabi/4.9.3/../../../../arm-none-eabi/lib/armv6-m\libc_nano.a(lib_a-nano-vfprintf.o)
__sread                                           c:/program files (x86)/atmel/studio/7.0/toolchain/arm/arm-gnu-toolchain/bin/../lib/gcc/arm-none-eabi/4.9.3/../../../../arm-none-eabi/lib/armv6-m\libc_nano.a(lib_a-stdio.o)
                                                  c:/program files (x86)/atmel/studio/7.0/toolchain/arm/arm-gnu-toolchain/bin/../lib/gcc/arm-none-eabi/4.9.3/../../../../arm-none-eabi/lib/armv6-m\libc_nano.a(lib_a-findfp.o)
__sseek                                           c:/program files (x86)/atmel/studio/7.0/toolchain/arm/arm-gnu-toolchain/bin/../lib/gcc/arm-none-eabi/4.9.3/../../../../arm-none-eabi/lib/armv6-m\libc_nano.a(lib_a-stdio.o)
                                                  c:/program files (x86)/atmel/studio/7.0/toolchain/arm/arm-gnu-toolchain/bin/../lib/gcc/arm-none-eabi/4.9.3/../../../../arm-none-eabi/lib/armv6-m\libc_nano.a(lib_a-findfp.o)
__stack                                           c:/program files (x86)/atmel/studio/7.0/toolchain/arm/arm-gnu-toolchain/bin/../lib/gcc/arm-none-eabi/4.9.3/../../../../arm-none-eabi/lib/armv6-m/crt0.o
__swbuf                                           c:/program files (x86)/atmel/studio/7.0/toolchain/arm/arm-gnu-toolchain/bin/../lib/gcc/arm-none-eabi/4.9.3/../../../../arm-none-eabi/lib/armv6-m\libc_nano.a(lib_a-wbuf.o)
__swbuf_r                                         c:/program files (x86)/atmel/studio/7.0/toolchain/arm/arm-gnu-toolchain/bin/../lib/gcc/arm-none-eabi/4.9.3/../../../../arm-none-eabi/lib/armv6-m\libc_nano.a(lib_a-wbuf.o)
                                                  c:/program files (x86)/atmel/studio/7.0/toolchain/arm/arm-gnu-toolchain/bin/../lib/gcc/arm-none-eabi/4.9.3/../../../../arm-none-eabi/lib/armv6-m\libc_nano.a(lib_a-nano-vfprintf.o)
__swrite                                          c:/program files (x86)/atmel/studio/7.0/toolchain/arm/arm-gnu-toolchain/bin/../lib/gcc/arm-none-eabi/4.9.3/../../../../arm-none-eabi/lib/armv6-m\libc_nano.a(lib_a-stdio.o)
                                                  c:/program files (x86)/atmel/studio/7.0/toolchain/arm/arm-gnu-toolchain/bin/../lib/gcc/arm-none-eabi/4.9.3/../../../../arm-none-eabi/lib/armv6-m\libc_nano.a(lib_a-findfp.o)
__swsetup_r                                       c:/program files (x86)/atmel/studio/7.0/toolchain/arm/arm-gnu-toolchain/bin/../lib/gcc/arm-none-eabi/4.9.3/../../../../arm-none-eabi/lib/armv6-m\libc_nano.a(lib_a-wsetup.o)
                                                  c:/program files (x86)/atmel/studio/7.0/toolchain/arm/arm-gnu-toolchain/bin/../lib/gcc/arm-none-eabi/4.9.3/../../../../arm-none-eabi/lib/armv6-m\libc_nano.a(lib_a-fvwrite.o)
                                                  c:/program files (x86)/atmel/studio/7.0/toolchain/arm/arm-gnu-toolchain/bin/../lib/gcc/arm-none-eabi/4.9.3/../../../../arm-none-eabi/lib/armv6-m\libc_nano.a(lib_a-wbuf.o)
                                                  c:/program files (x86)/atmel/studio/7.0/toolchain/arm/arm-gnu-toolchain/bin/../lib/gcc/arm-none-eabi/4.9.3/../../../../arm-none-eabi/lib/armv6-m\libc_nano.a(lib_a-nano-vfprintf.o)
__udivsi3                                         c:/program files (x86)/atmel/studio/7.0/toolchain/arm/arm-gnu-toolchain/bin/../lib/gcc/arm-none-eabi/4.9.3/armv6-m\libgcc.a(_udivsi3.o)
_cleanup                                          c:/program files (x86)/atmel/studio/7.0/toolchain/arm/arm-gnu-toolchain/bin/../lib/gcc/arm-none-eabi/4.9.3/../../../../arm-none-eabi/lib/armv6-m\libc_nano.a(lib_a-findfp.o)
_cleanup_r                                        c:/program files (x86)/atmel/studio/7.0/toolchain/arm/arm-gnu-toolchain/bin/../lib/gcc/arm-none-eabi/4.9.3/../../../../arm-none-eabi/lib/armv6-m\libc_nano.a(lib_a-findfp.o)
                                                  c:/program files (x86)/atmel/studio/7.0/toolchain/arm/arm-gnu-toolchain/bin/../lib/gcc/arm-none-eabi/4.9.3/../../../../arm-none-eabi/lib/armv6-m\libc_nano.a(lib_a-makebuf.o)
_close                                            src/ASF/sam0/utils/syscalls/gcc/syscalls.o
                                                  c:/program files (x86)/atmel/studio/7.0/toolchain/arm/arm-gnu-toolchain/bin/../lib/gcc/arm-none-eabi/4.9.3/../../../../arm-none-eabi/lib/armv6-m\libc_nano.a(lib_a-closer.o)
_close_r                                          c:/program files (x86)/atmel/studio/7.0/toolchain/arm/arm-gnu-toolchain/bin/../lib/gcc/arm-none-eabi/4.9.3/../../../../arm-none-eabi/lib/armv6-m\libc_nano.a(lib_a-closer.o)
                                                  c:/program files (x86)/atmel/studio/7.0/toolchain/arm/arm-gnu-toolchain/bin/../lib/gcc/arm-none-eabi/4.9.3/../../../../arm-none-eabi/lib/armv6-m\libc_nano.a(lib_a-stdio.o)
_end                                              src/ASF/sam0/utils/syscalls/gcc/syscalls.o
_erelocate                                        src/ASF/sam0/utils/cmsis/samd20/source/gcc/startup_samd20.o
_estack                                           src/ASF/sam0/utils/cmsis/samd20/source/gcc/startup_samd20.o
_etext                                            src/ASF/sam0/utils/cmsis/samd20/source/gcc/startup_samd20.o
_exit                                             src/ASF/sam0/utils/syscalls/gcc/syscalls.o
                                                  c:/program files (x86)/atmel/studio/7.0/toolchain/arm/arm-gnu-toolchain/bin/../lib/gcc/arm-none-eabi/4.9.3/../../../../arm-none-eabi/lib/armv6-m\libc_nano.a(lib_a-exit.o)
_ezero                                            src/ASF/sam0/utils/cmsis/samd20/source/gcc/startup_samd20.o
_fflush_r                                         c:/program files (x86)/atmel/studio/7.0/toolchain/arm/arm-gnu-toolchain/bin/../lib/gcc/arm-none-eabi/4.9.3/../../../../arm-none-eabi/lib/armv6-m\libc_nano.a(lib_a-fflush.o)
                                                  c:/program files (x86)/atmel/studio/7.0/toolchain/arm/arm-gnu-toolchain/bin/../lib/gcc/arm-none-eabi/4.9.3/../../../../arm-none-eabi/lib/armv6-m\libc_nano.a(lib_a-fvwrite.o)
                                                  c:/program files (x86)/atmel/studio/7.0/toolchain/arm/arm-gnu-toolchain/bin/../lib/gcc/arm-none-eabi/4.9.3/../../../../arm-none-eabi/lib/armv6-m\libc_nano.a(lib_a-wbuf.o)
                                                  c:/program files (x86)/atmel/studio/7.0/toolchain/arm/arm-gnu-toolchain/bin/../lib/gcc/arm-none-eabi/4.9.3/../../../../arm-none-eabi/lib/armv6-m\libc_nano.a(lib_a-findfp.o)
_fini                                             c:/program files (x86)/atmel/studio/7.0/toolchain/arm/arm-gnu-toolchain/bin/../lib/gcc/arm-none-eabi/4.9.3/armv6-m/crti.o
_free_r                                           c:/program files (x86)/atmel/studio/7.0/toolchain/arm/arm-gnu-toolchain/bin/../lib/gcc/arm-none-eabi/4.9.3/../../../../arm-none-eabi/lib/armv6-m\libc_nano.a(lib_a-nano-freer.o)
                                                  c:/program files (x86)/atmel/studio/7.0/toolchain/arm/arm-gnu-toolchain/bin/../lib/gcc/arm-none-eabi/4.9.3/../../../../arm-none-eabi/lib/armv6-m\libc_nano.a(lib_a-reent.o)
                                                  c:/program files (x86)/atmel/studio/7.0/toolchain/arm/arm-gnu-toolchain/bin/../lib/gcc/arm-none-eabi/4.9.3/../../../../arm-none-eabi/lib/armv6-m\libc_nano.a(lib_a-nano-reallocr.o)
                                                  c:/program files (x86)/atmel/studio/7.0/toolchain/arm/arm-gnu-toolchain/bin/../lib/gcc/arm-none-eabi/4.9.3/../../../../arm-none-eabi/lib/armv6-m\libc_nano.a(lib_a-fvwrite.o)
                                                  c:/program files (x86)/atmel/studio/7.0/toolchain/arm/arm-gnu-toolchain/bin/../lib/gcc/arm-none-eabi/4.9.3/../../../../arm-none-eabi/lib/armv6-m\libc_nano.a(lib_a-fflush.o)
                                                  c:/program files (x86)/atmel/studio/7.0/toolchain/arm/arm-gnu-toolchain/bin/../lib/gcc/arm-none-eabi/4.9.3/../../../../arm-none-eabi/lib/armv6-m\libc_nano.a(lib_a-wsetup.o)
_fstat                                            src/ASF/sam0/utils/syscalls/gcc/syscalls.o
                                                  c:/program files (x86)/atmel/studio/7.0/toolchain/arm/arm-gnu-toolchain/bin/../lib/gcc/arm-none-eabi/4.9.3/../../../../arm-none-eabi/lib/armv6-m\libc_nano.a(lib_a-fstatr.o)
_fstat_r                                          c:/program files (x86)/atmel/studio/7.0/toolchain/arm/arm-gnu-toolchain/bin/../lib/gcc/arm-none-eabi/4.9.3/../../../../arm-none-eabi/lib/armv6-m\libc_nano.a(lib_a-fstatr.o)
                                                  c:/program files (x86)/atmel/studio/7.0/toolchain/arm/arm-gnu-toolchain/bin/../lib/gcc/arm-none-eabi/4.9.3/../../../../arm-none-eabi/lib/armv6-m\libc_nano.a(lib_a-makebuf.o)
_fwalk                                            c:/program files (x86)/atmel/studio/7.0/toolchain/arm/arm-gnu-toolchain/bin/../lib/gcc/arm-none-eabi/4.9.3/../../../../arm-none-eabi/lib/armv6-m\libc_nano.a(lib_a-fwalk.o)
                                                  c:/program files (x86)/atmel/studio/7.0/toolchain/arm/arm-gnu-toolchain/bin/../lib/gcc/arm-none-eabi/4.9.3/../../../../arm-none-eabi/lib/armv6-m\libc_nano.a(lib_a-findfp.o)
_fwalk_reent                                      c:/program files (x86)/atmel/studio/7.0/toolchain/arm/arm-gnu-toolchain/bin/../lib/gcc/arm-none-eabi/4.9.3/../../../../arm-none-eabi/lib/armv6-m\libc_nano.a(lib_a-fwalk.o)
                                                  c:/program files (x86)/atmel/studio/7.0/toolchain/arm/arm-gnu-toolchain/bin/../lib/gcc/arm-none-eabi/4.9.3/../../../../arm-none-eabi/lib/armv6-m\libc_nano.a(lib_a-fflush.o)
                                                  c:/program files (x86)/atmel/studio/7.0/toolchain/arm/arm-gnu-toolchain/bin/../lib/gcc/arm-none-eabi/4.9.3/../../../../arm-none-eabi/lib/armv6-m\libc_nano.a(lib_a-findfp.o)
_getpid                                           src/ASF/sam0/utils/syscalls/gcc/syscalls.o
_global_impure_ptr                                c:/program files (x86)/atmel/studio/7.0/toolchain/arm/arm-gnu-toolchain/bin/../lib/gcc/arm-none-eabi/4.9.3/../../../../arm-none-eabi/lib/armv6-m\libc_nano.a(lib_a-impure.o)
                                                  c:/program files (x86)/atmel/studio/7.0/toolchain/arm/arm-gnu-toolchain/bin/../lib/gcc/arm-none-eabi/4.9.3/../../../../arm-none-eabi/lib/armv6-m\libc_nano.a(lib_a-fflush.o)
                                                  c:/program files (x86)/atmel/studio/7.0/toolchain/arm/arm-gnu-toolchain/bin/../lib/gcc/arm-none-eabi/4.9.3/../../../../arm-none-eabi/lib/armv6-m\libc_nano.a(lib_a-findfp.o)
                                                  c:/program files (x86)/atmel/studio/7.0/toolchain/arm/arm-gnu-toolchain/bin/../lib/gcc/arm-none-eabi/4.9.3/../../../../arm-none-eabi/lib/armv6-m\libc_nano.a(lib_a-exit.o)
_impure_ptr                                       c:/program files (x86)/atmel/studio/7.0/toolchain/arm/arm-gnu-toolchain/bin/../lib/gcc/arm-none-eabi/4.9.3/../../../../arm-none-eabi/lib/armv6-m\libc_nano.a(lib_a-impure.o)
                                                  c:/program files (x86)/atmel/studio/7.0/toolchain/arm/arm-gnu-toolchain/bin/../lib/gcc/arm-none-eabi/4.9.3/../../../../arm-none-eabi/lib/armv6-m\libc_nano.a(lib_a-reent.o)
                                                  c:/program files (x86)/atmel/studio/7.0/toolchain/arm/arm-gnu-toolchain/bin/../lib/gcc/arm-none-eabi/4.9.3/../../../../arm-none-eabi/lib/armv6-m\libc_nano.a(lib_a-fflush.o)
                                                  c:/program files (x86)/atmel/studio/7.0/toolchain/arm/arm-gnu-toolchain/bin/../lib/gcc/arm-none-eabi/4.9.3/../../../../arm-none-eabi/lib/armv6-m\libc_nano.a(lib_a-wsetup.o)
                                                  c:/program files (x86)/atmel/studio/7.0/toolchain/arm/arm-gnu-toolchain/bin/../lib/gcc/arm-none-eabi/4.9.3/../../../../arm-none-eabi/lib/armv6-m\libc_nano.a(lib_a-wbuf.o)
                                                  c:/program files (x86)/atmel/studio/7.0/toolchain/arm/arm-gnu-toolchain/bin/../lib/gcc/arm-none-eabi/4.9.3/../../../../arm-none-eabi/lib/armv6-m\libc_nano.a(lib_a-nano-vfprintf.o)
                                                  c:/program files (x86)/atmel/studio/7.0/toolchain/arm/arm-gnu-toolchain/bin/../lib/gcc/arm-none-eabi/4.9.3/../../../../arm-none-eabi/lib/armv6-m\libc_nano.a(lib_a-findfp.o)
                                                  c:/program files (x86)/atmel/studio/7.0/toolchain/arm/arm-gnu-toolchain/bin/../lib/gcc/arm-none-eabi/4.9.3/../../../../arm-none-eabi/lib/armv6-m\libc_nano.a(lib_a-printf.o)
_init                                             c:/program files (x86)/atmel/studio/7.0/toolchain/arm/arm-gnu-toolchain/bin/../lib/gcc/arm-none-eabi/4.9.3/armv6-m/crti.o
                                                  c:/program files (x86)/atmel/studio/7.0/toolchain/arm/arm-gnu-toolchain/bin/../lib/gcc/arm-none-eabi/4.9.3/../../../../arm-none-eabi/lib/armv6-m\libc_nano.a(lib_a-init.o)
_iprintf_r                                        c:/program files (x86)/atmel/studio/7.0/toolchain/arm/arm-gnu-toolchain/bin/../lib/gcc/arm-none-eabi/4.9.3/../../../../arm-none-eabi/lib/armv6-m\libc_nano.a(lib_a-printf.o)
_isatty                                           src/ASF/sam0/utils/syscalls/gcc/syscalls.o
                                                  c:/program files (x86)/atmel/studio/7.0/toolchain/arm/arm-gnu-toolchain/bin/../lib/gcc/arm-none-eabi/4.9.3/../../../../arm-none-eabi/lib/armv6-m\libc_nano.a(lib_a-isattyr.o)
_isatty_r                                         c:/program files (x86)/atmel/studio/7.0/toolchain/arm/arm-gnu-toolchain/bin/../lib/gcc/arm-none-eabi/4.9.3/../../../../arm-none-eabi/lib/armv6-m\libc_nano.a(lib_a-isattyr.o)
                                                  c:/program files (x86)/atmel/studio/7.0/toolchain/arm/arm-gnu-toolchain/bin/../lib/gcc/arm-none-eabi/4.9.3/../../../../arm-none-eabi/lib/armv6-m\libc_nano.a(lib_a-makebuf.o)
_kill                                             src/ASF/sam0/utils/syscalls/gcc/syscalls.o